#
# There is insufficient memory for the Java Runtime Environment to continue.
# Native memory allocation (malloc) failed to allocate 975056 bytes for Chunk::new
# Possible reasons:
#   The system is out of physical RAM or swap space
#   The process is running with CompressedOops enabled, and the Java Heap may be blocking the growth of the native heap
# Possible solutions:
#   Reduce memory load on the system
#   Increase physical memory or swap space
#   Check if swap backing store is full
#   Decrease Java heap size (-Xmx/-Xms)
#   Decrease number of Java threads
#   Decrease Java thread stack sizes (-Xss)
#   Set larger code cache with -XX:ReservedCodeCacheSize=
#   JVM is running with Unscaled Compressed Oops mode in which the Java heap is
#     placed in the first 4GB address space. The Java Heap base address is the
#     maximum limit for the native heap growth. Please use -XX:HeapBaseMinAddress
#     to set the Java Heap base and to place the Java Heap above 4GB virtual address.
# This output file may be truncated or incomplete.
#
#  Out of Memory Error (arena.cpp:168), pid=27088, tid=27012
#
# JRE version: Java(TM) SE Runtime Environment (21.0.9+7) (build 21.0.9+7-LTS-338)
# Java VM: Java HotSpot(TM) 64-Bit Server VM (21.0.9+7-LTS-338, mixed mode, sharing, tiered, compressed oops, compressed class ptrs, g1 gc, windows-amd64)
# No core dump will be written. Minidumps are not enabled by default on client versions of Windows
#

---------------  S U M M A R Y ------------

Command Line: -Dfile.encoding=UTF-8 --module-path=C:\libraries\javafx-sdk-21.0.11\lib --add-modules=javafx.controls,javafx.fxml cc.cmartin.system.Main

Host: 11th Gen Intel(R) Core(TM) i5-1135G7 @ 2.40GHz, 8 cores, 7G,  Windows 11 , 64 bit Build 26100 (10.0.26100.9444)
Time: Sat Oct  3 21:29:57 2026 Hora estándar, América Central elapsed time: 479.514227 seconds (0d 0h 7m 59s)

---------------  T H R E A D  ---------------

Current thread (0x000002181bd78070):  JavaThread "C2 CompilerThread0" daemon [_thread_in_native, id=27012, stack(0x0000009de0000000,0x0000009de0100000) (1024K)]


Current CompileTask:
C2: 479514 6299   !   4       com.sun.javafx.tk.quantum.PresentingPainter::run (680 bytes)

Stack: [0x0000009de0000000,0x0000009de0100000]
Native frames: (J=compiled Java code, j=interpreted, Vv=VM code, C=native code)
V  [jvm.dll+0x6cbf89]
V  [jvm.dll+0x858421]
V  [jvm.dll+0x85a94e]
V  [jvm.dll+0x85b023]
V  [jvm.dll+0x27ebc6]
V  [jvm.dll+0xc4f4d]
V  [jvm.dll+0xc5483]
V  [jvm.dll+0x3b69c2]
V  [jvm.dll+0x382925]
V  [jvm.dll+0x381d9a]
V  [jvm.dll+0x247640]
V  [jvm.dll+0x246c1f]
V  [jvm.dll+0x1c7a3e]
V  [jvm.dll+0x256329]
V  [jvm.dll+0x2548ba]
V  [jvm.dll+0x3efdee]
V  [jvm.dll+0x80265b]
V  [jvm.dll+0x6ca66d]
C  [ucrtbase.dll+0x2cd30]
C  [KERNEL32.DLL+0x2cd87]
C  [ntdll.dll+0xacaec]


---------------  P R O C E S S  ---------------

Threads class SMR info:
_java_thread_list=0x00000218671fc950, length=18, elements={
0x000002187d21e6c0, 0x000002181bd6a0c0, 0x000002181bd6ac10, 0x000002181bd6fb00,
0x000002181bd708b0, 0x000002181bd748f0, 0x0000021861008490, 0x000002181bd78070,
0x000002181bd7e240, 0x000002181bd3c280, 0x00000218612c32a0, 0x000002186151e3d0,
0x000002186167bc10, 0x000002186166c700, 0x00000218619bf600, 0x0000021861a1c610,
0x0000021866f28a10, 0x000002186715b3a0
}

Java Threads: ( => current thread )
  0x000002187d21e6c0 JavaThread "main"                              [_thread_blocked, id=26056, stack(0x0000009ddf200000,0x0000009ddf300000) (1024K)]
  0x000002181bd6a0c0 JavaThread "Reference Handler"          daemon [_thread_blocked, id=28000, stack(0x0000009ddfa00000,0x0000009ddfb00000) (1024K)]
  0x000002181bd6ac10 JavaThread "Finalizer"                  daemon [_thread_blocked, id=21424, stack(0x0000009ddfb00000,0x0000009ddfc00000) (1024K)]
  0x000002181bd6fb00 JavaThread "Signal Dispatcher"          daemon [_thread_blocked, id=18076, stack(0x0000009ddfc00000,0x0000009ddfd00000) (1024K)]
  0x000002181bd708b0 JavaThread "Attach Listener"            daemon [_thread_blocked, id=14636, stack(0x0000009ddfd00000,0x0000009ddfe00000) (1024K)]
  0x000002181bd748f0 JavaThread "Service Thread"             daemon [_thread_blocked, id=1728, stack(0x0000009ddfe00000,0x0000009ddff00000) (1024K)]
  0x0000021861008490 JavaThread "Monitor Deflation Thread"   daemon [_thread_blocked, id=28144, stack(0x0000009ddff00000,0x0000009de0000000) (1024K)]
=>0x000002181bd78070 JavaThread "C2 CompilerThread0"         daemon [_thread_in_native, id=27012, stack(0x0000009de0000000,0x0000009de0100000) (1024K)]
  0x000002181bd7e240 JavaThread "C1 CompilerThread0"         daemon [_thread_blocked, id=24732, stack(0x0000009de0100000,0x0000009de0200000) (1024K)]
  0x000002181bd3c280 JavaThread "Common-Cleaner"             daemon [_thread_blocked, id=19604, stack(0x0000009de0200000,0x0000009de0300000) (1024K)]
  0x00000218612c32a0 JavaThread "Notification Thread"        daemon [_thread_blocked, id=7824, stack(0x0000009de0300000,0x0000009de0400000) (1024K)]
  0x000002186151e3d0 JavaThread "QuantumRenderer-0"          daemon [_thread_blocked, id=25636, stack(0x0000009de0400000,0x0000009de0500000) (1024K)]
  0x000002186167bc10 JavaThread "InvokeLaterDispatcher"      daemon [_thread_blocked, id=19052, stack(0x0000009de0500000,0x0000009de0600000) (1024K)]
  0x000002186166c700 JavaThread "JavaFX Application Thread"         [_thread_in_native, id=25632, stack(0x0000009de0600000,0x0000009de0700000) (1024K)]
  0x00000218619bf600 JavaThread "JavaFX-Launcher"                   [_thread_blocked, id=16732, stack(0x0000009de0b00000,0x0000009de0c00000) (1024K)]
  0x0000021861a1c610 JavaThread "Thread-2"                   daemon [_thread_in_native, id=12936, stack(0x0000009de0a00000,0x0000009de0b00000) (1024K)]
  0x0000021866f28a10 JavaThread "Prism Font Disposer"        daemon [_thread_blocked, id=18016, stack(0x0000009de1400000,0x0000009de1500000) (1024K)]
  0x000002186715b3a0 JavaThread "Cleaner-0"                  daemon [_thread_blocked, id=16756, stack(0x0000009de1700000,0x0000009de1800000) (1024K)]
Total: 18

Other Threads:
  0x000002181bd4b750 VMThread "VM Thread"                           [id=14276, stack(0x0000009ddf900000,0x0000009ddfa00000) (1024K)]
  0x000002181bd3b0e0 WatcherThread "VM Periodic Task Thread"        [id=26176, stack(0x0000009ddf800000,0x0000009ddf900000) (1024K)]
  0x000002187f428fb0 WorkerThread "GC Thread#0"                     [id=12736, stack(0x0000009ddf300000,0x0000009ddf400000) (1024K)]
  0x00000218619bd190 WorkerThread "GC Thread#1"                     [id=22148, stack(0x0000009de0c00000,0x0000009de0d00000) (1024K)]
  0x00000218619bcde0 WorkerThread "GC Thread#2"                     [id=14140, stack(0x0000009de0d00000,0x0000009de0e00000) (1024K)]
  0x00000218619bdca0 WorkerThread "GC Thread#3"                     [id=28368, stack(0x0000009de0e00000,0x0000009de0f00000) (1024K)]
  0x00000218619be050 WorkerThread "GC Thread#4"                     [id=18536, stack(0x0000009de0f00000,0x0000009de1000000) (1024K)]
  0x00000218619bd540 WorkerThread "GC Thread#5"                     [id=25012, stack(0x0000009de1000000,0x0000009de1100000) (1024K)]
  0x00000218619be7b0 WorkerThread "GC Thread#6"                     [id=17624, stack(0x0000009de1500000,0x0000009de1600000) (1024K)]
  0x00000218619be400 WorkerThread "GC Thread#7"                     [id=23272, stack(0x0000009de1600000,0x0000009de1700000) (1024K)]
  0x000002187f4397a0 ConcurrentGCThread "G1 Main Marker"            [id=10352, stack(0x0000009ddf400000,0x0000009ddf500000) (1024K)]
  0x000002187f43bed0 WorkerThread "G1 Conc#0"                       [id=14644, stack(0x0000009ddf500000,0x0000009ddf600000) (1024K)]
  0x000002187f49eb50 ConcurrentGCThread "G1 Refine#0"               [id=15644, stack(0x0000009ddf600000,0x0000009ddf700000) (1024K)]
  0x000002181bc0c6a0 ConcurrentGCThread "G1 Service"                [id=17628, stack(0x0000009ddf700000,0x0000009ddf800000) (1024K)]
Total: 14

Threads with active compile tasks:
C2 CompilerThread0   479703 6299   !   4       com.sun.javafx.tk.quantum.PresentingPainter::run (680 bytes)
Total: 1

VM state: not at safepoint (normal execution)

VM Mutex/Monitor currently owned by a thread: None

Heap address: 0x0000000084000000, size: 1984 MB, Compressed Oops mode: 32-bit

CDS archive(s) mapped at: [0x000002181c000000-0x000002181cc90000-0x000002181cc90000), size 13172736, SharedBaseAddress: 0x000002181c000000, ArchiveRelocationMode: 1.
Compressed class space mapped at: 0x000002181d000000-0x000002185d000000, reserved size: 1073741824
Narrow klass base: 0x000002181c000000, Narrow klass shift: 0, Narrow klass range: 0x100000000

GC Precious Log:
 CardTable entry size: 512
 Card Set container configuration: InlinePtr #cards 5 size 8 Array Of Cards #cards 12 size 40 Howl #buckets 4 coarsen threshold 1843 Howl Bitmap #cards 512 size 80 coarsen threshold 460 Card regions per heap region 1 cards per card region 2048
 CPUs: 8 total, 8 available
 Memory: 7934M
 Large Page Support: Disabled
 NUMA Support: Disabled
 Compressed Oops: Enabled (32-bit)
 Heap Region Size: 1M
 Heap Min Capacity: 8M
 Heap Initial Capacity: 124M
 Heap Max Capacity: 1984M
 Pre-touch: Disabled
 Parallel Workers: 8
 Concurrent Workers: 2
 Concurrent Refinement Workers: 8
 Periodic GC: Disabled

Heap:
 garbage-first heap   total 126976K, used 39363K [0x0000000084000000, 0x0000000100000000)
  region size 1024K, 27 young (27648K), 2 survivors (2048K)
 Metaspace       used 19263K, committed 19648K, reserved 1114112K
  class space    used 2641K, committed 2816K, reserved 1048576K

Heap Regions: E=young(eden), S=young(survivor), O=old, HS=humongous(starts), HC=humongous(continues), CS=collection set, F=free, TAMS=top-at-mark-start, PB=parsable bottom
|   0|0x0000000084000000, 0x0000000084100000, 0x0000000084100000|100%| O|  |TAMS 0x0000000084000000| PB 0x0000000084000000| Untracked 
|   1|0x0000000084100000, 0x0000000084200000, 0x0000000084200000|100%| O|  |TAMS 0x0000000084100000| PB 0x0000000084100000| Untracked 
|   2|0x0000000084200000, 0x0000000084300000, 0x0000000084300000|100%| O|  |TAMS 0x0000000084200000| PB 0x0000000084200000| Untracked 
|   3|0x0000000084300000, 0x0000000084400000, 0x0000000084400000|100%| O|  |TAMS 0x0000000084300000| PB 0x0000000084300000| Untracked 
|   4|0x0000000084400000, 0x0000000084500000, 0x0000000084500000|100%|HS|  |TAMS 0x0000000084400000| PB 0x0000000084400000| Complete 
|   5|0x0000000084500000, 0x0000000084600000, 0x0000000084600000|100%|HC|  |TAMS 0x0000000084500000| PB 0x0000000084500000| Complete 
|   6|0x0000000084600000, 0x0000000084700000, 0x0000000084700000|100%| O|  |TAMS 0x0000000084600000| PB 0x0000000084600000| Untracked 
|   7|0x0000000084700000, 0x0000000084800000, 0x0000000084800000|100%| O|  |TAMS 0x0000000084700000| PB 0x0000000084700000| Untracked 
|   8|0x0000000084800000, 0x0000000084900000, 0x0000000084900000|100%| O|  |TAMS 0x0000000084800000| PB 0x0000000084800000| Untracked 
|   9|0x0000000084900000, 0x0000000084a00000, 0x0000000084a00000|100%| O|  |TAMS 0x0000000084900000| PB 0x0000000084900000| Untracked 
|  10|0x0000000084a00000, 0x0000000084b00000, 0x0000000084b00000|100%| O|  |TAMS 0x0000000084a00000| PB 0x0000000084a00000| Untracked 
|  11|0x0000000084b00000, 0x0000000084c00000, 0x0000000084c00000|100%| O|  |TAMS 0x0000000084b00000| PB 0x0000000084b00000| Untracked 
|  12|0x0000000084c00000, 0x0000000084d00000, 0x0000000084d00000|100%| O|  |TAMS 0x0000000084c00000| PB 0x0000000084c00000| Untracked 
|  13|0x0000000084d00000, 0x0000000084d69330, 0x0000000084e00000| 41%| O|  |TAMS 0x0000000084d00000| PB 0x0000000084d00000| Untracked 
|  14|0x0000000084e00000, 0x0000000084e00000, 0x0000000084f00000|  0%| F|  |TAMS 0x0000000084e00000| PB 0x0000000084e00000| Untracked 
|  15|0x0000000084f00000, 0x0000000084f00000, 0x0000000085000000|  0%| F|  |TAMS 0x0000000084f00000| PB 0x0000000084f00000| Untracked 
|  16|0x0000000085000000, 0x0000000085000000, 0x0000000085100000|  0%| F|  |TAMS 0x0000000085000000| PB 0x0000000085000000| Untracked 
|  17|0x0000000085100000, 0x0000000085100000, 0x0000000085200000|  0%| F|  |TAMS 0x0000000085100000| PB 0x0000000085100000| Untracked 
|  18|0x0000000085200000, 0x0000000085200000, 0x0000000085300000|  0%| F|  |TAMS 0x0000000085200000| PB 0x0000000085200000| Untracked 
|  19|0x0000000085300000, 0x0000000085300000, 0x0000000085400000|  0%| F|  |TAMS 0x0000000085300000| PB 0x0000000085300000| Untracked 
|  20|0x0000000085400000, 0x0000000085400000, 0x0000000085500000|  0%| F|  |TAMS 0x0000000085400000| PB 0x0000000085400000| Untracked 
|  21|0x0000000085500000, 0x0000000085500000, 0x0000000085600000|  0%| F|  |TAMS 0x0000000085500000| PB 0x0000000085500000| Untracked 
|  22|0x0000000085600000, 0x0000000085600000, 0x0000000085700000|  0%| F|  |TAMS 0x0000000085600000| PB 0x0000000085600000| Untracked 
|  23|0x0000000085700000, 0x0000000085700000, 0x0000000085800000|  0%| F|  |TAMS 0x0000000085700000| PB 0x0000000085700000| Untracked 
|  24|0x0000000085800000, 0x0000000085800000, 0x0000000085900000|  0%| F|  |TAMS 0x0000000085800000| PB 0x0000000085800000| Untracked 
|  25|0x0000000085900000, 0x0000000085900000, 0x0000000085a00000|  0%| F|  |TAMS 0x0000000085900000| PB 0x0000000085900000| Untracked 
|  26|0x0000000085a00000, 0x0000000085a00000, 0x0000000085b00000|  0%| F|  |TAMS 0x0000000085a00000| PB 0x0000000085a00000| Untracked 
|  27|0x0000000085b00000, 0x0000000085b00000, 0x0000000085c00000|  0%| F|  |TAMS 0x0000000085b00000| PB 0x0000000085b00000| Untracked 
|  28|0x0000000085c00000, 0x0000000085c00000, 0x0000000085d00000|  0%| F|  |TAMS 0x0000000085c00000| PB 0x0000000085c00000| Untracked 
|  29|0x0000000085d00000, 0x0000000085d00000, 0x0000000085e00000|  0%| F|  |TAMS 0x0000000085d00000| PB 0x0000000085d00000| Untracked 
|  30|0x0000000085e00000, 0x0000000085e00000, 0x0000000085f00000|  0%| F|  |TAMS 0x0000000085e00000| PB 0x0000000085e00000| Untracked 
|  31|0x0000000085f00000, 0x0000000085f00000, 0x0000000086000000|  0%| F|  |TAMS 0x0000000085f00000| PB 0x0000000085f00000| Untracked 
|  32|0x0000000086000000, 0x0000000086000000, 0x0000000086100000|  0%| F|  |TAMS 0x0000000086000000| PB 0x0000000086000000| Untracked 
|  33|0x0000000086100000, 0x0000000086100000, 0x0000000086200000|  0%| F|  |TAMS 0x0000000086100000| PB 0x0000000086100000| Untracked 
|  34|0x0000000086200000, 0x0000000086200000, 0x0000000086300000|  0%| F|  |TAMS 0x0000000086200000| PB 0x0000000086200000| Untracked 
|  35|0x0000000086300000, 0x0000000086300000, 0x0000000086400000|  0%| F|  |TAMS 0x0000000086300000| PB 0x0000000086300000| Untracked 
|  36|0x0000000086400000, 0x0000000086400000, 0x0000000086500000|  0%| F|  |TAMS 0x0000000086400000| PB 0x0000000086400000| Untracked 
|  37|0x0000000086500000, 0x0000000086500000, 0x0000000086600000|  0%| F|  |TAMS 0x0000000086500000| PB 0x0000000086500000| Untracked 
|  38|0x0000000086600000, 0x0000000086600000, 0x0000000086700000|  0%| F|  |TAMS 0x0000000086600000| PB 0x0000000086600000| Untracked 
|  39|0x0000000086700000, 0x0000000086700000, 0x0000000086800000|  0%| F|  |TAMS 0x0000000086700000| PB 0x0000000086700000| Untracked 
|  40|0x0000000086800000, 0x0000000086800000, 0x0000000086900000|  0%| F|  |TAMS 0x0000000086800000| PB 0x0000000086800000| Untracked 
|  41|0x0000000086900000, 0x0000000086900000, 0x0000000086a00000|  0%| F|  |TAMS 0x0000000086900000| PB 0x0000000086900000| Untracked 
|  42|0x0000000086a00000, 0x0000000086a00000, 0x0000000086b00000|  0%| F|  |TAMS 0x0000000086a00000| PB 0x0000000086a00000| Untracked 
|  43|0x0000000086b00000, 0x0000000086b00000, 0x0000000086c00000|  0%| F|  |TAMS 0x0000000086b00000| PB 0x0000000086b00000| Untracked 
|  44|0x0000000086c00000, 0x0000000086c00000, 0x0000000086d00000|  0%| F|  |TAMS 0x0000000086c00000| PB 0x0000000086c00000| Untracked 
|  45|0x0000000086d00000, 0x0000000086d00000, 0x0000000086e00000|  0%| F|  |TAMS 0x0000000086d00000| PB 0x0000000086d00000| Untracked 
|  46|0x0000000086e00000, 0x0000000086e00000, 0x0000000086f00000|  0%| F|  |TAMS 0x0000000086e00000| PB 0x0000000086e00000| Untracked 
|  47|0x0000000086f00000, 0x0000000086f00000, 0x0000000087000000|  0%| F|  |TAMS 0x0000000086f00000| PB 0x0000000086f00000| Untracked 
|  48|0x0000000087000000, 0x0000000087007ca8, 0x0000000087100000|  3%| S|CS|TAMS 0x0000000087000000| PB 0x0000000087000000| Complete 
|  49|0x0000000087100000, 0x0000000087200000, 0x0000000087200000|100%| S|CS|TAMS 0x0000000087100000| PB 0x0000000087100000| Complete 
|  50|0x0000000087200000, 0x0000000087200000, 0x0000000087300000|  0%| F|  |TAMS 0x0000000087200000| PB 0x0000000087200000| Untracked 
|  51|0x0000000087300000, 0x0000000087300000, 0x0000000087400000|  0%| F|  |TAMS 0x0000000087300000| PB 0x0000000087300000| Untracked 
|  52|0x0000000087400000, 0x0000000087400000, 0x0000000087500000|  0%| F|  |TAMS 0x0000000087400000| PB 0x0000000087400000| Untracked 
|  53|0x0000000087500000, 0x0000000087500000, 0x0000000087600000|  0%| F|  |TAMS 0x0000000087500000| PB 0x0000000087500000| Untracked 
|  54|0x0000000087600000, 0x0000000087600000, 0x0000000087700000|  0%| F|  |TAMS 0x0000000087600000| PB 0x0000000087600000| Untracked 
|  55|0x0000000087700000, 0x0000000087700000, 0x0000000087800000|  0%| F|  |TAMS 0x0000000087700000| PB 0x0000000087700000| Untracked 
|  56|0x0000000087800000, 0x0000000087800000, 0x0000000087900000|  0%| F|  |TAMS 0x0000000087800000| PB 0x0000000087800000| Untracked 
|  57|0x0000000087900000, 0x0000000087900000, 0x0000000087a00000|  0%| F|  |TAMS 0x0000000087900000| PB 0x0000000087900000| Untracked 
|  58|0x0000000087a00000, 0x0000000087a00000, 0x0000000087b00000|  0%| F|  |TAMS 0x0000000087a00000| PB 0x0000000087a00000| Untracked 
|  59|0x0000000087b00000, 0x0000000087b00000, 0x0000000087c00000|  0%| F|  |TAMS 0x0000000087b00000| PB 0x0000000087b00000| Untracked 
|  60|0x0000000087c00000, 0x0000000087c00000, 0x0000000087d00000|  0%| F|  |TAMS 0x0000000087c00000| PB 0x0000000087c00000| Untracked 
|  61|0x0000000087d00000, 0x0000000087d00000, 0x0000000087e00000|  0%| F|  |TAMS 0x0000000087d00000| PB 0x0000000087d00000| Untracked 
|  62|0x0000000087e00000, 0x0000000087e00000, 0x0000000087f00000|  0%| F|  |TAMS 0x0000000087e00000| PB 0x0000000087e00000| Untracked 
|  63|0x0000000087f00000, 0x0000000087f00000, 0x0000000088000000|  0%| F|  |TAMS 0x0000000087f00000| PB 0x0000000087f00000| Untracked 
|  64|0x0000000088000000, 0x0000000088000000, 0x0000000088100000|  0%| F|  |TAMS 0x0000000088000000| PB 0x0000000088000000| Untracked 
|  65|0x0000000088100000, 0x0000000088100000, 0x0000000088200000|  0%| F|  |TAMS 0x0000000088100000| PB 0x0000000088100000| Untracked 
|  66|0x0000000088200000, 0x0000000088200000, 0x0000000088300000|  0%| F|  |TAMS 0x0000000088200000| PB 0x0000000088200000| Untracked 
|  67|0x0000000088300000, 0x0000000088300000, 0x0000000088400000|  0%| F|  |TAMS 0x0000000088300000| PB 0x0000000088300000| Untracked 
|  68|0x0000000088400000, 0x0000000088400000, 0x0000000088500000|  0%| F|  |TAMS 0x0000000088400000| PB 0x0000000088400000| Untracked 
|  69|0x0000000088500000, 0x0000000088500000, 0x0000000088600000|  0%| F|  |TAMS 0x0000000088500000| PB 0x0000000088500000| Untracked 
|  70|0x0000000088600000, 0x0000000088600000, 0x0000000088700000|  0%| F|  |TAMS 0x0000000088600000| PB 0x0000000088600000| Untracked 
|  71|0x0000000088700000, 0x0000000088700000, 0x0000000088800000|  0%| F|  |TAMS 0x0000000088700000| PB 0x0000000088700000| Untracked 
|  72|0x0000000088800000, 0x0000000088800000, 0x0000000088900000|  0%| F|  |TAMS 0x0000000088800000| PB 0x0000000088800000| Untracked 
|  73|0x0000000088900000, 0x0000000088900000, 0x0000000088a00000|  0%| F|  |TAMS 0x0000000088900000| PB 0x0000000088900000| Untracked 
|  74|0x0000000088a00000, 0x0000000088a00000, 0x0000000088b00000|  0%| F|  |TAMS 0x0000000088a00000| PB 0x0000000088a00000| Untracked 
|  75|0x0000000088b00000, 0x0000000088b00000, 0x0000000088c00000|  0%| F|  |TAMS 0x0000000088b00000| PB 0x0000000088b00000| Untracked 
|  76|0x0000000088c00000, 0x0000000088c00000, 0x0000000088d00000|  0%| F|  |TAMS 0x0000000088c00000| PB 0x0000000088c00000| Untracked 
|  77|0x0000000088d00000, 0x0000000088d00000, 0x0000000088e00000|  0%| F|  |TAMS 0x0000000088d00000| PB 0x0000000088d00000| Untracked 
|  78|0x0000000088e00000, 0x0000000088e00000, 0x0000000088f00000|  0%| F|  |TAMS 0x0000000088e00000| PB 0x0000000088e00000| Untracked 
|  79|0x0000000088f00000, 0x0000000088f00000, 0x0000000089000000|  0%| F|  |TAMS 0x0000000088f00000| PB 0x0000000088f00000| Untracked 
|  80|0x0000000089000000, 0x0000000089000000, 0x0000000089100000|  0%| F|  |TAMS 0x0000000089000000| PB 0x0000000089000000| Untracked 
|  81|0x0000000089100000, 0x0000000089100000, 0x0000000089200000|  0%| F|  |TAMS 0x0000000089100000| PB 0x0000000089100000| Untracked 
|  82|0x0000000089200000, 0x0000000089200000, 0x0000000089300000|  0%| F|  |TAMS 0x0000000089200000| PB 0x0000000089200000| Untracked 
|  83|0x0000000089300000, 0x0000000089300000, 0x0000000089400000|  0%| F|  |TAMS 0x0000000089300000| PB 0x0000000089300000| Untracked 
|  84|0x0000000089400000, 0x0000000089400000, 0x0000000089500000|  0%| F|  |TAMS 0x0000000089400000| PB 0x0000000089400000| Untracked 
|  85|0x0000000089500000, 0x0000000089500000, 0x0000000089600000|  0%| F|  |TAMS 0x0000000089500000| PB 0x0000000089500000| Untracked 
|  86|0x0000000089600000, 0x0000000089600000, 0x0000000089700000|  0%| F|  |TAMS 0x0000000089600000| PB 0x0000000089600000| Untracked 
|  87|0x0000000089700000, 0x0000000089700000, 0x0000000089800000|  0%| F|  |TAMS 0x0000000089700000| PB 0x0000000089700000| Untracked 
|  88|0x0000000089800000, 0x0000000089800000, 0x0000000089900000|  0%| F|  |TAMS 0x0000000089800000| PB 0x0000000089800000| Untracked 
|  89|0x0000000089900000, 0x0000000089900000, 0x0000000089a00000|  0%| F|  |TAMS 0x0000000089900000| PB 0x0000000089900000| Untracked 
|  90|0x0000000089a00000, 0x0000000089a00000, 0x0000000089b00000|  0%| F|  |TAMS 0x0000000089a00000| PB 0x0000000089a00000| Untracked 
|  91|0x0000000089b00000, 0x0000000089b00000, 0x0000000089c00000|  0%| F|  |TAMS 0x0000000089b00000| PB 0x0000000089b00000| Untracked 
|  92|0x0000000089c00000, 0x0000000089c00000, 0x0000000089d00000|  0%| F|  |TAMS 0x0000000089c00000| PB 0x0000000089c00000| Untracked 
|  93|0x0000000089d00000, 0x0000000089d00000, 0x0000000089e00000|  0%| F|  |TAMS 0x0000000089d00000| PB 0x0000000089d00000| Untracked 
|  94|0x0000000089e00000, 0x0000000089e00000, 0x0000000089f00000|  0%| F|  |TAMS 0x0000000089e00000| PB 0x0000000089e00000| Untracked 
|  95|0x0000000089f00000, 0x0000000089f00000, 0x000000008a000000|  0%| F|  |TAMS 0x0000000089f00000| PB 0x0000000089f00000| Untracked 
|  96|0x000000008a000000, 0x000000008a000000, 0x000000008a100000|  0%| F|  |TAMS 0x000000008a000000| PB 0x000000008a000000| Untracked 
|  97|0x000000008a100000, 0x000000008a100000, 0x000000008a200000|  0%| F|  |TAMS 0x000000008a100000| PB 0x000000008a100000| Untracked 
|  98|0x000000008a200000, 0x000000008a200000, 0x000000008a300000|  0%| F|  |TAMS 0x000000008a200000| PB 0x000000008a200000| Untracked 
|  99|0x000000008a300000, 0x000000008a394030, 0x000000008a400000| 57%| E|  |TAMS 0x000000008a300000| PB 0x000000008a300000| Complete 
| 100|0x000000008a400000, 0x000000008a500000, 0x000000008a500000|100%| E|CS|TAMS 0x000000008a400000| PB 0x000000008a400000| Complete 
| 101|0x000000008a500000, 0x000000008a600000, 0x000000008a600000|100%| E|CS|TAMS 0x000000008a500000| PB 0x000000008a500000| Complete 
| 102|0x000000008a600000, 0x000000008a700000, 0x000000008a700000|100%| E|CS|TAMS 0x000000008a600000| PB 0x000000008a600000| Complete 
| 103|0x000000008a700000, 0x000000008a800000, 0x000000008a800000|100%| E|CS|TAMS 0x000000008a700000| PB 0x000000008a700000| Complete 
| 104|0x000000008a800000, 0x000000008a900000, 0x000000008a900000|100%| E|CS|TAMS 0x000000008a800000| PB 0x000000008a800000| Complete 
| 105|0x000000008a900000, 0x000000008aa00000, 0x000000008aa00000|100%| E|CS|TAMS 0x000000008a900000| PB 0x000000008a900000| Complete 
| 106|0x000000008aa00000, 0x000000008ab00000, 0x000000008ab00000|100%| E|CS|TAMS 0x000000008aa00000| PB 0x000000008aa00000| Complete 
| 107|0x000000008ab00000, 0x000000008ac00000, 0x000000008ac00000|100%| E|CS|TAMS 0x000000008ab00000| PB 0x000000008ab00000| Complete 
| 108|0x000000008ac00000, 0x000000008ad00000, 0x000000008ad00000|100%| E|CS|TAMS 0x000000008ac00000| PB 0x000000008ac00000| Complete 
| 109|0x000000008ad00000, 0x000000008ae00000, 0x000000008ae00000|100%| E|CS|TAMS 0x000000008ad00000| PB 0x000000008ad00000| Complete 
| 110|0x000000008ae00000, 0x000000008af00000, 0x000000008af00000|100%| E|CS|TAMS 0x000000008ae00000| PB 0x000000008ae00000| Complete 
| 111|0x000000008af00000, 0x000000008b000000, 0x000000008b000000|100%| E|CS|TAMS 0x000000008af00000| PB 0x000000008af00000| Complete 
| 112|0x000000008b000000, 0x000000008b100000, 0x000000008b100000|100%| E|CS|TAMS 0x000000008b000000| PB 0x000000008b000000| Complete 
| 113|0x000000008b100000, 0x000000008b200000, 0x000000008b200000|100%| E|CS|TAMS 0x000000008b100000| PB 0x000000008b100000| Complete 
| 114|0x000000008b200000, 0x000000008b300000, 0x000000008b300000|100%| E|CS|TAMS 0x000000008b200000| PB 0x000000008b200000| Complete 
| 115|0x000000008b300000, 0x000000008b400000, 0x000000008b400000|100%| E|CS|TAMS 0x000000008b300000| PB 0x000000008b300000| Complete 
| 116|0x000000008b400000, 0x000000008b500000, 0x000000008b500000|100%| E|CS|TAMS 0x000000008b400000| PB 0x000000008b400000| Complete 
| 117|0x000000008b500000, 0x000000008b600000, 0x000000008b600000|100%| E|CS|TAMS 0x000000008b500000| PB 0x000000008b500000| Complete 
| 118|0x000000008b600000, 0x000000008b700000, 0x000000008b700000|100%| E|CS|TAMS 0x000000008b600000| PB 0x000000008b600000| Complete 
| 119|0x000000008b700000, 0x000000008b800000, 0x000000008b800000|100%| E|CS|TAMS 0x000000008b700000| PB 0x000000008b700000| Complete 
| 120|0x000000008b800000, 0x000000008b900000, 0x000000008b900000|100%| E|CS|TAMS 0x000000008b800000| PB 0x000000008b800000| Complete 
| 121|0x000000008b900000, 0x000000008ba00000, 0x000000008ba00000|100%| E|CS|TAMS 0x000000008b900000| PB 0x000000008b900000| Complete 
| 122|0x000000008ba00000, 0x000000008bb00000, 0x000000008bb00000|100%| E|CS|TAMS 0x000000008ba00000| PB 0x000000008ba00000| Complete 
| 123|0x000000008bb00000, 0x000000008bc00000, 0x000000008bc00000|100%| E|CS|TAMS 0x000000008bb00000| PB 0x000000008bb00000| Complete 

Card table byte_map: [0x000002187fbb0000,0x000002187ff90000] _byte_map_base: 0x000002187f790000

Marking Bits: (CMBitMap*) 0x000002187f4296c0
 Bits: [0x00000218173e0000, 0x00000218192e0000)

Polling page: 0x000002187d320000

Metaspace:

Usage:
  Non-class:     16.23 MB used.
      Class:      2.58 MB used.
       Both:     18.81 MB used.

Virtual space:
  Non-class space:       64.00 MB reserved,      16.44 MB ( 26%) committed,  1 nodes.
      Class space:        1.00 GB reserved,       2.75 MB ( <1%) committed,  1 nodes.
             Both:        1.06 GB reserved,      19.19 MB (  2%) committed. 

Chunk freelists:
   Non-Class:  14.77 MB
       Class:  13.14 MB
        Both:  27.90 MB

MaxMetaspaceSize: unlimited
CompressedClassSpaceSize: 1.00 GB
Initial GC threshold: 21.00 MB
Current GC threshold: 21.00 MB
CDS: on
 - commit_granule_bytes: 65536.
 - commit_granule_words: 8192.
 - virtual_space_node_default_size: 8388608.
 - enlarge_chunks_in_place: 1.
 - use_allocation_guard: 0.


Internal statistics:

num_allocs_failed_limit: 0.
num_arena_births: 410.
num_arena_deaths: 0.
num_vsnodes_births: 2.
num_vsnodes_deaths: 0.
num_space_committed: 307.
num_space_uncommitted: 0.
num_chunks_returned_to_freelist: 0.
num_chunks_taken_from_freelist: 1100.
num_chunk_merges: 0.
num_chunk_splits: 744.
num_chunks_enlarged: 546.
num_inconsistent_stats: 0.

CodeHeap 'non-profiled nmethods': size=120000Kb used=5245Kb max_used=5245Kb free=114754Kb
 bounds [0x000002180feb0000, 0x00000218103d0000, 0x00000218173e0000]
CodeHeap 'profiled nmethods': size=120000Kb used=12677Kb max_used=12677Kb free=107322Kb
 bounds [0x00000218083e0000, 0x0000021809050000, 0x000002180f910000]
CodeHeap 'non-nmethods': size=5760Kb used=2060Kb max_used=2130Kb free=3699Kb
 bounds [0x000002180f910000, 0x000002180fb80000, 0x000002180feb0000]
 total_blobs=7116 nmethods=6289 adapters=731
 compilation: enabled
              stopped_count=0, restarted_count=0
 full_count=0

Compilation events (20 events):
Event: 475.927 Thread 0x000002181bd78070 nmethod 6289 0x00000218103c9110 code [0x00000218103c92a0, 0x00000218103c9478]
Event: 476.112 Thread 0x000002181bd78070 6290       4       com.sun.scenario.animation.AnimationPulse::recordEnd (81 bytes)
Event: 476.113 Thread 0x000002181bd78070 nmethod 6290 0x00000218103c9590 code [0x00000218103c9720, 0x00000218103c97c8]
Event: 476.632 Thread 0x000002181bd78070 6291       4       java.util.concurrent.ThreadPoolExecutor::execute (132 bytes)
Event: 476.680 Thread 0x000002181bd78070 nmethod 6291 0x00000218103c9890 code [0x00000218103c9b80, 0x00000218103cae68]
Event: 476.812 Thread 0x000002181bd78070 6292       4       java.util.concurrent.locks.AbstractQueuedSynchronizer::enqueue (72 bytes)
Event: 476.818 Thread 0x000002181bd78070 nmethod 6292 0x00000218103cba10 code [0x00000218103cbba0, 0x00000218103cbf68]
Event: 478.062 Thread 0x000002181bd78070 6293       4       java.util.concurrent.locks.AbstractQueuedSynchronizer$ConditionObject::doSignal (62 bytes)
Event: 478.076 Thread 0x000002181bd78070 nmethod 6293 0x00000218103cc090 code [0x00000218103cc240, 0x00000218103cc880]
Event: 478.475 Thread 0x000002181bd7e240 6294   !   3       java.util.concurrent.locks.AbstractQueuedSynchronizer$ConditionObject::await (185 bytes)
Event: 478.482 Thread 0x000002181bd7e240 nmethod 6294 0x000002180903e910 code [0x000002180903eca0, 0x0000021809040250]
Event: 478.530 Thread 0x000002181bd7e240 6295       3       java.util.concurrent.locks.AbstractQueuedSynchronizer$ConditionObject::enableWait (84 bytes)
Event: 478.531 Thread 0x000002181bd7e240 nmethod 6295 0x0000021809040a90 code [0x0000021809040cc0, 0x0000021809041418]
Event: 479.159 Thread 0x000002181bd78070 6296       4       java.util.concurrent.locks.AbstractQueuedSynchronizer$ConditionObject::canReacquire (38 bytes)
Event: 479.164 Thread 0x000002181bd78070 nmethod 6296 0x00000218103cca90 code [0x00000218103ccc20, 0x00000218103ccd30]
Event: 479.164 Thread 0x000002181bd78070 6297       4       com.sun.scenario.animation.AbstractPrimaryTimer$MainLoop::run (61 bytes)
Event: 479.214 Thread 0x000002181bd78070 nmethod 6297 0x00000218103cce10 code [0x00000218103cd0e0, 0x00000218103cdd80]
Event: 479.214 Thread 0x000002181bd78070 6298       4       javafx.animation.Animation$1::timePulse (56 bytes)
Event: 479.229 Thread 0x000002181bd78070 nmethod 6298 0x00000218103ce990 code [0x00000218103cebe0, 0x00000218103cf1e0]
Event: 479.336 Thread 0x000002181bd78070 6299   !   4       com.sun.javafx.tk.quantum.PresentingPainter::run (680 bytes)

GC Heap History (20 events):
Event: 315.840 GC heap before
{Heap before GC invocations=21 (full 0):
 garbage-first heap   total 126976K, used 88519K [0x0000000084000000, 0x0000000100000000)
  region size 1024K, 74 young (75776K), 2 survivors (2048K)
 Metaspace       used 19228K, committed 19648K, reserved 1114112K
  class space    used 2636K, committed 2816K, reserved 1048576K
}
Event: 315.851 GC heap after
{Heap after GC invocations=22 (full 0):
 garbage-first heap   total 126976K, used 14756K [0x0000000084000000, 0x0000000100000000)
  region size 1024K, 1 young (1024K), 1 survivors (1024K)
 Metaspace       used 19228K, committed 19648K, reserved 1114112K
  class space    used 2636K, committed 2816K, reserved 1048576K
}
Event: 331.812 GC heap before
{Heap before GC invocations=22 (full 0):
 garbage-first heap   total 126976K, used 89508K [0x0000000084000000, 0x0000000100000000)
  region size 1024K, 74 young (75776K), 1 survivors (1024K)
 Metaspace       used 19228K, committed 19648K, reserved 1114112K
  class space    used 2636K, committed 2816K, reserved 1048576K
}
Event: 331.820 GC heap after
{Heap after GC invocations=23 (full 0):
 garbage-first heap   total 126976K, used 14788K [0x0000000084000000, 0x0000000100000000)
  region size 1024K, 2 young (2048K), 2 survivors (2048K)
 Metaspace       used 19228K, committed 19648K, reserved 1114112K
  class space    used 2636K, committed 2816K, reserved 1048576K
}
Event: 347.570 GC heap before
{Heap before GC invocations=23 (full 0):
 garbage-first heap   total 126976K, used 88516K [0x0000000084000000, 0x0000000100000000)
  region size 1024K, 74 young (75776K), 2 survivors (2048K)
 Metaspace       used 19228K, committed 19648K, reserved 1114112K
  class space    used 2636K, committed 2816K, reserved 1048576K
}
Event: 347.578 GC heap after
{Heap after GC invocations=24 (full 0):
 garbage-first heap   total 126976K, used 14738K [0x0000000084000000, 0x0000000100000000)
  region size 1024K, 1 young (1024K), 1 survivors (1024K)
 Metaspace       used 19228K, committed 19648K, reserved 1114112K
  class space    used 2636K, committed 2816K, reserved 1048576K
}
Event: 363.515 GC heap before
{Heap before GC invocations=24 (full 0):
 garbage-first heap   total 126976K, used 89490K [0x0000000084000000, 0x0000000100000000)
  region size 1024K, 74 young (75776K), 1 survivors (1024K)
 Metaspace       used 19228K, committed 19648K, reserved 1114112K
  class space    used 2636K, committed 2816K, reserved 1048576K
}
Event: 363.520 GC heap after
{Heap after GC invocations=25 (full 0):
 garbage-first heap   total 126976K, used 14756K [0x0000000084000000, 0x0000000100000000)
  region size 1024K, 1 young (1024K), 1 survivors (1024K)
 Metaspace       used 19228K, committed 19648K, reserved 1114112K
  class space    used 2636K, committed 2816K, reserved 1048576K
}
Event: 379.520 GC heap before
{Heap before GC invocations=25 (full 0):
 garbage-first heap   total 126976K, used 89508K [0x0000000084000000, 0x0000000100000000)
  region size 1024K, 74 young (75776K), 1 survivors (1024K)
 Metaspace       used 19228K, committed 19648K, reserved 1114112K
  class space    used 2636K, committed 2816K, reserved 1048576K
}
Event: 379.525 GC heap after
{Heap after GC invocations=26 (full 0):
 garbage-first heap   total 126976K, used 14788K [0x0000000084000000, 0x0000000100000000)
  region size 1024K, 2 young (2048K), 2 survivors (2048K)
 Metaspace       used 19228K, committed 19648K, reserved 1114112K
  class space    used 2636K, committed 2816K, reserved 1048576K
}
Event: 395.221 GC heap before
{Heap before GC invocations=26 (full 0):
 garbage-first heap   total 126976K, used 88516K [0x0000000084000000, 0x0000000100000000)
  region size 1024K, 74 young (75776K), 2 survivors (2048K)
 Metaspace       used 19228K, committed 19648K, reserved 1114112K
  class space    used 2636K, committed 2816K, reserved 1048576K
}
Event: 395.229 GC heap after
{Heap after GC invocations=27 (full 0):
 garbage-first heap   total 126976K, used 14756K [0x0000000084000000, 0x0000000100000000)
  region size 1024K, 1 young (1024K), 1 survivors (1024K)
 Metaspace       used 19228K, committed 19648K, reserved 1114112K
  class space    used 2636K, committed 2816K, reserved 1048576K
}
Event: 411.957 GC heap before
{Heap before GC invocations=27 (full 0):
 garbage-first heap   total 126976K, used 89508K [0x0000000084000000, 0x0000000100000000)
  region size 1024K, 74 young (75776K), 1 survivors (1024K)
 Metaspace       used 19228K, committed 19648K, reserved 1114112K
  class space    used 2636K, committed 2816K, reserved 1048576K
}
Event: 411.964 GC heap after
{Heap after GC invocations=28 (full 0):
 garbage-first heap   total 126976K, used 14756K [0x0000000084000000, 0x0000000100000000)
  region size 1024K, 1 young (1024K), 1 survivors (1024K)
 Metaspace       used 19228K, committed 19648K, reserved 1114112K
  class space    used 2636K, committed 2816K, reserved 1048576K
}
Event: 431.270 GC heap before
{Heap before GC invocations=28 (full 0):
 garbage-first heap   total 126976K, used 89508K [0x0000000084000000, 0x0000000100000000)
  region size 1024K, 74 young (75776K), 1 survivors (1024K)
 Metaspace       used 19228K, committed 19648K, reserved 1114112K
  class space    used 2636K, committed 2816K, reserved 1048576K
}
Event: 431.283 GC heap after
{Heap after GC invocations=29 (full 0):
 garbage-first heap   total 126976K, used 14788K [0x0000000084000000, 0x0000000100000000)
  region size 1024K, 2 young (2048K), 2 survivors (2048K)
 Metaspace       used 19228K, committed 19648K, reserved 1114112K
  class space    used 2636K, committed 2816K, reserved 1048576K
}
Event: 451.625 GC heap before
{Heap before GC invocations=29 (full 0):
 garbage-first heap   total 126976K, used 88516K [0x0000000084000000, 0x0000000100000000)
  region size 1024K, 74 young (75776K), 2 survivors (2048K)
 Metaspace       used 19228K, committed 19648K, reserved 1114112K
  class space    used 2636K, committed 2816K, reserved 1048576K
}
Event: 451.633 GC heap after
{Heap after GC invocations=30 (full 0):
 garbage-first heap   total 126976K, used 14756K [0x0000000084000000, 0x0000000100000000)
  region size 1024K, 1 young (1024K), 1 survivors (1024K)
 Metaspace       used 19228K, committed 19648K, reserved 1114112K
  class space    used 2636K, committed 2816K, reserved 1048576K
}
Event: 470.625 GC heap before
{Heap before GC invocations=30 (full 0):
 garbage-first heap   total 126976K, used 89508K [0x0000000084000000, 0x0000000100000000)
  region size 1024K, 74 young (75776K), 1 survivors (1024K)
 Metaspace       used 19258K, committed 19648K, reserved 1114112K
  class space    used 2641K, committed 2816K, reserved 1048576K
}
Event: 470.632 GC heap after
{Heap after GC invocations=31 (full 0):
 garbage-first heap   total 126976K, used 14787K [0x0000000084000000, 0x0000000100000000)
  region size 1024K, 2 young (2048K), 2 survivors (2048K)
 Metaspace       used 19258K, committed 19648K, reserved 1114112K
  class space    used 2641K, committed 2816K, reserved 1048576K
}

Dll operation events (20 events):
Event: 0.253 Loaded shared library C:\libraries\javafx-sdk-21.0.11\bin\api-ms-win-crt-locale-l1-1-0.dll
Event: 0.255 Loaded shared library C:\libraries\javafx-sdk-21.0.11\bin\api-ms-win-crt-math-l1-1-0.dll
Event: 0.256 Loaded shared library C:\libraries\javafx-sdk-21.0.11\bin\api-ms-win-crt-multibyte-l1-1-0.dll
Event: 0.257 Loaded shared library C:\libraries\javafx-sdk-21.0.11\bin\api-ms-win-crt-private-l1-1-0.dll
Event: 0.258 Loaded shared library C:\libraries\javafx-sdk-21.0.11\bin\api-ms-win-crt-process-l1-1-0.dll
Event: 0.259 Loaded shared library C:\libraries\javafx-sdk-21.0.11\bin\api-ms-win-crt-runtime-l1-1-0.dll
Event: 0.260 Loaded shared library C:\libraries\javafx-sdk-21.0.11\bin\api-ms-win-crt-stdio-l1-1-0.dll
Event: 0.261 Loaded shared library C:\libraries\javafx-sdk-21.0.11\bin\api-ms-win-crt-string-l1-1-0.dll
Event: 0.263 Loaded shared library C:\libraries\javafx-sdk-21.0.11\bin\api-ms-win-crt-time-l1-1-0.dll
Event: 0.264 Loaded shared library C:\libraries\javafx-sdk-21.0.11\bin\api-ms-win-crt-utility-l1-1-0.dll
Event: 0.265 Loaded shared library C:\libraries\javafx-sdk-21.0.11\bin\ucrtbase.dll
Event: 0.266 Loaded shared library C:\libraries\javafx-sdk-21.0.11\bin\vcruntime140.dll
Event: 0.266 Loaded shared library C:\libraries\javafx-sdk-21.0.11\bin\vcruntime140_1.dll
Event: 0.267 Loaded shared library C:\libraries\javafx-sdk-21.0.11\bin\msvcp140.dll
Event: 0.268 Loaded shared library C:\libraries\javafx-sdk-21.0.11\bin\msvcp140_1.dll
Event: 0.270 Loaded shared library C:\libraries\javafx-sdk-21.0.11\bin\msvcp140_2.dll
Event: 0.301 Loaded shared library C:\libraries\javafx-sdk-21.0.11\bin\prism_d3d.dll
Event: 0.345 Loaded shared library C:\libraries\javafx-sdk-21.0.11\bin\glass.dll
Event: 0.451 Loaded shared library C:\Program Files\Java\jdk-21\bin\jimage.dll
Event: 0.723 Loaded shared library C:\libraries\javafx-sdk-21.0.11\bin\javafx_font.dll

Deoptimization events (20 events):
Event: 474.692 Thread 0x000002186151e3d0 Uncommon trap: trap_request=0xffffff45 fr.pc=0x0000021810309944 relative=0x0000000000000104
Event: 474.692 Thread 0x000002186151e3d0 Uncommon trap: reason=unstable_if action=reinterpret pc=0x0000021810309944 method=com.sun.javafx.tk.quantum.ViewPainter.validateStageGraphics()Z @ 61 c2
Event: 474.692 Thread 0x000002186151e3d0 DEOPT PACKING pc=0x0000021810309944 sp=0x0000009de04ff280
Event: 474.692 Thread 0x000002186151e3d0 DEOPT UNPACKING pc=0x000002180f967da2 sp=0x0000009de04ff220 mode 2
Event: 474.734 Thread 0x000002186166c700 Uncommon trap: trap_request=0xffffff45 fr.pc=0x00000218103870bc relative=0x000000000000085c
Event: 474.734 Thread 0x000002186166c700 Uncommon trap: reason=unstable_if action=reinterpret pc=0x00000218103870bc method=com.sun.scenario.animation.shared.InfiniteClipEnvelope.timePulse(J)V @ 67 c2
Event: 474.734 Thread 0x000002186166c700 DEOPT PACKING pc=0x00000218103870bc sp=0x0000009de06fe5e0
Event: 474.734 Thread 0x000002186166c700 DEOPT UNPACKING pc=0x000002180f967da2 sp=0x0000009de06fe1d8 mode 2
Event: 474.763 Thread 0x000002186166c700 Uncommon trap: trap_request=0xffffff45 fr.pc=0x00000218101503c8 relative=0x00000000000004c8
Event: 474.763 Thread 0x000002186166c700 Uncommon trap: reason=unstable_if action=reinterpret pc=0x00000218101503c8 method=com.sun.scenario.animation.shared.InfiniteClipEnvelope.timePulse(J)V @ 67 c2
Event: 474.763 Thread 0x000002186166c700 DEOPT PACKING pc=0x00000218101503c8 sp=0x0000009de06fe4c0
Event: 474.763 Thread 0x000002186166c700 DEOPT UNPACKING pc=0x000002180f967da2 sp=0x0000009de06fe178 mode 2
Event: 478.354 Thread 0x000002186167bc10 Uncommon trap: trap_request=0xffffff45 fr.pc=0x00000218103b4754 relative=0x0000000000000d74
Event: 478.354 Thread 0x000002186167bc10 Uncommon trap: reason=unstable_if action=reinterpret pc=0x00000218103b4754 method=java.util.concurrent.locks.AbstractQueuedSynchronizer.signalNext(Ljava/util/concurrent/locks/AbstractQueuedSynchronizer$Node;)V @ 17 c2
Event: 478.354 Thread 0x000002186167bc10 DEOPT PACKING pc=0x00000218103b4754 sp=0x0000009de05ff320
Event: 478.354 Thread 0x000002186167bc10 DEOPT UNPACKING pc=0x000002180f967da2 sp=0x0000009de05ff180 mode 2
Event: 478.420 Thread 0x000002186167bc10 Uncommon trap: trap_request=0xffffff45 fr.pc=0x00000218103abfe4 relative=0x00000000000005e4
Event: 478.420 Thread 0x000002186167bc10 Uncommon trap: reason=unstable_if action=reinterpret pc=0x00000218103abfe4 method=java.util.concurrent.locks.AbstractQueuedSynchronizer.signalNext(Ljava/util/concurrent/locks/AbstractQueuedSynchronizer$Node;)V @ 17 c2
Event: 478.420 Thread 0x000002186167bc10 DEOPT PACKING pc=0x00000218103abfe4 sp=0x0000009de05ff280
Event: 478.421 Thread 0x000002186167bc10 DEOPT UNPACKING pc=0x000002180f967da2 sp=0x0000009de05ff170 mode 2

Classes loaded (20 events):
Event: 43.510 Loading class jdk/internal/icu/text/BidiBase$IsoRun
Event: 43.510 Loading class jdk/internal/icu/text/BidiBase$IsoRun done
Event: 43.510 Loading class jdk/internal/icu/text/BidiBase$LevState
Event: 43.510 Loading class jdk/internal/icu/text/BidiBase$LevState done
Event: 43.510 Loading class java/util/DualPivotQuicksort
Event: 43.511 Loading class java/util/DualPivotQuicksort done
Event: 43.616 Loading class jdk/internal/icu/lang/UCharacter
Event: 43.617 Loading class jdk/internal/icu/lang/UCharacter done
Event: 43.995 Loading class jdk/internal/icu/impl/UCharacterProperty
Event: 43.996 Loading class jdk/internal/icu/impl/UCharacterProperty done
Event: 43.996 Loading class jdk/internal/icu/impl/UCharacterProperty$1
Event: 43.997 Loading class jdk/internal/icu/impl/UCharacterProperty$BiDiIntProperty
Event: 43.997 Loading class jdk/internal/icu/impl/UCharacterProperty$IntProperty
Event: 43.997 Loading class jdk/internal/icu/impl/UCharacterProperty$IntProperty done
Event: 43.997 Loading class jdk/internal/icu/impl/UCharacterProperty$BiDiIntProperty done
Event: 43.997 Loading class jdk/internal/icu/impl/UCharacterProperty$1 done
Event: 43.998 Loading class jdk/internal/icu/impl/UCharacterProperty$IsAcceptable
Event: 43.998 Loading class jdk/internal/icu/impl/UCharacterProperty$IsAcceptable done
Event: 43.998 Loading class jdk/internal/icu/util/VersionInfo
Event: 43.998 Loading class jdk/internal/icu/util/VersionInfo done

Classes unloaded (0 events):
No events

Classes redefined (0 events):
No events

Internal exceptions (20 events):
Event: 1.365 Thread 0x000002186166c700 Implicit null exception at 0x000002180fefc0e6 to 0x000002180fefc18a
Event: 1.546 Thread 0x000002186166c700 Exception <a 'java/lang/NoSuchMethodError'{0x000000008ad1cf08}: 'java.lang.Object java.lang.invoke.DirectMethodHandle$Holder.newInvokeSpecial(java.lang.Object, java.lang.Object, int, int)'> (0x000000008ad1cf08) 
thrown [s\open\src\hotspot\share\interpreter\linkResolver.cpp, line 773]
Event: 1.546 Thread 0x000002186166c700 Exception <a 'java/lang/NoSuchMethodError'{0x000000008ad20e38}: 'java.lang.Object java.lang.invoke.DirectMethodHandle$Holder.invokeSpecial(java.lang.Object, java.lang.Object, java.lang.Object, int, int)'> (0x000000008ad20e38) 
thrown [s\open\src\hotspot\share\interpreter\linkResolver.cpp, line 773]
Event: 1.551 Thread 0x000002186166c700 Exception <a 'java/lang/NoSuchMethodError'{0x000000008ad337b0}: 'java.lang.Object java.lang.invoke.DirectMethodHandle$Holder.newInvokeSpecial(java.lang.Object, java.lang.Object, int)'> (0x000000008ad337b0) 
thrown [s\open\src\hotspot\share\interpreter\linkResolver.cpp, line 773]
Event: 1.629 Thread 0x000002186166c700 Exception <a 'java/lang/NoSuchMethodError'{0x000000008ac3bd68}: 'long java.lang.invoke.DirectMethodHandle$Holder.invokeStatic(java.lang.Object, java.lang.Object, java.lang.Object)'> (0x000000008ac3bd68) 
thrown [s\open\src\hotspot\share\interpreter\linkResolver.cpp, line 773]
Event: 1.630 Thread 0x000002186166c700 Exception <a 'java/lang/NoSuchMethodError'{0x000000008ac3f148}: 'long java.lang.invoke.DirectMethodHandle$Holder.invokeStaticInit(java.lang.Object, java.lang.Object, java.lang.Object)'> (0x000000008ac3f148) 
thrown [s\open\src\hotspot\share\interpreter\linkResolver.cpp, line 773]
Event: 1.633 Thread 0x000002186166c700 Exception <a 'java/lang/NoSuchMethodError'{0x000000008ac535e0}: 'java.lang.Object java.lang.invoke.DirectMethodHandle$Holder.newInvokeSpecial(java.lang.Object, java.lang.Object, long)'> (0x000000008ac535e0) 
thrown [s\open\src\hotspot\share\interpreter\linkResolver.cpp, line 773]
Event: 1.633 Thread 0x000002186166c700 Exception <a 'java/lang/NoSuchMethodError'{0x000000008ac56ea8}: 'java.lang.Object java.lang.invoke.Invokers$Holder.linkToTargetMethod(java.lang.Object, long, java.lang.Object)'> (0x000000008ac56ea8) 
thrown [s\open\src\hotspot\share\interpreter\linkResolver.cpp, line 773]
Event: 1.681 Thread 0x000002186151e3d0 Exception <a 'java/lang/NoSuchMethodError'{0x000000008aba43f0}: 'int java.lang.invoke.DirectMethodHandle$Holder.invokeStaticInit(java.lang.Object, java.lang.Object)'> (0x000000008aba43f0) 
thrown [s\open\src\hotspot\share\interpreter\linkResolver.cpp, line 773]
Event: 1.899 Thread 0x000002186151e3d0 Exception <a 'java/lang/NoSuchMethodError'{0x000000008a6a6968}: 'java.lang.Object java.lang.invoke.DirectMethodHandle$Holder.invokeStaticInit(java.lang.Object, int)'> (0x000000008a6a6968) 
thrown [s\open\src\hotspot\share\interpreter\linkResolver.cpp, line 773]
Event: 3.257 Thread 0x000002186151e3d0 Implicit null exception at 0x000002180ffe4328 to 0x000002180ffe4c1e
Event: 8.922 Thread 0x000002186166c700 Exception <a 'java/lang/NoSuchMethodError'{0x0000000089ae2720}: 'java.lang.Object java.lang.invoke.DirectMethodHandle$Holder.newInvokeSpecial(java.lang.Object, java.lang.Object, int, int, int, int, int, java.lang.Object)'> (0x0000000089ae2720) 
thrown [s\open\src\hotspot\share\interpreter\linkResolver.cpp, line 773]
Event: 8.923 Thread 0x000002186166c700 Exception <a 'java/lang/NoSuchMethodError'{0x0000000089af4340}: 'java.lang.Object java.lang.invoke.DirectMethodHandle$Holder.newInvokeSpecial(java.lang.Object, java.lang.Object, java.lang.Object, int, int, int, int, int)'> (0x0000000089af4340) 
thrown [s\open\src\hotspot\share\interpreter\linkResolver.cpp, line 773]
Event: 8.923 Thread 0x000002186166c700 Exception <a 'java/lang/NoSuchMethodError'{0x0000000089afb660}: 'java.lang.Object java.lang.invoke.Invokers$Holder.linkToTargetMethod(java.lang.Object, java.lang.Object, int, int, int, int, int, java.lang.Object)'> (0x0000000089afb660) 
thrown [s\open\src\hotspot\share\interpreter\linkResolver.cpp, line 773]
Event: 10.664 Thread 0x000002186166c700 Implicit null exception at 0x000002181009ad47 to 0x000002181009b600
Event: 29.882 Thread 0x000002186166c700 Implicit null exception at 0x000002181012ed6e to 0x0000021810130354
Event: 33.236 Thread 0x000002186151e3d0 Implicit null exception at 0x00000218100df25a to 0x00000218100df424
Event: 33.236 Thread 0x000002186151e3d0 Implicit null exception at 0x00000218100650ba to 0x000002181006514c
Event: 466.923 Thread 0x000002186166c700 Exception <a 'java/lang/NoSuchMethodError'{0x000000008838eec0}: 'java.lang.Object java.lang.invoke.DirectMethodHandle$Holder.newInvokeSpecial(java.lang.Object, java.lang.Object, java.lang.Object, double, double, double, double, int, int, int, int, int, int, int, int, int)'> (0x000000008838eec0) 
thrown [s\open\src\hotspot\share\interpreter\linkResolver.cpp, line 773]
Event: 474.690 Thread 0x000002186151e3d0 Implicit null exception at 0x00000218103164fd to 0x00000218103182d4

ZGC Phase Switch (0 events):
No events

VM Operations (20 events):
Event: 422.958 Executing VM operation: Cleanup
Event: 422.958 Executing VM operation: Cleanup done
Event: 431.270 Executing VM operation: G1CollectForAllocation (G1 Evacuation Pause)
Event: 431.283 Executing VM operation: G1CollectForAllocation (G1 Evacuation Pause) done
Event: 451.625 Executing VM operation: G1CollectForAllocation (G1 Evacuation Pause)
Event: 451.634 Executing VM operation: G1CollectForAllocation (G1 Evacuation Pause) done
Event: 466.640 Executing VM operation: Cleanup
Event: 466.640 Executing VM operation: Cleanup done
Event: 467.640 Executing VM operation: Cleanup
Event: 467.641 Executing VM operation: Cleanup done
Event: 469.642 Executing VM operation: Cleanup
Event: 469.642 Executing VM operation: Cleanup done
Event: 470.625 Executing VM operation: G1CollectForAllocation (G1 Evacuation Pause)
Event: 470.625 Executing VM operation: G1CollectForAllocation (G1 Evacuation Pause) done
Event: 470.625 Executing VM operation: G1CollectForAllocation (GCLocker Initiated GC)
Event: 470.632 Executing VM operation: G1CollectForAllocation (GCLocker Initiated GC) done
Event: 471.632 Executing VM operation: Cleanup
Event: 471.632 Executing VM operation: Cleanup done
Event: 475.635 Executing VM operation: Cleanup
Event: 475.635 Executing VM operation: Cleanup done

Events (18 events):
Event: 0.023 Thread 0x000002187d21e6c0 Thread added: 0x000002187d21e6c0
Event: 0.038 Thread 0x000002181bd6a0c0 Thread added: 0x000002181bd6a0c0
Event: 0.038 Thread 0x000002181bd6ac10 Thread added: 0x000002181bd6ac10
Event: 0.038 Thread 0x000002181bd6fb00 Thread added: 0x000002181bd6fb00
Event: 0.039 Thread 0x000002181bd708b0 Thread added: 0x000002181bd708b0
Event: 0.039 Thread 0x000002181bd748f0 Thread added: 0x000002181bd748f0
Event: 0.039 Thread 0x0000021861008490 Thread added: 0x0000021861008490
Event: 0.039 Thread 0x000002181bd78070 Thread added: 0x000002181bd78070
Event: 0.039 Thread 0x000002181bd7e240 Thread added: 0x000002181bd7e240
Event: 0.076 Thread 0x000002181bd3c280 Thread added: 0x000002181bd3c280
Event: 0.160 Thread 0x00000218612c32a0 Thread added: 0x00000218612c32a0
Event: 0.295 Thread 0x000002186151e3d0 Thread added: 0x000002186151e3d0
Event: 0.347 Thread 0x000002186167bc10 Thread added: 0x000002186167bc10
Event: 0.350 Thread 0x000002186166c700 Thread added: 0x000002186166c700
Event: 0.426 Thread 0x00000218619bf600 Thread added: 0x00000218619bf600
Event: 0.437 Thread 0x0000021861a1c610 Thread added: 0x0000021861a1c610
Event: 1.266 Thread 0x0000021866f28a10 Thread added: 0x0000021866f28a10
Event: 1.795 Thread 0x000002186715b3a0 Thread added: 0x000002186715b3a0


Dynamic libraries:
0x00007ff611a30000 - 0x00007ff611a40000 	C:\Program Files\Java\jdk-21\bin\java.exe
0x00007fffe72c0000 - 0x00007fffe7527000 	C:\WINDOWS\SYSTEM32\ntdll.dll
0x00007fffe50a0000 - 0x00007fffe516b000 	C:\WINDOWS\System32\KERNEL32.DLL
0x00007fffe44c0000 - 0x00007fffe48c2000 	C:\WINDOWS\System32\KERNELBASE.dll
0x00007fffe4a50000 - 0x00007fffe4b9c000 	C:\WINDOWS\System32\ucrtbase.dll
0x00007fffd0320000 - 0x00007fffd033b000 	C:\Program Files\Java\jdk-21\bin\VCRUNTIME140.dll
0x00007fffd1630000 - 0x00007fffd1649000 	C:\Program Files\Java\jdk-21\bin\jli.dll
0x00007fffe62f0000 - 0x00007fffe63ac000 	C:\WINDOWS\System32\ADVAPI32.dll
0x00007fffe6610000 - 0x00007fffe66b9000 	C:\WINDOWS\System32\msvcrt.dll
0x00007fffe66c0000 - 0x00007fffe6769000 	C:\WINDOWS\System32\sechost.dll
0x00007fffe5f50000 - 0x00007fffe6068000 	C:\WINDOWS\System32\RPCRT4.dll
0x00007fffe6770000 - 0x00007fffe693f000 	C:\WINDOWS\System32\USER32.dll
0x00007fffe4a20000 - 0x00007fffe4a47000 	C:\WINDOWS\System32\win32u.dll
0x00007fffc7f10000 - 0x00007fffc81a0000 	C:\WINDOWS\WinSxS\amd64_microsoft.windows.common-controls_6595b64144ccf1df_6.0.26100.9278_none_3e0d1ba8e3303201\COMCTL32.dll
0x00007fffe5f10000 - 0x00007fffe5f3b000 	C:\WINDOWS\System32\GDI32.dll
0x00007fffe4eb0000 - 0x00007fffe4fd9000 	C:\WINDOWS\System32\gdi32full.dll
0x00007fffe4c70000 - 0x00007fffe4d13000 	C:\WINDOWS\System32\msvcp_win.dll
0x00007fffd9b10000 - 0x00007fffd9b1b000 	C:\WINDOWS\SYSTEM32\VERSION.dll
0x00007fffe5360000 - 0x00007fffe5391000 	C:\WINDOWS\System32\IMM32.DLL
0x00007fffd02c0000 - 0x00007fffd02cc000 	C:\Program Files\Java\jdk-21\bin\vcruntime140_1.dll
0x00007fff876d0000 - 0x00007fff8775e000 	C:\Program Files\Java\jdk-21\bin\msvcp140.dll
0x00007fff04ea0000 - 0x00007fff05bbd000 	C:\Program Files\Java\jdk-21\bin\server\jvm.dll
0x00007fffe53a0000 - 0x00007fffe5420000 	C:\WINDOWS\System32\WS2_32.dll
0x00007fffe4320000 - 0x00007fffe437e000 	C:\WINDOWS\SYSTEM32\POWRPROF.dll
0x00007fffda300000 - 0x00007fffda336000 	C:\WINDOWS\SYSTEM32\WINMM.dll
0x00007fffe4300000 - 0x00007fffe4315000 	C:\WINDOWS\SYSTEM32\UMPDC.dll
0x00007fffe3190000 - 0x00007fffe31ab000 	C:\WINDOWS\SYSTEM32\kernel.appcore.dll
0x00007fffd02b0000 - 0x00007fffd02ba000 	C:\Program Files\Java\jdk-21\bin\jimage.dll
0x00007fffe1900000 - 0x00007fffe1b4c000 	C:\WINDOWS\SYSTEM32\DBGHELP.DLL
0x00007fffe6950000 - 0x00007fffe6cd5000 	C:\WINDOWS\System32\combase.dll
0x00007fffe6070000 - 0x00007fffe6149000 	C:\WINDOWS\System32\OLEAUT32.dll
0x00007fffbc5e0000 - 0x00007fffbc61b000 	C:\WINDOWS\SYSTEM32\dbgcore.DLL
0x00007fffe4bb0000 - 0x00007fffe4c5c000 	C:\WINDOWS\System32\bcryptPrimitives.dll
0x00007fffd00e0000 - 0x00007fffd00ff000 	C:\Program Files\Java\jdk-21\bin\java.dll
0x00007fffe5490000 - 0x00007fffe5c28000 	C:\WINDOWS\System32\SHELL32.dll
0x00007fffe1f00000 - 0x00007fffe27ae000 	C:\WINDOWS\SYSTEM32\windows.storage.dll
0x00007fffe5c30000 - 0x00007fffe5d2b000 	C:\WINDOWS\System32\SHCORE.dll
0x00007fffe64c0000 - 0x00007fffe6526000 	C:\WINDOWS\System32\shlwapi.dll
0x00007fffe43e0000 - 0x00007fffe4409000 	C:\WINDOWS\SYSTEM32\profapi.dll
0x00007fff74b20000 - 0x00007fff74bf7000 	C:\Program Files\Java\jdk-21\bin\jsvml.dll
0x00007fffcfdb0000 - 0x00007fffcfdc0000 	C:\Program Files\Java\jdk-21\bin\net.dll
0x00007fffdd090000 - 0x00007fffdd1ba000 	C:\WINDOWS\SYSTEM32\WINHTTP.dll
0x00007fffe3750000 - 0x00007fffe37bc000 	C:\WINDOWS\system32\mswsock.dll
0x00007fffc8990000 - 0x00007fffc89a6000 	C:\Program Files\Java\jdk-21\bin\nio.dll
0x00007fffc7530000 - 0x00007fffc7548000 	C:\Program Files\Java\jdk-21\bin\zip.dll
0x000002181bec0000 - 0x000002181bec3000 	C:\libraries\javafx-sdk-21.0.11\bin\api-ms-win-core-console-l1-1-0.dll
0x000002181bed0000 - 0x000002181bed4000 	C:\Program Files\Java\jdk-21\bin\api-ms-win-core-console-l1-2-0.dll
0x000002181bee0000 - 0x000002181bee3000 	C:\libraries\javafx-sdk-21.0.11\bin\api-ms-win-core-datetime-l1-1-0.dll
0x000002181bef0000 - 0x000002181bef3000 	C:\libraries\javafx-sdk-21.0.11\bin\api-ms-win-core-debug-l1-1-0.dll
0x000002181bf00000 - 0x000002181bf03000 	C:\libraries\javafx-sdk-21.0.11\bin\api-ms-win-core-errorhandling-l1-1-0.dll
0x000002181bf10000 - 0x000002181bf14000 	C:\libraries\javafx-sdk-21.0.11\bin\api-ms-win-core-file-l1-1-0.dll
0x000002181bf20000 - 0x000002181bf23000 	C:\libraries\javafx-sdk-21.0.11\bin\api-ms-win-core-file-l1-2-0.dll
0x000002181bf30000 - 0x000002181bf33000 	C:\libraries\javafx-sdk-21.0.11\bin\api-ms-win-core-file-l2-1-0.dll
0x000002181bf40000 - 0x000002181bf43000 	C:\libraries\javafx-sdk-21.0.11\bin\api-ms-win-core-handle-l1-1-0.dll
0x000002181bf50000 - 0x000002181bf53000 	C:\libraries\javafx-sdk-21.0.11\bin\api-ms-win-core-heap-l1-1-0.dll
0x000002181bf60000 - 0x000002181bf63000 	C:\libraries\javafx-sdk-21.0.11\bin\api-ms-win-core-interlocked-l1-1-0.dll
0x000002181bf70000 - 0x000002181bf73000 	C:\libraries\javafx-sdk-21.0.11\bin\api-ms-win-core-libraryloader-l1-1-0.dll
0x000002181bf80000 - 0x000002181bf83000 	C:\libraries\javafx-sdk-21.0.11\bin\api-ms-win-core-localization-l1-2-0.dll
0x000002181bf90000 - 0x000002181bf93000 	C:\libraries\javafx-sdk-21.0.11\bin\api-ms-win-core-memory-l1-1-0.dll
0x000002181bfa0000 - 0x000002181bfa3000 	C:\libraries\javafx-sdk-21.0.11\bin\api-ms-win-core-namedpipe-l1-1-0.dll
0x000002181bfb0000 - 0x000002181bfb3000 	C:\libraries\javafx-sdk-21.0.11\bin\api-ms-win-core-processenvironment-l1-1-0.dll
0x000002181bfc0000 - 0x000002181bfc3000 	C:\libraries\javafx-sdk-21.0.11\bin\api-ms-win-core-processthreads-l1-1-0.dll
0x000002181bfd0000 - 0x000002181bfd3000 	C:\libraries\javafx-sdk-21.0.11\bin\api-ms-win-core-processthreads-l1-1-1.dll
0x000002181bfe0000 - 0x000002181bfe3000 	C:\libraries\javafx-sdk-21.0.11\bin\api-ms-win-core-profile-l1-1-0.dll
0x000002181bff0000 - 0x000002181bff3000 	C:\libraries\javafx-sdk-21.0.11\bin\api-ms-win-core-rtlsupport-l1-1-0.dll
0x0000021861c00000 - 0x0000021861c03000 	C:\libraries\javafx-sdk-21.0.11\bin\api-ms-win-core-string-l1-1-0.dll
0x0000021861c10000 - 0x0000021861c13000 	C:\libraries\javafx-sdk-21.0.11\bin\api-ms-win-core-synch-l1-1-0.dll
0x0000021861c20000 - 0x0000021861c23000 	C:\libraries\javafx-sdk-21.0.11\bin\api-ms-win-core-synch-l1-2-0.dll
0x0000021861c30000 - 0x0000021861c33000 	C:\libraries\javafx-sdk-21.0.11\bin\api-ms-win-core-sysinfo-l1-1-0.dll
0x0000021861c40000 - 0x0000021861c43000 	C:\libraries\javafx-sdk-21.0.11\bin\api-ms-win-core-timezone-l1-1-0.dll
0x0000021861c50000 - 0x0000021861c53000 	C:\libraries\javafx-sdk-21.0.11\bin\api-ms-win-core-util-l1-1-0.dll
0x0000021861c60000 - 0x0000021861c63000 	C:\libraries\javafx-sdk-21.0.11\bin\api-ms-win-crt-conio-l1-1-0.dll
0x0000021861c70000 - 0x0000021861c74000 	C:\libraries\javafx-sdk-21.0.11\bin\api-ms-win-crt-convert-l1-1-0.dll
0x0000021861c80000 - 0x0000021861c83000 	C:\libraries\javafx-sdk-21.0.11\bin\api-ms-win-crt-environment-l1-1-0.dll
0x0000021861c90000 - 0x0000021861c93000 	C:\libraries\javafx-sdk-21.0.11\bin\api-ms-win-crt-filesystem-l1-1-0.dll
0x0000021861ca0000 - 0x0000021861ca3000 	C:\libraries\javafx-sdk-21.0.11\bin\api-ms-win-crt-heap-l1-1-0.dll
0x0000021861cb0000 - 0x0000021861cb3000 	C:\libraries\javafx-sdk-21.0.11\bin\api-ms-win-crt-locale-l1-1-0.dll
0x0000021861cc0000 - 0x0000021861cc5000 	C:\libraries\javafx-sdk-21.0.11\bin\api-ms-win-crt-math-l1-1-0.dll
0x0000021861cd0000 - 0x0000021861cd5000 	C:\libraries\javafx-sdk-21.0.11\bin\api-ms-win-crt-multibyte-l1-1-0.dll
0x0000021861ce0000 - 0x0000021861cef000 	C:\libraries\javafx-sdk-21.0.11\bin\api-ms-win-crt-private-l1-1-0.dll
0x0000021861cf0000 - 0x0000021861cf3000 	C:\libraries\javafx-sdk-21.0.11\bin\api-ms-win-crt-process-l1-1-0.dll
0x0000021861d00000 - 0x0000021861d04000 	C:\libraries\javafx-sdk-21.0.11\bin\api-ms-win-crt-runtime-l1-1-0.dll
0x0000021861d10000 - 0x0000021861d14000 	C:\libraries\javafx-sdk-21.0.11\bin\api-ms-win-crt-stdio-l1-1-0.dll
0x0000021861d20000 - 0x0000021861d24000 	C:\libraries\javafx-sdk-21.0.11\bin\api-ms-win-crt-string-l1-1-0.dll
0x0000021861d30000 - 0x0000021861d33000 	C:\libraries\javafx-sdk-21.0.11\bin\api-ms-win-crt-time-l1-1-0.dll
0x0000021861d40000 - 0x0000021861d43000 	C:\libraries\javafx-sdk-21.0.11\bin\api-ms-win-crt-utility-l1-1-0.dll
0x00007fffc9420000 - 0x00007fffc9512000 	C:\libraries\javafx-sdk-21.0.11\bin\ucrtbase.dll
0x00007fffd15d0000 - 0x00007fffd15eb000 	C:\libraries\javafx-sdk-21.0.11\bin\vcruntime140.dll
0x00007fffddff0000 - 0x00007fffddffc000 	C:\libraries\javafx-sdk-21.0.11\bin\vcruntime140_1.dll
0x00007fffc4e00000 - 0x00007fffc4e8e000 	C:\libraries\javafx-sdk-21.0.11\bin\msvcp140.dll
0x00007fffddfc0000 - 0x00007fffddfc9000 	C:\libraries\javafx-sdk-21.0.11\bin\msvcp140_1.dll
0x00007fffc5090000 - 0x00007fffc50d1000 	C:\libraries\javafx-sdk-21.0.11\bin\msvcp140_2.dll
0x00007fffca2f0000 - 0x00007fffca320000 	C:\libraries\javafx-sdk-21.0.11\bin\prism_d3d.dll
0x00007fff6cba0000 - 0x00007fff6cd52000 	C:\WINDOWS\system32\d3d9.dll
0x00007fffe12d0000 - 0x00007fffe12ff000 	C:\WINDOWS\SYSTEM32\dwmapi.dll
0x00007fffe1320000 - 0x00007fffe1364000 	C:\WINDOWS\SYSTEM32\dxcore.dll
0x00007fffe1050000 - 0x00007fffe10f8000 	C:\WINDOWS\system32\uxtheme.dll
0x00007fff88020000 - 0x00007fff882bf000 	C:\WINDOWS\System32\DriverStore\FileRepository\iigd_dch.inf_amd64_54fa1eb33ed01e60\igdumdim64.dll
0x00007fffe51c0000 - 0x00007fffe535a000 	C:\WINDOWS\System32\ole32.dll
0x00007fff3b660000 - 0x00007fff3cdcb000 	C:\WINDOWS\System32\DriverStore\FileRepository\iigd_dch.inf_amd64_54fa1eb33ed01e60\igd9dxva64.dll
0x00007fffe6ce0000 - 0x00007fffe7167000 	C:\WINDOWS\System32\SETUPAPI.dll
0x00007fffe3fe0000 - 0x00007fffe4032000 	C:\WINDOWS\SYSTEM32\cfgmgr32.dll
0x00007fffcb0e0000 - 0x00007fffcd1b3000 	C:\WINDOWS\System32\DriverStore\FileRepository\iigd_dch.inf_amd64_54fa1eb33ed01e60\media_bin_64.dll
0x00007fffd9560000 - 0x00007fffd9b0b000 	C:\WINDOWS\System32\DriverStore\FileRepository\iigd_dch.inf_amd64_54fa1eb33ed01e60\igdgmm64.dll
0x00007fffdc5a0000 - 0x00007fffdc5fe000 	C:\WINDOWS\SYSTEM32\directxdatabasehelper.dll
0x00007fffa52c0000 - 0x00007fffa5302000 	C:\libraries\javafx-sdk-21.0.11\bin\glass.dll
0x00007fffe63c0000 - 0x00007fffe64b5000 	C:\WINDOWS\System32\COMDLG32.dll
0x00007fffe6190000 - 0x00007fffe62eb000 	C:\WINDOWS\System32\MSCTF.dll
0x00007fffcb0b0000 - 0x00007fffcb0d8000 	C:\WINDOWS\System32\DriverStore\FileRepository\iigd_dch.inf_amd64_54fa1eb33ed01e60\igdinfo64.dll
0x00007fffd42a0000 - 0x00007fffd9554000 	C:\WINDOWS\System32\DriverStore\FileRepository\iigd_dch.inf_amd64_54fa1eb33ed01e60\igc64.dll
0x00007fffba550000 - 0x00007fffba565000 	C:\libraries\javafx-sdk-21.0.11\bin\javafx_font.dll
0x00007fffdf930000 - 0x00007fffdfb9a000 	C:\WINDOWS\SYSTEM32\dwrite.dll
0x00007fffe4fe0000 - 0x00007fffe508e000 	C:\WINDOWS\System32\clbcatq.dll
0x00007fffdee30000 - 0x00007fffdf068000 	C:\WINDOWS\SYSTEM32\WindowsCodecs.dll
0x00007fffbcf40000 - 0x00007fffbcf9c000 	C:\WINDOWS\system32\dataexchange.dll
0x00007fffd3650000 - 0x00007fffd38a0000 	C:\WINDOWS\system32\twinapi.appcore.dll
0x00007fffa4d90000 - 0x00007fffa4dbc000 	C:\Program Files\Common Files\Microsoft Shared\Ink\rtscom.dll
0x00007fffca5f0000 - 0x00007fffca732000 	C:\WINDOWS\SYSTEM32\textinputframework.dll
0x00007fffe0900000 - 0x00007fffe0a2b000 	C:\WINDOWS\SYSTEM32\CoreMessaging.dll
0x00007fffdbd80000 - 0x00007fffdc064000 	C:\WINDOWS\SYSTEM32\CoreUIComponents.dll
0x00007fffddd20000 - 0x00007fffdde8a000 	C:\WINDOWS\SYSTEM32\wintypes.dll
0x00007fffe3a60000 - 0x00007fffe3a6c000 	C:\WINDOWS\SYSTEM32\CRYPTBASE.DLL
0x00007fffb9390000 - 0x00007fffb948b000 	C:\WINDOWS\SYSTEM32\TextShaping.dll
0x00007fffc7100000 - 0x00007fffc7129000 	C:\WINDOWS\SYSTEM32\edputil.dll

dbghelp: loaded successfully - version: 4.0.5 - missing functions: none
symbol engine: initialized successfully - sym options: 0x614 - pdb path: .;C:\Program Files\Java\jdk-21\bin;C:\WINDOWS\SYSTEM32;C:\WINDOWS\WinSxS\amd64_microsoft.windows.common-controls_6595b64144ccf1df_6.0.26100.9278_none_3e0d1ba8e3303201;C:\Program Files\Java\jdk-21\bin\server;C:\libraries\javafx-sdk-21.0.11\bin;C:\WINDOWS\System32\DriverStore\FileRepository\iigd_dch.inf_amd64_54fa1eb33ed01e60;C:\Program Files\Common Files\Microsoft Shared\Ink

VM Arguments:
jvm_args: -Dfile.encoding=UTF-8 --module-path=C:\libraries\javafx-sdk-21.0.11\lib --add-modules=javafx.controls,javafx.fxml 
java_command: cc.cmartin.system.Main
java_class_path (initial): C:\libraries\javafx-sdk-21.0.11\lib\javafx-swt.jar;C:\libraries\javafx-sdk-21.0.11\lib\javafx.base.jar;C:\libraries\javafx-sdk-21.0.11\lib\javafx.controls.jar;C:\libraries\javafx-sdk-21.0.11\lib\javafx.fxml.jar;C:\libraries\javafx-sdk-21.0.11\lib\javafx.graphics.jar;C:\libraries\javafx-sdk-21.0.11\lib\javafx.media.jar;C:\libraries\javafx-sdk-21.0.11\lib\javafx.swing.jar;C:\libraries\javafx-sdk-21.0.11\lib\javafx.web.jar;C:\Users\H18Y1\OneDrive\Escritorio\Aljamia-Ah\build\classes
Launcher Type: SUN_STANDARD

[Global flags]
     intx CICompilerCount                          = 4                                         {product} {ergonomic}
     uint ConcGCThreads                            = 2                                         {product} {ergonomic}
     uint G1ConcRefinementThreads                  = 8                                         {product} {ergonomic}
   size_t G1HeapRegionSize                         = 1048576                                   {product} {ergonomic}
    uintx GCDrainStackTargetSize                   = 64                                        {product} {ergonomic}
   size_t InitialHeapSize                          = 130023424                                 {product} {ergonomic}
   size_t MarkStackSize                            = 4194304                                   {product} {ergonomic}
   size_t MaxHeapSize                              = 2080374784                                {product} {ergonomic}
   size_t MaxNewSize                               = 1247805440                                {product} {ergonomic}
   size_t MinHeapDeltaBytes                        = 1048576                                   {product} {ergonomic}
   size_t MinHeapSize                              = 8388608                                   {product} {ergonomic}
    uintx NonNMethodCodeHeapSize                   = 5839372                                {pd product} {ergonomic}
    uintx NonProfiledCodeHeapSize                  = 122909434                              {pd product} {ergonomic}
    uintx ProfiledCodeHeapSize                     = 122909434                              {pd product} {ergonomic}
    uintx ReservedCodeCacheSize                    = 251658240                              {pd product} {ergonomic}
     bool SegmentedCodeCache                       = true                                      {product} {ergonomic}
   size_t SoftMaxHeapSize                          = 2080374784                             {manageable} {ergonomic}
     bool UseCompressedOops                        = true                           {product lp64_product} {ergonomic}
     bool UseG1GC                                  = true                                      {product} {ergonomic}
     bool UseLargePagesIndividualAllocation        = false                                  {pd product} {ergonomic}

Logging:
Log output configuration:
 #0: stdout all=warning uptime,level,tags foldmultilines=false
 #1: stderr all=off uptime,level,tags foldmultilines=false

Environment Variables:
PATH=C:\Program Files\Common Files\Oracle\Java\javapath;C:\WINDOWS\system32;C:\WINDOWS;C:\WINDOWS\System32\Wbem;C:\WINDOWS\System32\WindowsPowerShell\v1.0\;C:\WINDOWS\System32\OpenSSH\;C:\Program Files\dotnet\;C:\Program Files\Git\cmd;C:\Program Files\GitHub CLI\;C:\Program Files\MySQL\MySQL Shell 8.0\bin\;C:\Users\H18Y1\AppData\Local\Microsoft\WindowsApps;C:\Users\H18Y1\AppData\Local\Microsoft\WinGet\Packages\Fastfetch-cli.Fastfetch_Microsoft.Winget.Source_8wekyb3d8bbwe;C:\Users\H18Y1\AppData\Local\Programs\Microsoft VS Code\bin;C:\Users\H18Y1\AppData\Local\Microsoft\WinGet\Packages\Gyan.FFmpeg_Microsoft.Winget.Source_8wekyb3d8bbwe\ffmpeg-9.0.1-full_build\bin;
USERNAME=H18Y1
OS=Windows_NT
PROCESSOR_IDENTIFIER=Intel64 Family 6 Model 140 Stepping 1, GenuineIntel
TMP=C:\Users\H18Y1\AppData\Local\Temp
TEMP=C:\Users\H18Y1\AppData\Local\Temp




Periodic native trim disabled

---------------  S Y S T E M  ---------------

OS:
 Windows 11 , 64 bit Build 26100 (10.0.26100.9444)
OS uptime: 17 days 22:23 hours
Hyper-V role detected

CPU: total 8 (initial active 8) (4 cores per cpu, 2 threads per core) family 6 model 140 stepping 1 microcode 0xbe, cx8, cmov, fxsr, ht, mmx, 3dnowpref, sse, sse2, sse3, ssse3, sse4.1, sse4.2, popcnt, lzcnt, tsc, tscinvbit, avx, avx2, aes, erms, clmul, bmi1, bmi2, adx, avx512f, avx512dq, avx512cd, avx512bw, avx512vl, sha, fma, vzeroupper, avx512_vpopcntdq, avx512_vpclmulqdq, avx512_vaes, avx512_vnni, clflush, clflushopt, clwb, avx512_vbmi2, avx512_vbmi, hv, rdtscp, rdpid, fsrm, gfni, avx512_bitalg, f16c, cet_ibt, cet_ss, avx512_ifma
Processor Information for processor 0
  Max Mhz: 2419, Current Mhz: 2419, Mhz Limit: 2419
Processor Information for processor 1
  Max Mhz: 2419, Current Mhz: 2419, Mhz Limit: 2419
Processor Information for processor 2
  Max Mhz: 2419, Current Mhz: 2419, Mhz Limit: 2419
Processor Information for processor 3
  Max Mhz: 2419, Current Mhz: 1209, Mhz Limit: 2419
Processor Information for processor 4
  Max Mhz: 2419, Current Mhz: 1209, Mhz Limit: 2419
Processor Information for processor 5
  Max Mhz: 2419, Current Mhz: 2419, Mhz Limit: 2419
Processor Information for processor 6
  Max Mhz: 2419, Current Mhz: 2419, Mhz Limit: 2419
Processor Information for processor 7
  Max Mhz: 2419, Current Mhz: 2419, Mhz Limit: 2419

Memory: 4k page, system-wide physical 7934M (242M free)
TotalPageFile size 32510M (AvailPageFile size 5M)
current process WorkingSet (physical memory assigned to process): 158M, peak: 306M
current process commit charge ("private bytes"): 350M, peak: 379M

vm_info: Java HotSpot(TM) 64-Bit Server VM (21.0.9+7-LTS-338) for windows-amd64 JRE (21.0.9+7-LTS-338), built on 2025-09-26T06:33:49Z by "mach5run" with MS VC++ 17.6 (VS2022)

END.
