#
# There is insufficient memory for the Java Runtime Environment to continue.
# Native memory allocation (malloc) failed to allocate 75696 bytes for Chunk::new
# Possible reasons:
#   The system is out of physical RAM or swap space
#   The process is running with CompressedOops enabled, and the Java Heap may be blocking the growth of the native heap
# Possible solutions:
#   Reduce memory load on the system
#   Increase physical memory or swap space
#   Check if swap backing store is full
#   Decrease Java heap size (-Xmx/-Xms)
#   Decrease number of Java threads
#   Decrease Java thread stack sizes (-Xss)
#   Set larger code cache with -XX:ReservedCodeCacheSize=
#   JVM is running with Unscaled Compressed Oops mode in which the Java heap is
#     placed in the first 4GB address space. The Java Heap base address is the
#     maximum limit for the native heap growth. Please use -XX:HeapBaseMinAddress
#     to set the Java Heap base and to place the Java Heap above 4GB virtual address.
# This output file may be truncated or incomplete.
#
#  Out of Memory Error (arena.cpp:168), pid=16736, tid=8696
#
# JRE version: Java(TM) SE Runtime Environment (21.0.9+7) (build 21.0.9+7-LTS-338)
# Java VM: Java HotSpot(TM) 64-Bit Server VM (21.0.9+7-LTS-338, mixed mode, sharing, tiered, compressed oops, compressed class ptrs, g1 gc, windows-amd64)
# No core dump will be written. Minidumps are not enabled by default on client versions of Windows
#

---------------  S U M M A R Y ------------

Command Line: -Dfile.encoding=UTF-8 --module-path=C:\libraries\javafx-sdk-21.0.11\lib --add-modules=javafx.controls,javafx.fxml cc.cmartin.system.Main

Host: 11th Gen Intel(R) Core(TM) i5-1135G7 @ 2.40GHz, 8 cores, 7G,  Windows 11 , 64 bit Build 26100 (10.0.26100.9444)
Time: Sat Oct  3 23:00:21 2026 Hora estándar, América Central elapsed time: 8.204825 seconds (0d 0h 0m 8s)

---------------  T H R E A D  ---------------

Current thread (0x00000213eb4e7ad0):  JavaThread "C2 CompilerThread0" daemon [_thread_in_native, id=8696, stack(0x0000005a16800000,0x0000005a16900000) (1024K)]


Current CompileTask:
C2:   8204 3882 %     4       com.sun.marlin.Renderer::_endRendering @ 787 (2639 bytes)

Stack: [0x0000005a16800000,0x0000005a16900000]
Native frames: (J=compiled Java code, j=interpreted, Vv=VM code, C=native code)
V  [jvm.dll+0x6cbf89]
V  [jvm.dll+0x858421]
V  [jvm.dll+0x85a94e]
V  [jvm.dll+0x85b023]
V  [jvm.dll+0x27ebc6]
V  [jvm.dll+0xc4f4d]
V  [jvm.dll+0xc5483]
V  [jvm.dll+0x5d75b7]
V  [jvm.dll+0x382954]
V  [jvm.dll+0x381d9a]
V  [jvm.dll+0x247640]
V  [jvm.dll+0x246c1f]
V  [jvm.dll+0x1c7a3e]
V  [jvm.dll+0x256329]
V  [jvm.dll+0x2548ba]
V  [jvm.dll+0x3efdee]
V  [jvm.dll+0x80265b]
V  [jvm.dll+0x6ca66d]
C  [ucrtbase.dll+0x2cd30]
C  [KERNEL32.DLL+0x2cd87]
C  [ntdll.dll+0xacaec]


---------------  P R O C E S S  ---------------

Threads class SMR info:
_java_thread_list=0x00000213eb4d1b10, length=18, elements={
0x00000213cebff4f0, 0x00000213eb4c9600, 0x00000213eb4ca060, 0x00000213eb4dbd60,
0x00000213eb4dc7c0, 0x00000213eb4ddd90, 0x00000213eb4e0110, 0x00000213eb4e7ad0,
0x00000213eb4ec340, 0x00000213eb725c90, 0x00000213eb9852e0, 0x00000213eb9d9910,
0x00000213f035e210, 0x00000213f02d74c0, 0x00000213f0671a50, 0x00000213f05c0710,
0x00000213f5ccfa50, 0x00000213f5e69e80
}

Java Threads: ( => current thread )
  0x00000213cebff4f0 JavaThread "main"                              [_thread_blocked, id=7176, stack(0x0000005a15a00000,0x0000005a15b00000) (1024K)]
  0x00000213eb4c9600 JavaThread "Reference Handler"          daemon [_thread_blocked, id=7300, stack(0x0000005a16200000,0x0000005a16300000) (1024K)]
  0x00000213eb4ca060 JavaThread "Finalizer"                  daemon [_thread_blocked, id=14068, stack(0x0000005a16300000,0x0000005a16400000) (1024K)]
  0x00000213eb4dbd60 JavaThread "Signal Dispatcher"          daemon [_thread_blocked, id=16096, stack(0x0000005a16400000,0x0000005a16500000) (1024K)]
  0x00000213eb4dc7c0 JavaThread "Attach Listener"            daemon [_thread_blocked, id=21524, stack(0x0000005a16500000,0x0000005a16600000) (1024K)]
  0x00000213eb4ddd90 JavaThread "Service Thread"             daemon [_thread_blocked, id=25220, stack(0x0000005a16600000,0x0000005a16700000) (1024K)]
  0x00000213eb4e0110 JavaThread "Monitor Deflation Thread"   daemon [_thread_blocked, id=7024, stack(0x0000005a16700000,0x0000005a16800000) (1024K)]
=>0x00000213eb4e7ad0 JavaThread "C2 CompilerThread0"         daemon [_thread_in_native, id=8696, stack(0x0000005a16800000,0x0000005a16900000) (1024K)]
  0x00000213eb4ec340 JavaThread "C1 CompilerThread0"         daemon [_thread_blocked, id=21408, stack(0x0000005a16900000,0x0000005a16a00000) (1024K)]
  0x00000213eb725c90 JavaThread "Common-Cleaner"             daemon [_thread_blocked, id=16124, stack(0x0000005a16a00000,0x0000005a16b00000) (1024K)]
  0x00000213eb9852e0 JavaThread "Notification Thread"        daemon [_thread_blocked, id=3628, stack(0x0000005a16b00000,0x0000005a16c00000) (1024K)]
  0x00000213eb9d9910 JavaThread "QuantumRenderer-0"          daemon [_thread_in_native, id=25192, stack(0x0000005a16c00000,0x0000005a16d00000) (1024K)]
  0x00000213f035e210 JavaThread "InvokeLaterDispatcher"      daemon [_thread_blocked, id=26768, stack(0x0000005a16d00000,0x0000005a16e00000) (1024K)]
  0x00000213f02d74c0 JavaThread "JavaFX Application Thread"         [_thread_in_native, id=22772, stack(0x0000005a16e00000,0x0000005a16f00000) (1024K)]
  0x00000213f0671a50 JavaThread "JavaFX-Launcher"                   [_thread_blocked, id=11072, stack(0x0000005a17300000,0x0000005a17400000) (1024K)]
  0x00000213f05c0710 JavaThread "Thread-2"                   daemon [_thread_in_native, id=27200, stack(0x0000005a17200000,0x0000005a17300000) (1024K)]
  0x00000213f5ccfa50 JavaThread "Prism Font Disposer"        daemon [_thread_blocked, id=14696, stack(0x0000005a17c00000,0x0000005a17d00000) (1024K)]
  0x00000213f5e69e80 JavaThread "Cleaner-0"                  daemon [_thread_blocked, id=15756, stack(0x0000005a17f00000,0x0000005a18000000) (1024K)]
Total: 18

Other Threads:
  0x00000213eb4b09a0 VMThread "VM Thread"                           [id=2648, stack(0x0000005a16100000,0x0000005a16200000) (1024K)]
  0x00000213eb49b890 WatcherThread "VM Periodic Task Thread"        [id=11928, stack(0x0000005a16000000,0x0000005a16100000) (1024K)]
  0x00000213cec493b0 WorkerThread "GC Thread#0"                     [id=2792, stack(0x0000005a15b00000,0x0000005a15c00000) (1024K)]
  0x00000213f06ef3c0 WorkerThread "GC Thread#1"                     [id=19552, stack(0x0000005a17400000,0x0000005a17500000) (1024K)]
  0x00000213f065b470 WorkerThread "GC Thread#2"                     [id=28588, stack(0x0000005a17500000,0x0000005a17600000) (1024K)]
  0x00000213f065c030 WorkerThread "GC Thread#3"                     [id=9264, stack(0x0000005a17600000,0x0000005a17700000) (1024K)]
  0x00000213f06ddb30 WorkerThread "GC Thread#4"                     [id=22688, stack(0x0000005a17700000,0x0000005a17800000) (1024K)]
  0x00000213f06e6290 WorkerThread "GC Thread#5"                     [id=27236, stack(0x0000005a17800000,0x0000005a17900000) (1024K)]
  0x00000213f5823dc0 WorkerThread "GC Thread#6"                     [id=8820, stack(0x0000005a17d00000,0x0000005a17e00000) (1024K)]
  0x00000213f5828180 WorkerThread "GC Thread#7"                     [id=2820, stack(0x0000005a17e00000,0x0000005a17f00000) (1024K)]
  0x00000213cec5a930 ConcurrentGCThread "G1 Main Marker"            [id=5076, stack(0x0000005a15c00000,0x0000005a15d00000) (1024K)]
  0x00000213cec5d310 WorkerThread "G1 Conc#0"                       [id=14120, stack(0x0000005a15d00000,0x0000005a15e00000) (1024K)]
  0x00000213cecbe7d0 ConcurrentGCThread "G1 Refine#0"               [id=13460, stack(0x0000005a15e00000,0x0000005a15f00000) (1024K)]
  0x00000213eb36d520 ConcurrentGCThread "G1 Service"                [id=18980, stack(0x0000005a15f00000,0x0000005a16000000) (1024K)]
Total: 14

Threads with active compile tasks:
C2 CompilerThread0     8251 3882 %     4       com.sun.marlin.Renderer::_endRendering @ 787 (2639 bytes)
Total: 1

VM state: not at safepoint (normal execution)

VM Mutex/Monitor currently owned by a thread: None

Heap address: 0x0000000084000000, size: 1984 MB, Compressed Oops mode: 32-bit

CDS archive(s) mapped at: [0x0000021380000000-0x0000021380c90000-0x0000021380c90000), size 13172736, SharedBaseAddress: 0x0000021380000000, ArchiveRelocationMode: 1.
Compressed class space mapped at: 0x0000021381000000-0x00000213c1000000, reserved size: 1073741824
Narrow klass base: 0x0000021380000000, Narrow klass shift: 0, Narrow klass range: 0x100000000

GC Precious Log:
 CardTable entry size: 512
 Card Set container configuration: InlinePtr #cards 5 size 8 Array Of Cards #cards 12 size 40 Howl #buckets 4 coarsen threshold 1843 Howl Bitmap #cards 512 size 80 coarsen threshold 460 Card regions per heap region 1 cards per card region 2048
 CPUs: 8 total, 8 available
 Memory: 7934M
 Large Page Support: Disabled
 NUMA Support: Disabled
 Compressed Oops: Enabled (32-bit)
 Heap Region Size: 1M
 Heap Min Capacity: 8M
 Heap Initial Capacity: 124M
 Heap Max Capacity: 1984M
 Pre-touch: Disabled
 Parallel Workers: 8
 Concurrent Workers: 2
 Concurrent Refinement Workers: 8
 Periodic GC: Disabled

Heap:
 garbage-first heap   total 126976K, used 40170K [0x0000000084000000, 0x0000000100000000)
  region size 1024K, 32 young (32768K), 5 survivors (5120K)
 Metaspace       used 17972K, committed 18304K, reserved 1114112K
  class space    used 2589K, committed 2752K, reserved 1048576K

Heap Regions: E=young(eden), S=young(survivor), O=old, HS=humongous(starts), HC=humongous(continues), CS=collection set, F=free, TAMS=top-at-mark-start, PB=parsable bottom
|   0|0x0000000084000000, 0x0000000084100000, 0x0000000084100000|100%|HS|  |TAMS 0x0000000084000000| PB 0x0000000084000000| Complete 
|   1|0x0000000084100000, 0x0000000084200000, 0x0000000084200000|100%|HC|  |TAMS 0x0000000084100000| PB 0x0000000084100000| Complete 
|   2|0x0000000084200000, 0x0000000084300000, 0x0000000084300000|100%|HC|  |TAMS 0x0000000084200000| PB 0x0000000084200000| Complete 
|   3|0x0000000084300000, 0x0000000084400000, 0x0000000084400000|100%|HC|  |TAMS 0x0000000084300000| PB 0x0000000084300000| Complete 
|   4|0x0000000084400000, 0x0000000084500000, 0x0000000084500000|100%|HC|  |TAMS 0x0000000084400000| PB 0x0000000084400000| Complete 
|   5|0x0000000084500000, 0x0000000084600000, 0x0000000084600000|100%| O|  |TAMS 0x0000000084500000| PB 0x0000000084500000| Untracked 
|   6|0x0000000084600000, 0x0000000084700000, 0x0000000084700000|100%| O|  |TAMS 0x0000000084600000| PB 0x0000000084600000| Untracked 
|   7|0x0000000084700000, 0x0000000084800000, 0x0000000084800000|100%| O|  |TAMS 0x0000000084700000| PB 0x0000000084700000| Untracked 
|   8|0x0000000084800000, 0x00000000848264b0, 0x0000000084900000| 14%| O|  |TAMS 0x0000000084800000| PB 0x0000000084800000| Untracked 
|   9|0x0000000084900000, 0x0000000084a00000, 0x0000000084a00000|100%|HS|  |TAMS 0x0000000084900000| PB 0x0000000084900000| Complete 
|  10|0x0000000084a00000, 0x0000000084b00000, 0x0000000084b00000|100%|HC|  |TAMS 0x0000000084a00000| PB 0x0000000084a00000| Complete 
|  11|0x0000000084b00000, 0x0000000084b00000, 0x0000000084c00000|  0%| F|  |TAMS 0x0000000084b00000| PB 0x0000000084b00000| Untracked 
|  12|0x0000000084c00000, 0x0000000084c00000, 0x0000000084d00000|  0%| F|  |TAMS 0x0000000084c00000| PB 0x0000000084c00000| Untracked 
|  13|0x0000000084d00000, 0x0000000084d00000, 0x0000000084e00000|  0%| F|  |TAMS 0x0000000084d00000| PB 0x0000000084d00000| Untracked 
|  14|0x0000000084e00000, 0x0000000084e00000, 0x0000000084f00000|  0%| F|  |TAMS 0x0000000084e00000| PB 0x0000000084e00000| Untracked 
|  15|0x0000000084f00000, 0x0000000084f00000, 0x0000000085000000|  0%| F|  |TAMS 0x0000000084f00000| PB 0x0000000084f00000| Untracked 
|  16|0x0000000085000000, 0x0000000085000000, 0x0000000085100000|  0%| F|  |TAMS 0x0000000085000000| PB 0x0000000085000000| Untracked 
|  17|0x0000000085100000, 0x0000000085100000, 0x0000000085200000|  0%| F|  |TAMS 0x0000000085100000| PB 0x0000000085100000| Untracked 
|  18|0x0000000085200000, 0x0000000085200000, 0x0000000085300000|  0%| F|  |TAMS 0x0000000085200000| PB 0x0000000085200000| Untracked 
|  19|0x0000000085300000, 0x0000000085300000, 0x0000000085400000|  0%| F|  |TAMS 0x0000000085300000| PB 0x0000000085300000| Untracked 
|  20|0x0000000085400000, 0x0000000085400000, 0x0000000085500000|  0%| F|  |TAMS 0x0000000085400000| PB 0x0000000085400000| Untracked 
|  21|0x0000000085500000, 0x0000000085500000, 0x0000000085600000|  0%| F|  |TAMS 0x0000000085500000| PB 0x0000000085500000| Untracked 
|  22|0x0000000085600000, 0x0000000085600000, 0x0000000085700000|  0%| F|  |TAMS 0x0000000085600000| PB 0x0000000085600000| Untracked 
|  23|0x0000000085700000, 0x0000000085700000, 0x0000000085800000|  0%| F|  |TAMS 0x0000000085700000| PB 0x0000000085700000| Untracked 
|  24|0x0000000085800000, 0x0000000085800000, 0x0000000085900000|  0%| F|  |TAMS 0x0000000085800000| PB 0x0000000085800000| Untracked 
|  25|0x0000000085900000, 0x0000000085900000, 0x0000000085a00000|  0%| F|  |TAMS 0x0000000085900000| PB 0x0000000085900000| Untracked 
|  26|0x0000000085a00000, 0x0000000085a00000, 0x0000000085b00000|  0%| F|  |TAMS 0x0000000085a00000| PB 0x0000000085a00000| Untracked 
|  27|0x0000000085b00000, 0x0000000085b00000, 0x0000000085c00000|  0%| F|  |TAMS 0x0000000085b00000| PB 0x0000000085b00000| Untracked 
|  28|0x0000000085c00000, 0x0000000085c00000, 0x0000000085d00000|  0%| F|  |TAMS 0x0000000085c00000| PB 0x0000000085c00000| Untracked 
|  29|0x0000000085d00000, 0x0000000085d00000, 0x0000000085e00000|  0%| F|  |TAMS 0x0000000085d00000| PB 0x0000000085d00000| Untracked 
|  30|0x0000000085e00000, 0x0000000085e00000, 0x0000000085f00000|  0%| F|  |TAMS 0x0000000085e00000| PB 0x0000000085e00000| Untracked 
|  31|0x0000000085f00000, 0x0000000085f00000, 0x0000000086000000|  0%| F|  |TAMS 0x0000000085f00000| PB 0x0000000085f00000| Untracked 
|  32|0x0000000086000000, 0x0000000086000000, 0x0000000086100000|  0%| F|  |TAMS 0x0000000086000000| PB 0x0000000086000000| Untracked 
|  33|0x0000000086100000, 0x0000000086100000, 0x0000000086200000|  0%| F|  |TAMS 0x0000000086100000| PB 0x0000000086100000| Untracked 
|  34|0x0000000086200000, 0x0000000086200000, 0x0000000086300000|  0%| F|  |TAMS 0x0000000086200000| PB 0x0000000086200000| Untracked 
|  35|0x0000000086300000, 0x0000000086300000, 0x0000000086400000|  0%| F|  |TAMS 0x0000000086300000| PB 0x0000000086300000| Untracked 
|  36|0x0000000086400000, 0x0000000086400000, 0x0000000086500000|  0%| F|  |TAMS 0x0000000086400000| PB 0x0000000086400000| Untracked 
|  37|0x0000000086500000, 0x0000000086500000, 0x0000000086600000|  0%| F|  |TAMS 0x0000000086500000| PB 0x0000000086500000| Untracked 
|  38|0x0000000086600000, 0x0000000086600000, 0x0000000086700000|  0%| F|  |TAMS 0x0000000086600000| PB 0x0000000086600000| Untracked 
|  39|0x0000000086700000, 0x0000000086700000, 0x0000000086800000|  0%| F|  |TAMS 0x0000000086700000| PB 0x0000000086700000| Untracked 
|  40|0x0000000086800000, 0x0000000086800000, 0x0000000086900000|  0%| F|  |TAMS 0x0000000086800000| PB 0x0000000086800000| Untracked 
|  41|0x0000000086900000, 0x0000000086900000, 0x0000000086a00000|  0%| F|  |TAMS 0x0000000086900000| PB 0x0000000086900000| Untracked 
|  42|0x0000000086a00000, 0x0000000086a00000, 0x0000000086b00000|  0%| F|  |TAMS 0x0000000086a00000| PB 0x0000000086a00000| Untracked 
|  43|0x0000000086b00000, 0x0000000086b00000, 0x0000000086c00000|  0%| F|  |TAMS 0x0000000086b00000| PB 0x0000000086b00000| Untracked 
|  44|0x0000000086c00000, 0x0000000086c00000, 0x0000000086d00000|  0%| F|  |TAMS 0x0000000086c00000| PB 0x0000000086c00000| Untracked 
|  45|0x0000000086d00000, 0x0000000086d00000, 0x0000000086e00000|  0%| F|  |TAMS 0x0000000086d00000| PB 0x0000000086d00000| Untracked 
|  46|0x0000000086e00000, 0x0000000086e00000, 0x0000000086f00000|  0%| F|  |TAMS 0x0000000086e00000| PB 0x0000000086e00000| Untracked 
|  47|0x0000000086f00000, 0x0000000086f00000, 0x0000000087000000|  0%| F|  |TAMS 0x0000000086f00000| PB 0x0000000086f00000| Untracked 
|  48|0x0000000087000000, 0x0000000087000000, 0x0000000087100000|  0%| F|  |TAMS 0x0000000087000000| PB 0x0000000087000000| Untracked 
|  49|0x0000000087100000, 0x0000000087100000, 0x0000000087200000|  0%| F|  |TAMS 0x0000000087100000| PB 0x0000000087100000| Untracked 
|  50|0x0000000087200000, 0x0000000087200000, 0x0000000087300000|  0%| F|  |TAMS 0x0000000087200000| PB 0x0000000087200000| Untracked 
|  51|0x0000000087300000, 0x0000000087300000, 0x0000000087400000|  0%| F|  |TAMS 0x0000000087300000| PB 0x0000000087300000| Untracked 
|  52|0x0000000087400000, 0x0000000087400000, 0x0000000087500000|  0%| F|  |TAMS 0x0000000087400000| PB 0x0000000087400000| Untracked 
|  53|0x0000000087500000, 0x0000000087500000, 0x0000000087600000|  0%| F|  |TAMS 0x0000000087500000| PB 0x0000000087500000| Untracked 
|  54|0x0000000087600000, 0x0000000087600000, 0x0000000087700000|  0%| F|  |TAMS 0x0000000087600000| PB 0x0000000087600000| Untracked 
|  55|0x0000000087700000, 0x0000000087700000, 0x0000000087800000|  0%| F|  |TAMS 0x0000000087700000| PB 0x0000000087700000| Untracked 
|  56|0x0000000087800000, 0x0000000087800000, 0x0000000087900000|  0%| F|  |TAMS 0x0000000087800000| PB 0x0000000087800000| Untracked 
|  57|0x0000000087900000, 0x0000000087900000, 0x0000000087a00000|  0%| F|  |TAMS 0x0000000087900000| PB 0x0000000087900000| Untracked 
|  58|0x0000000087a00000, 0x0000000087a00000, 0x0000000087b00000|  0%| F|  |TAMS 0x0000000087a00000| PB 0x0000000087a00000| Untracked 
|  59|0x0000000087b00000, 0x0000000087b00000, 0x0000000087c00000|  0%| F|  |TAMS 0x0000000087b00000| PB 0x0000000087b00000| Untracked 
|  60|0x0000000087c00000, 0x0000000087c00000, 0x0000000087d00000|  0%| F|  |TAMS 0x0000000087c00000| PB 0x0000000087c00000| Untracked 
|  61|0x0000000087d00000, 0x0000000087d00000, 0x0000000087e00000|  0%| F|  |TAMS 0x0000000087d00000| PB 0x0000000087d00000| Untracked 
|  62|0x0000000087e00000, 0x0000000087e00000, 0x0000000087f00000|  0%| F|  |TAMS 0x0000000087e00000| PB 0x0000000087e00000| Untracked 
|  63|0x0000000087f00000, 0x0000000087f00000, 0x0000000088000000|  0%| F|  |TAMS 0x0000000087f00000| PB 0x0000000087f00000| Untracked 
|  64|0x0000000088000000, 0x0000000088000000, 0x0000000088100000|  0%| F|  |TAMS 0x0000000088000000| PB 0x0000000088000000| Untracked 
|  65|0x0000000088100000, 0x0000000088100000, 0x0000000088200000|  0%| F|  |TAMS 0x0000000088100000| PB 0x0000000088100000| Untracked 
|  66|0x0000000088200000, 0x0000000088200000, 0x0000000088300000|  0%| F|  |TAMS 0x0000000088200000| PB 0x0000000088200000| Untracked 
|  67|0x0000000088300000, 0x0000000088300000, 0x0000000088400000|  0%| F|  |TAMS 0x0000000088300000| PB 0x0000000088300000| Untracked 
|  68|0x0000000088400000, 0x0000000088400000, 0x0000000088500000|  0%| F|  |TAMS 0x0000000088400000| PB 0x0000000088400000| Untracked 
|  69|0x0000000088500000, 0x0000000088500000, 0x0000000088600000|  0%| F|  |TAMS 0x0000000088500000| PB 0x0000000088500000| Untracked 
|  70|0x0000000088600000, 0x0000000088600000, 0x0000000088700000|  0%| F|  |TAMS 0x0000000088600000| PB 0x0000000088600000| Untracked 
|  71|0x0000000088700000, 0x0000000088700000, 0x0000000088800000|  0%| F|  |TAMS 0x0000000088700000| PB 0x0000000088700000| Untracked 
|  72|0x0000000088800000, 0x0000000088800000, 0x0000000088900000|  0%| F|  |TAMS 0x0000000088800000| PB 0x0000000088800000| Untracked 
|  73|0x0000000088900000, 0x0000000088900000, 0x0000000088a00000|  0%| F|  |TAMS 0x0000000088900000| PB 0x0000000088900000| Untracked 
|  74|0x0000000088a00000, 0x0000000088a00000, 0x0000000088b00000|  0%| F|  |TAMS 0x0000000088a00000| PB 0x0000000088a00000| Untracked 
|  75|0x0000000088b00000, 0x0000000088b00000, 0x0000000088c00000|  0%| F|  |TAMS 0x0000000088b00000| PB 0x0000000088b00000| Untracked 
|  76|0x0000000088c00000, 0x0000000088c00000, 0x0000000088d00000|  0%| F|  |TAMS 0x0000000088c00000| PB 0x0000000088c00000| Untracked 
|  77|0x0000000088d00000, 0x0000000088d00000, 0x0000000088e00000|  0%| F|  |TAMS 0x0000000088d00000| PB 0x0000000088d00000| Untracked 
|  78|0x0000000088e00000, 0x0000000088e00000, 0x0000000088f00000|  0%| F|  |TAMS 0x0000000088e00000| PB 0x0000000088e00000| Untracked 
|  79|0x0000000088f00000, 0x0000000088f00000, 0x0000000089000000|  0%| F|  |TAMS 0x0000000088f00000| PB 0x0000000088f00000| Untracked 
|  80|0x0000000089000000, 0x0000000089000000, 0x0000000089100000|  0%| F|  |TAMS 0x0000000089000000| PB 0x0000000089000000| Untracked 
|  81|0x0000000089100000, 0x0000000089100000, 0x0000000089200000|  0%| F|  |TAMS 0x0000000089100000| PB 0x0000000089100000| Untracked 
|  82|0x0000000089200000, 0x0000000089214440, 0x0000000089300000|  7%| S|CS|TAMS 0x0000000089200000| PB 0x0000000089200000| Complete 
|  83|0x0000000089300000, 0x0000000089400000, 0x0000000089400000|100%| S|CS|TAMS 0x0000000089300000| PB 0x0000000089300000| Complete 
|  84|0x0000000089400000, 0x0000000089500000, 0x0000000089500000|100%| S|CS|TAMS 0x0000000089400000| PB 0x0000000089400000| Complete 
|  85|0x0000000089500000, 0x0000000089600000, 0x0000000089600000|100%| S|CS|TAMS 0x0000000089500000| PB 0x0000000089500000| Complete 
|  86|0x0000000089600000, 0x0000000089700000, 0x0000000089700000|100%| S|CS|TAMS 0x0000000089600000| PB 0x0000000089600000| Complete 
|  87|0x0000000089700000, 0x0000000089700000, 0x0000000089800000|  0%| F|  |TAMS 0x0000000089700000| PB 0x0000000089700000| Untracked 
|  88|0x0000000089800000, 0x0000000089800000, 0x0000000089900000|  0%| F|  |TAMS 0x0000000089800000| PB 0x0000000089800000| Untracked 
|  89|0x0000000089900000, 0x0000000089900000, 0x0000000089a00000|  0%| F|  |TAMS 0x0000000089900000| PB 0x0000000089900000| Untracked 
|  90|0x0000000089a00000, 0x0000000089a00000, 0x0000000089b00000|  0%| F|  |TAMS 0x0000000089a00000| PB 0x0000000089a00000| Untracked 
|  91|0x0000000089b00000, 0x0000000089b00000, 0x0000000089c00000|  0%| F|  |TAMS 0x0000000089b00000| PB 0x0000000089b00000| Untracked 
|  92|0x0000000089c00000, 0x0000000089c00000, 0x0000000089d00000|  0%| F|  |TAMS 0x0000000089c00000| PB 0x0000000089c00000| Untracked 
|  93|0x0000000089d00000, 0x0000000089d00000, 0x0000000089e00000|  0%| F|  |TAMS 0x0000000089d00000| PB 0x0000000089d00000| Untracked 
|  94|0x0000000089e00000, 0x0000000089e00000, 0x0000000089f00000|  0%| F|  |TAMS 0x0000000089e00000| PB 0x0000000089e00000| Untracked 
|  95|0x0000000089f00000, 0x0000000089f00000, 0x000000008a000000|  0%| F|  |TAMS 0x0000000089f00000| PB 0x0000000089f00000| Untracked 
|  96|0x000000008a000000, 0x000000008a000000, 0x000000008a100000|  0%| F|  |TAMS 0x000000008a000000| PB 0x000000008a000000| Untracked 
|  97|0x000000008a100000, 0x000000008a200000, 0x000000008a200000|100%| E|  |TAMS 0x000000008a100000| PB 0x000000008a100000| Complete 
|  98|0x000000008a200000, 0x000000008a300000, 0x000000008a300000|100%| E|CS|TAMS 0x000000008a200000| PB 0x000000008a200000| Complete 
|  99|0x000000008a300000, 0x000000008a400000, 0x000000008a400000|100%| E|CS|TAMS 0x000000008a300000| PB 0x000000008a300000| Complete 
| 100|0x000000008a400000, 0x000000008a500000, 0x000000008a500000|100%| E|CS|TAMS 0x000000008a400000| PB 0x000000008a400000| Complete 
| 101|0x000000008a500000, 0x000000008a600000, 0x000000008a600000|100%| E|CS|TAMS 0x000000008a500000| PB 0x000000008a500000| Complete 
| 102|0x000000008a600000, 0x000000008a700000, 0x000000008a700000|100%| E|CS|TAMS 0x000000008a600000| PB 0x000000008a600000| Complete 
| 103|0x000000008a700000, 0x000000008a800000, 0x000000008a800000|100%| E|CS|TAMS 0x000000008a700000| PB 0x000000008a700000| Complete 
| 104|0x000000008a800000, 0x000000008a900000, 0x000000008a900000|100%| E|CS|TAMS 0x000000008a800000| PB 0x000000008a800000| Complete 
| 105|0x000000008a900000, 0x000000008aa00000, 0x000000008aa00000|100%| E|CS|TAMS 0x000000008a900000| PB 0x000000008a900000| Complete 
| 106|0x000000008aa00000, 0x000000008ab00000, 0x000000008ab00000|100%| E|CS|TAMS 0x000000008aa00000| PB 0x000000008aa00000| Complete 
| 107|0x000000008ab00000, 0x000000008ac00000, 0x000000008ac00000|100%| E|CS|TAMS 0x000000008ab00000| PB 0x000000008ab00000| Complete 
| 108|0x000000008ac00000, 0x000000008ad00000, 0x000000008ad00000|100%| E|CS|TAMS 0x000000008ac00000| PB 0x000000008ac00000| Complete 
| 109|0x000000008ad00000, 0x000000008ae00000, 0x000000008ae00000|100%| E|  |TAMS 0x000000008ad00000| PB 0x000000008ad00000| Complete 
| 110|0x000000008ae00000, 0x000000008af00000, 0x000000008af00000|100%| E|CS|TAMS 0x000000008ae00000| PB 0x000000008ae00000| Complete 
| 111|0x000000008af00000, 0x000000008b000000, 0x000000008b000000|100%| E|CS|TAMS 0x000000008af00000| PB 0x000000008af00000| Complete 
| 112|0x000000008b000000, 0x000000008b100000, 0x000000008b100000|100%| E|CS|TAMS 0x000000008b000000| PB 0x000000008b000000| Complete 
| 113|0x000000008b100000, 0x000000008b200000, 0x000000008b200000|100%| E|CS|TAMS 0x000000008b100000| PB 0x000000008b100000| Complete 
| 114|0x000000008b200000, 0x000000008b300000, 0x000000008b300000|100%| E|CS|TAMS 0x000000008b200000| PB 0x000000008b200000| Complete 
| 115|0x000000008b300000, 0x000000008b400000, 0x000000008b400000|100%| E|CS|TAMS 0x000000008b300000| PB 0x000000008b300000| Complete 
| 116|0x000000008b400000, 0x000000008b500000, 0x000000008b500000|100%| E|CS|TAMS 0x000000008b400000| PB 0x000000008b400000| Complete 
| 117|0x000000008b500000, 0x000000008b600000, 0x000000008b600000|100%| E|CS|TAMS 0x000000008b500000| PB 0x000000008b500000| Complete 
| 118|0x000000008b600000, 0x000000008b700000, 0x000000008b700000|100%| E|CS|TAMS 0x000000008b600000| PB 0x000000008b600000| Complete 
| 119|0x000000008b700000, 0x000000008b800000, 0x000000008b800000|100%| E|CS|TAMS 0x000000008b700000| PB 0x000000008b700000| Complete 
| 120|0x000000008b800000, 0x000000008b900000, 0x000000008b900000|100%| E|CS|TAMS 0x000000008b800000| PB 0x000000008b800000| Complete 
| 121|0x000000008b900000, 0x000000008ba00000, 0x000000008ba00000|100%| E|CS|TAMS 0x000000008b900000| PB 0x000000008b900000| Complete 
| 122|0x000000008ba00000, 0x000000008bb00000, 0x000000008bb00000|100%| E|CS|TAMS 0x000000008ba00000| PB 0x000000008ba00000| Complete 
| 123|0x000000008bb00000, 0x000000008bc00000, 0x000000008bc00000|100%| E|CS|TAMS 0x000000008bb00000| PB 0x000000008bb00000| Complete 

Card table byte_map: [0x00000213e67b0000,0x00000213e6b90000] _byte_map_base: 0x00000213e6390000

Marking Bits: (CMBitMap*) 0x00000213cec499d0
 Bits: [0x00000213e6b90000, 0x00000213e8a90000)

Polling page: 0x00000213ce3c0000

Metaspace:

Usage:
  Non-class:     15.02 MB used.
      Class:      2.53 MB used.
       Both:     17.55 MB used.

Virtual space:
  Non-class space:       64.00 MB reserved,      15.19 MB ( 24%) committed,  1 nodes.
      Class space:        1.00 GB reserved,       2.69 MB ( <1%) committed,  1 nodes.
             Both:        1.06 GB reserved,      17.88 MB (  2%) committed. 

Chunk freelists:
   Non-Class:  608.00 KB
       Class:  13.16 MB
        Both:  13.76 MB

MaxMetaspaceSize: unlimited
CompressedClassSpaceSize: 1.00 GB
Initial GC threshold: 21.00 MB
Current GC threshold: 21.00 MB
CDS: on
 - commit_granule_bytes: 65536.
 - commit_granule_words: 8192.
 - virtual_space_node_default_size: 8388608.
 - enlarge_chunks_in_place: 1.
 - use_allocation_guard: 0.


Internal statistics:

num_allocs_failed_limit: 0.
num_arena_births: 396.
num_arena_deaths: 0.
num_vsnodes_births: 2.
num_vsnodes_deaths: 0.
num_space_committed: 286.
num_space_uncommitted: 0.
num_chunks_returned_to_freelist: 0.
num_chunks_taken_from_freelist: 1034.
num_chunk_merges: 0.
num_chunk_splits: 703.
num_chunks_enlarged: 521.
num_inconsistent_stats: 0.

CodeHeap 'non-profiled nmethods': size=120000Kb used=1578Kb max_used=1578Kb free=118422Kb
 bounds [0x00000213deb70000, 0x00000213dede0000, 0x00000213e60a0000]
CodeHeap 'profiled nmethods': size=120000Kb used=7668Kb max_used=7668Kb free=112331Kb
 bounds [0x00000213d70a0000, 0x00000213d7820000, 0x00000213de5d0000]
CodeHeap 'non-nmethods': size=5760Kb used=2037Kb max_used=2057Kb free=3722Kb
 bounds [0x00000213de5d0000, 0x00000213de840000, 0x00000213deb70000]
 total_blobs=4723 nmethods=3912 adapters=715
 compilation: enabled
              stopped_count=0, restarted_count=0
 full_count=0

Compilation events (20 events):
Event: 8.170 Thread 0x00000213eb4ec340 3905       1       com.sun.scenario.effect.Effect::getInputs (5 bytes)
Event: 8.170 Thread 0x00000213eb4ec340 nmethod 3905 0x00000213decfa510 code [0x00000213decfa6a0, 0x00000213decfa768]
Event: 8.170 Thread 0x00000213eb4ec340 3906       3       com.sun.scenario.effect.impl.prism.PrFilterContext::getInstance (53 bytes)
Event: 8.171 Thread 0x00000213eb4ec340 nmethod 3906 0x00000213d7815f90 code [0x00000213d78161a0, 0x00000213d7816938]
Event: 8.171 Thread 0x00000213eb4ec340 3907       3       com.sun.marlin.Renderer::lineTo (41 bytes)
Event: 8.171 Thread 0x00000213eb4ec340 nmethod 3907 0x00000213d7816b90 code [0x00000213d7816d80, 0x00000213d7816ff0]
Event: 8.171 Thread 0x00000213eb4ec340 3908       3       com.sun.prism.impl.BaseGraphics::drawTexture (22 bytes)
Event: 8.171 Thread 0x00000213eb4ec340 nmethod 3908 0x00000213d7817110 code [0x00000213d78172e0, 0x00000213d78174c8]
Event: 8.174 Thread 0x00000213eb4ec340 3909       3       javafx.scene.Node::updateBounds (174 bytes)
Event: 8.176 Thread 0x00000213eb4ec340 nmethod 3909 0x00000213d7817590 code [0x00000213d7817940, 0x00000213d78191e0]
Event: 8.192 Thread 0x00000213eb4ec340 3910       3       java.util.stream.ReferencePipeline$3::opWrapSink (10 bytes)
Event: 8.193 Thread 0x00000213eb4ec340 nmethod 3910 0x00000213d7819890 code [0x00000213d7819a80, 0x00000213d781a030]
Event: 8.193 Thread 0x00000213eb4ec340 3911       3       java.util.stream.ReferencePipeline$3$1::<init> (11 bytes)
Event: 8.193 Thread 0x00000213eb4ec340 nmethod 3911 0x00000213d781a210 code [0x00000213d781a400, 0x00000213d781a8e8]
Event: 8.193 Thread 0x00000213eb4ec340 3912       3       java.util.stream.Sink$ChainedReference::begin (11 bytes)
Event: 8.193 Thread 0x00000213eb4ec340 nmethod 3912 0x00000213d781aa90 code [0x00000213d781ac40, 0x00000213d781ae18]
Event: 8.200 Thread 0x00000213eb4ec340 3914       3       javafx.scene.layout.Region::getSnapScaleY (8 bytes)
Event: 8.200 Thread 0x00000213eb4ec340 nmethod 3914 0x00000213d781af10 code [0x00000213d781b160, 0x00000213d781ba68]
Event: 8.200 Thread 0x00000213eb4ec340 3913       3       javafx.scene.layout.HBox::getMargin (10 bytes)
Event: 8.201 Thread 0x00000213eb4ec340 nmethod 3913 0x00000213d781bd10 code [0x00000213d781bf40, 0x00000213d781c970]

GC Heap History (4 events):
Event: 0.822 GC heap before
{Heap before GC invocations=0 (full 0):
 garbage-first heap   total 126976K, used 22528K [0x0000000084000000, 0x0000000100000000)
  region size 1024K, 23 young (23552K), 0 survivors (0K)
 Metaspace       used 5384K, committed 5632K, reserved 1114112K
  class space    used 649K, committed 768K, reserved 1048576K
}
Event: 0.827 GC heap after
{Heap after GC invocations=1 (full 0):
 garbage-first heap   total 126976K, used 3072K [0x0000000084000000, 0x0000000100000000)
  region size 1024K, 3 young (3072K), 3 survivors (3072K)
 Metaspace       used 5384K, committed 5632K, reserved 1114112K
  class space    used 649K, committed 768K, reserved 1048576K
}
Event: 1.697 GC heap before
{Heap before GC invocations=1 (full 0):
 garbage-first heap   total 126976K, used 41984K [0x0000000084000000, 0x0000000100000000)
  region size 1024K, 37 young (37888K), 3 survivors (3072K)
 Metaspace       used 12724K, committed 13056K, reserved 1114112K
  class space    used 1857K, committed 2048K, reserved 1048576K
}
Event: 1.704 GC heap after
{Heap after GC invocations=2 (full 0):
 garbage-first heap   total 126976K, used 12522K [0x0000000084000000, 0x0000000100000000)
  region size 1024K, 5 young (5120K), 5 survivors (5120K)
 Metaspace       used 12724K, committed 13056K, reserved 1114112K
  class space    used 1857K, committed 2048K, reserved 1048576K
}

Dll operation events (20 events):
Event: 0.441 Loaded shared library C:\libraries\javafx-sdk-21.0.11\bin\api-ms-win-crt-locale-l1-1-0.dll
Event: 0.444 Loaded shared library C:\libraries\javafx-sdk-21.0.11\bin\api-ms-win-crt-math-l1-1-0.dll
Event: 0.445 Loaded shared library C:\libraries\javafx-sdk-21.0.11\bin\api-ms-win-crt-multibyte-l1-1-0.dll
Event: 0.447 Loaded shared library C:\libraries\javafx-sdk-21.0.11\bin\api-ms-win-crt-private-l1-1-0.dll
Event: 0.448 Loaded shared library C:\libraries\javafx-sdk-21.0.11\bin\api-ms-win-crt-process-l1-1-0.dll
Event: 0.449 Loaded shared library C:\libraries\javafx-sdk-21.0.11\bin\api-ms-win-crt-runtime-l1-1-0.dll
Event: 0.451 Loaded shared library C:\libraries\javafx-sdk-21.0.11\bin\api-ms-win-crt-stdio-l1-1-0.dll
Event: 0.452 Loaded shared library C:\libraries\javafx-sdk-21.0.11\bin\api-ms-win-crt-string-l1-1-0.dll
Event: 0.454 Loaded shared library C:\libraries\javafx-sdk-21.0.11\bin\api-ms-win-crt-time-l1-1-0.dll
Event: 0.458 Loaded shared library C:\libraries\javafx-sdk-21.0.11\bin\api-ms-win-crt-utility-l1-1-0.dll
Event: 0.460 Loaded shared library C:\libraries\javafx-sdk-21.0.11\bin\ucrtbase.dll
Event: 0.462 Loaded shared library C:\libraries\javafx-sdk-21.0.11\bin\vcruntime140.dll
Event: 0.463 Loaded shared library C:\libraries\javafx-sdk-21.0.11\bin\vcruntime140_1.dll
Event: 0.465 Loaded shared library C:\libraries\javafx-sdk-21.0.11\bin\msvcp140.dll
Event: 0.466 Loaded shared library C:\libraries\javafx-sdk-21.0.11\bin\msvcp140_1.dll
Event: 0.468 Loaded shared library C:\libraries\javafx-sdk-21.0.11\bin\msvcp140_2.dll
Event: 0.527 Loaded shared library C:\libraries\javafx-sdk-21.0.11\bin\prism_d3d.dll
Event: 0.584 Loaded shared library C:\libraries\javafx-sdk-21.0.11\bin\glass.dll
Event: 0.754 Loaded shared library C:\Program Files\Java\jdk-21\bin\jimage.dll
Event: 1.065 Loaded shared library C:\libraries\javafx-sdk-21.0.11\bin\javafx_font.dll

Deoptimization events (20 events):
Event: 4.275 Thread 0x00000213eb9d9910 DEOPT PACKING pc=0x00000213d74d2cba sp=0x0000005a16cfba00
Event: 4.275 Thread 0x00000213eb9d9910 DEOPT UNPACKING pc=0x00000213de6288e2 sp=0x0000005a16cfae68 mode 0
Event: 4.275 Thread 0x00000213eb9d9910 DEOPT PACKING pc=0x00000213d74d2cba sp=0x0000005a16cfba00
Event: 4.275 Thread 0x00000213eb9d9910 DEOPT UNPACKING pc=0x00000213de6288e2 sp=0x0000005a16cfae68 mode 0
Event: 4.275 Thread 0x00000213eb9d9910 DEOPT PACKING pc=0x00000213d74d2cba sp=0x0000005a16cfba00
Event: 4.275 Thread 0x00000213eb9d9910 DEOPT UNPACKING pc=0x00000213de6288e2 sp=0x0000005a16cfae68 mode 0
Event: 5.409 Thread 0x00000213f02d74c0 Uncommon trap: trap_request=0xffffff6e fr.pc=0x00000213decdce14 relative=0x0000000000000a54
Event: 5.409 Thread 0x00000213f02d74c0 Uncommon trap: reason=loop_limit_check action=maybe_recompile pc=0x00000213decdce14 method=javafx.scene.Parent.pickChildrenNode(Lcom/sun/javafx/geom/PickRay;Lcom/sun/javafx/scene/input/PickResultChooser;)Z @ 17 c2
Event: 5.409 Thread 0x00000213f02d74c0 DEOPT PACKING pc=0x00000213decdce14 sp=0x0000005a16efdf40
Event: 5.409 Thread 0x00000213f02d74c0 DEOPT UNPACKING pc=0x00000213de627da2 sp=0x0000005a16efdcf0 mode 2
Event: 5.482 Thread 0x00000213eb9d9910 DEOPT PACKING pc=0x00000213d75363dd sp=0x0000005a16cfc380
Event: 5.482 Thread 0x00000213eb9d9910 DEOPT UNPACKING pc=0x00000213de6288e2 sp=0x0000005a16cfb7e8 mode 0
Event: 6.617 Thread 0x00000213eb9d9910 Uncommon trap: trap_request=0xffffff6e fr.pc=0x00000213decf3504 relative=0x0000000000000a04
Event: 6.617 Thread 0x00000213eb9d9910 Uncommon trap: reason=loop_limit_check action=maybe_recompile pc=0x00000213decf3504 method=com.sun.javafx.sg.prism.NGGroup.computeRenderRoot(Lcom/sun/javafx/sg/prism/NodePath;Lcom/sun/javafx/geom/RectBounds;ILcom/sun/javafx/geom/transform/BaseTransform;Lc
Event: 6.617 Thread 0x00000213eb9d9910 DEOPT PACKING pc=0x00000213decf3504 sp=0x0000005a16cfe6a0
Event: 6.617 Thread 0x00000213eb9d9910 DEOPT UNPACKING pc=0x00000213de627da2 sp=0x0000005a16cfe5c0 mode 2
Event: 8.138 Thread 0x00000213f02d74c0 Uncommon trap: trap_request=0xffffff45 fr.pc=0x00000213decf19f0 relative=0x0000000000000530
Event: 8.138 Thread 0x00000213f02d74c0 Uncommon trap: reason=unstable_if action=reinterpret pc=0x00000213decf19f0 method=javafx.scene.Node.updateBounds()V @ 27 c2
Event: 8.138 Thread 0x00000213f02d74c0 DEOPT PACKING pc=0x00000213decf19f0 sp=0x0000005a16efe140
Event: 8.138 Thread 0x00000213f02d74c0 DEOPT UNPACKING pc=0x00000213de627da2 sp=0x0000005a16efe0f0 mode 2

Classes loaded (20 events):
Event: 2.281 Loading class java/nio/ShortBuffer
Event: 2.281 Loading class java/nio/ShortBuffer done
Event: 2.281 Loading class java/nio/DoubleBuffer
Event: 2.282 Loading class java/nio/DoubleBuffer done
Event: 2.283 Loading class java/nio/DirectFloatBufferU
Event: 2.283 Loading class java/nio/DirectFloatBufferU done
Event: 2.367 Loading class jdk/internal/ref/CleanerImpl$InnocuousThreadFactory
Event: 2.368 Loading class jdk/internal/ref/CleanerImpl$InnocuousThreadFactory done
Event: 2.373 Loading class sun/misc/Unsafe
Event: 2.374 Loading class sun/misc/Unsafe done
Event: 2.374 Loading class java/lang/invoke/DirectMethodHandle$StaticAccessor
Event: 2.374 Loading class java/lang/invoke/DirectMethodHandle$StaticAccessor done
Event: 2.427 Loading class java/lang/FdLibm$Acos
Event: 2.428 Loading class java/lang/FdLibm$Acos done
Event: 2.439 Loading class jdk/internal/foreign/MemorySessionImpl
Event: 2.440 Loading class java/lang/foreign/MemorySegment$Scope
Event: 2.440 Loading class java/lang/foreign/MemorySegment$Scope done
Event: 2.440 Loading class jdk/internal/foreign/MemorySessionImpl done
Event: 3.439 Loading class java/io/UnsupportedEncodingException
Event: 3.439 Loading class java/io/UnsupportedEncodingException done

Classes unloaded (0 events):
No events

Classes redefined (0 events):
No events

Internal exceptions (20 events):
Event: 1.705 Thread 0x00000213f02d74c0 Exception <a 'java/lang/NoSuchMethodError'{0x000000008bb07320}: 'void java.lang.invoke.DirectMethodHandle$Holder.invokeSpecial(java.lang.Object, java.lang.Object, java.lang.Object, java.lang.Object, java.lang.Object, java.lang.Object)'> (0x000000008bb07320) 
thrown [s\open\src\hotspot\share\interpreter\linkResolver.cpp, line 773]
Event: 1.723 Thread 0x00000213f02d74c0 Exception <a 'java/lang/ClassNotFoundException'{0x000000008bbe4380}: com/sun/javafx/scene/control/skin/resources/controls> (0x000000008bbe4380) 
thrown [s\open\src\hotspot\share\prims\jni.cpp, line 539]
Event: 1.724 Thread 0x00000213f02d74c0 Exception <a 'java/lang/ClassNotFoundException'{0x000000008bbf2840}: com/sun/javafx/scene/control/skin/resources/controls_es> (0x000000008bbf2840) 
thrown [s\open\src\hotspot\share\prims\jni.cpp, line 539]
Event: 1.725 Thread 0x00000213f02d74c0 Exception <a 'java/lang/ClassNotFoundException'{0x000000008ba00770}: com/sun/javafx/scene/control/skin/resources/controls_es_GT> (0x000000008ba00770) 
thrown [s\open\src\hotspot\share\prims\jni.cpp, line 539]
Event: 1.755 Thread 0x00000213f02d74c0 Exception <a 'java/lang/NoSuchMethodError'{0x000000008b801558}: 'int java.lang.invoke.DirectMethodHandle$Holder.invokeSpecial(java.lang.Object, java.lang.Object, int)'> (0x000000008b801558) 
thrown [s\open\src\hotspot\share\interpreter\linkResolver.cpp, line 773]
Event: 1.756 Thread 0x00000213f02d74c0 Implicit null exception at 0x00000213debf431c to 0x00000213debf4578
Event: 1.756 Thread 0x00000213f02d74c0 Implicit null exception at 0x00000213debc41e6 to 0x00000213debc428a
Event: 1.896 Thread 0x00000213f02d74c0 Implicit null exception at 0x00000213debf389a to 0x00000213debf3ab8
Event: 2.009 Thread 0x00000213f02d74c0 Exception <a 'java/lang/NoSuchMethodError'{0x000000008afc2748}: 'java.lang.Object java.lang.invoke.DirectMethodHandle$Holder.newInvokeSpecial(java.lang.Object, java.lang.Object, int, int)'> (0x000000008afc2748) 
thrown [s\open\src\hotspot\share\interpreter\linkResolver.cpp, line 773]
Event: 2.009 Thread 0x00000213f02d74c0 Exception <a 'java/lang/NoSuchMethodError'{0x000000008afc6678}: 'java.lang.Object java.lang.invoke.DirectMethodHandle$Holder.invokeSpecial(java.lang.Object, java.lang.Object, java.lang.Object, int, int)'> (0x000000008afc6678) 
thrown [s\open\src\hotspot\share\interpreter\linkResolver.cpp, line 773]
Event: 2.015 Thread 0x00000213f02d74c0 Exception <a 'java/lang/NoSuchMethodError'{0x000000008afd96b0}: 'java.lang.Object java.lang.invoke.DirectMethodHandle$Holder.newInvokeSpecial(java.lang.Object, java.lang.Object, int)'> (0x000000008afd96b0) 
thrown [s\open\src\hotspot\share\interpreter\linkResolver.cpp, line 773]
Event: 2.133 Thread 0x00000213f02d74c0 Exception <a 'java/lang/NoSuchMethodError'{0x000000008ad579a0}: 'long java.lang.invoke.DirectMethodHandle$Holder.invokeStatic(java.lang.Object, java.lang.Object, java.lang.Object)'> (0x000000008ad579a0) 
thrown [s\open\src\hotspot\share\interpreter\linkResolver.cpp, line 773]
Event: 2.133 Thread 0x00000213f02d74c0 Exception <a 'java/lang/NoSuchMethodError'{0x000000008ad5ad80}: 'long java.lang.invoke.DirectMethodHandle$Holder.invokeStaticInit(java.lang.Object, java.lang.Object, java.lang.Object)'> (0x000000008ad5ad80) 
thrown [s\open\src\hotspot\share\interpreter\linkResolver.cpp, line 773]
Event: 2.137 Thread 0x00000213f02d74c0 Exception <a 'java/lang/NoSuchMethodError'{0x000000008ad6f218}: 'java.lang.Object java.lang.invoke.DirectMethodHandle$Holder.newInvokeSpecial(java.lang.Object, java.lang.Object, long)'> (0x000000008ad6f218) 
thrown [s\open\src\hotspot\share\interpreter\linkResolver.cpp, line 773]
Event: 2.139 Thread 0x00000213f02d74c0 Exception <a 'java/lang/NoSuchMethodError'{0x000000008ad72ae0}: 'java.lang.Object java.lang.invoke.Invokers$Holder.linkToTargetMethod(java.lang.Object, long, java.lang.Object)'> (0x000000008ad72ae0) 
thrown [s\open\src\hotspot\share\interpreter\linkResolver.cpp, line 773]
Event: 2.184 Thread 0x00000213eb9d9910 Exception <a 'java/lang/NoSuchMethodError'{0x000000008aca21a8}: 'int java.lang.invoke.DirectMethodHandle$Holder.invokeStaticInit(java.lang.Object, java.lang.Object)'> (0x000000008aca21a8) 
thrown [s\open\src\hotspot\share\interpreter\linkResolver.cpp, line 773]
Event: 2.426 Thread 0x00000213eb9d9910 Exception <a 'java/lang/NoSuchMethodError'{0x000000008a72e978}: 'java.lang.Object java.lang.invoke.DirectMethodHandle$Holder.invokeStaticInit(java.lang.Object, int)'> (0x000000008a72e978) 
thrown [s\open\src\hotspot\share\interpreter\linkResolver.cpp, line 773]
Event: 6.266 Thread 0x00000213f02d74c0 Exception <a 'java/lang/NoSuchMethodError'{0x000000008a136880}: 'java.lang.Object java.lang.invoke.DirectMethodHandle$Holder.newInvokeSpecial(java.lang.Object, java.lang.Object, int, int, int, int, int, java.lang.Object)'> (0x000000008a136880) 
thrown [s\open\src\hotspot\share\interpreter\linkResolver.cpp, line 773]
Event: 6.269 Thread 0x00000213f02d74c0 Exception <a 'java/lang/NoSuchMethodError'{0x000000008a1484a0}: 'java.lang.Object java.lang.invoke.DirectMethodHandle$Holder.newInvokeSpecial(java.lang.Object, java.lang.Object, java.lang.Object, int, int, int, int, int)'> (0x000000008a1484a0) 
thrown [s\open\src\hotspot\share\interpreter\linkResolver.cpp, line 773]
Event: 6.269 Thread 0x00000213f02d74c0 Exception <a 'java/lang/NoSuchMethodError'{0x000000008a14f7c0}: 'java.lang.Object java.lang.invoke.Invokers$Holder.linkToTargetMethod(java.lang.Object, java.lang.Object, int, int, int, int, int, java.lang.Object)'> (0x000000008a14f7c0) 
thrown [s\open\src\hotspot\share\interpreter\linkResolver.cpp, line 773]

ZGC Phase Switch (0 events):
No events

VM Operations (20 events):
Event: 1.697 Executing VM operation: G1CollectForAllocation (G1 Evacuation Pause)
Event: 1.704 Executing VM operation: G1CollectForAllocation (G1 Evacuation Pause) done
Event: 1.896 Executing VM operation: HandshakeAllThreads (Deoptimize)
Event: 1.896 Executing VM operation: HandshakeAllThreads (Deoptimize) done
Event: 1.963 Executing VM operation: ICBufferFull
Event: 1.963 Executing VM operation: ICBufferFull done
Event: 2.000 Executing VM operation: HandshakeAllThreads (Deoptimize)
Event: 2.000 Executing VM operation: HandshakeAllThreads (Deoptimize) done
Event: 2.410 Executing VM operation: ICBufferFull
Event: 2.410 Executing VM operation: ICBufferFull done
Event: 2.661 Executing VM operation: ICBufferFull
Event: 2.661 Executing VM operation: ICBufferFull done
Event: 3.584 Executing VM operation: ICBufferFull
Event: 3.584 Executing VM operation: ICBufferFull done
Event: 4.250 Executing VM operation: ICBufferFull
Event: 4.250 Executing VM operation: ICBufferFull done
Event: 5.251 Executing VM operation: Cleanup
Event: 5.251 Executing VM operation: Cleanup done
Event: 6.252 Executing VM operation: Cleanup
Event: 6.252 Executing VM operation: Cleanup done

Events (18 events):
Event: 0.033 Thread 0x00000213cebff4f0 Thread added: 0x00000213cebff4f0
Event: 0.052 Thread 0x00000213eb4c9600 Thread added: 0x00000213eb4c9600
Event: 0.052 Thread 0x00000213eb4ca060 Thread added: 0x00000213eb4ca060
Event: 0.052 Thread 0x00000213eb4dbd60 Thread added: 0x00000213eb4dbd60
Event: 0.052 Thread 0x00000213eb4dc7c0 Thread added: 0x00000213eb4dc7c0
Event: 0.052 Thread 0x00000213eb4ddd90 Thread added: 0x00000213eb4ddd90
Event: 0.052 Thread 0x00000213eb4e0110 Thread added: 0x00000213eb4e0110
Event: 0.053 Thread 0x00000213eb4e7ad0 Thread added: 0x00000213eb4e7ad0
Event: 0.053 Thread 0x00000213eb4ec340 Thread added: 0x00000213eb4ec340
Event: 0.101 Thread 0x00000213eb725c90 Thread added: 0x00000213eb725c90
Event: 0.244 Thread 0x00000213eb9852e0 Thread added: 0x00000213eb9852e0
Event: 0.518 Thread 0x00000213eb9d9910 Thread added: 0x00000213eb9d9910
Event: 0.588 Thread 0x00000213f035e210 Thread added: 0x00000213f035e210
Event: 0.594 Thread 0x00000213f02d74c0 Thread added: 0x00000213f02d74c0
Event: 0.704 Thread 0x00000213f0671a50 Thread added: 0x00000213f0671a50
Event: 0.710 Thread 0x00000213f05c0710 Thread added: 0x00000213f05c0710
Event: 1.628 Thread 0x00000213f5ccfa50 Thread added: 0x00000213f5ccfa50
Event: 2.368 Thread 0x00000213f5e69e80 Thread added: 0x00000213f5e69e80


Dynamic libraries:
0x00007ff633e60000 - 0x00007ff633e70000 	C:\Program Files\Java\jdk-21\bin\java.exe
0x00007fffe72c0000 - 0x00007fffe7527000 	C:\WINDOWS\SYSTEM32\ntdll.dll
0x00007fffe50a0000 - 0x00007fffe516b000 	C:\WINDOWS\System32\KERNEL32.DLL
0x00007fffe44c0000 - 0x00007fffe48c2000 	C:\WINDOWS\System32\KERNELBASE.dll
0x00007fffe4a50000 - 0x00007fffe4b9c000 	C:\WINDOWS\System32\ucrtbase.dll
0x00007fffd0320000 - 0x00007fffd033b000 	C:\Program Files\Java\jdk-21\bin\VCRUNTIME140.dll
0x00007fffda1c0000 - 0x00007fffda1d9000 	C:\Program Files\Java\jdk-21\bin\jli.dll
0x00007fffe62f0000 - 0x00007fffe63ac000 	C:\WINDOWS\System32\ADVAPI32.dll
0x00007fffe6610000 - 0x00007fffe66b9000 	C:\WINDOWS\System32\msvcrt.dll
0x00007fffe66c0000 - 0x00007fffe6769000 	C:\WINDOWS\System32\sechost.dll
0x00007fffe5f50000 - 0x00007fffe6068000 	C:\WINDOWS\System32\RPCRT4.dll
0x00007fffe6770000 - 0x00007fffe693f000 	C:\WINDOWS\System32\USER32.dll
0x00007fffe4a20000 - 0x00007fffe4a47000 	C:\WINDOWS\System32\win32u.dll
0x00007fffc7f10000 - 0x00007fffc81a0000 	C:\WINDOWS\WinSxS\amd64_microsoft.windows.common-controls_6595b64144ccf1df_6.0.26100.9278_none_3e0d1ba8e3303201\COMCTL32.dll
0x00007fffe5f10000 - 0x00007fffe5f3b000 	C:\WINDOWS\System32\GDI32.dll
0x00007fffe4eb0000 - 0x00007fffe4fd9000 	C:\WINDOWS\System32\gdi32full.dll
0x00007fffe4c70000 - 0x00007fffe4d13000 	C:\WINDOWS\System32\msvcp_win.dll
0x00007fffd9b10000 - 0x00007fffd9b1b000 	C:\WINDOWS\SYSTEM32\VERSION.dll
0x00007fffe5360000 - 0x00007fffe5391000 	C:\WINDOWS\System32\IMM32.DLL
0x00007fffd02c0000 - 0x00007fffd02cc000 	C:\Program Files\Java\jdk-21\bin\vcruntime140_1.dll
0x00007fff876d0000 - 0x00007fff8775e000 	C:\Program Files\Java\jdk-21\bin\msvcp140.dll
0x00007fff04ea0000 - 0x00007fff05bbd000 	C:\Program Files\Java\jdk-21\bin\server\jvm.dll
0x00007fffe53a0000 - 0x00007fffe5420000 	C:\WINDOWS\System32\WS2_32.dll
0x00007fffe4320000 - 0x00007fffe437e000 	C:\WINDOWS\SYSTEM32\POWRPROF.dll
0x00007fffda300000 - 0x00007fffda336000 	C:\WINDOWS\SYSTEM32\WINMM.dll
0x00007fffe4300000 - 0x00007fffe4315000 	C:\WINDOWS\SYSTEM32\UMPDC.dll
0x00007fffe3190000 - 0x00007fffe31ab000 	C:\WINDOWS\SYSTEM32\kernel.appcore.dll
0x00007fffd02b0000 - 0x00007fffd02ba000 	C:\Program Files\Java\jdk-21\bin\jimage.dll
0x00007fffe1900000 - 0x00007fffe1b4c000 	C:\WINDOWS\SYSTEM32\DBGHELP.DLL
0x00007fffe6950000 - 0x00007fffe6cd5000 	C:\WINDOWS\System32\combase.dll
0x00007fffe6070000 - 0x00007fffe6149000 	C:\WINDOWS\System32\OLEAUT32.dll
0x00007fffbc5e0000 - 0x00007fffbc61b000 	C:\WINDOWS\SYSTEM32\dbgcore.DLL
0x00007fffe4bb0000 - 0x00007fffe4c5c000 	C:\WINDOWS\System32\bcryptPrimitives.dll
0x00007fffd00e0000 - 0x00007fffd00ff000 	C:\Program Files\Java\jdk-21\bin\java.dll
0x00007fffe5490000 - 0x00007fffe5c28000 	C:\WINDOWS\System32\SHELL32.dll
0x00007fffe1f00000 - 0x00007fffe27ae000 	C:\WINDOWS\SYSTEM32\windows.storage.dll
0x00007fffe5c30000 - 0x00007fffe5d2b000 	C:\WINDOWS\System32\SHCORE.dll
0x00007fffe64c0000 - 0x00007fffe6526000 	C:\WINDOWS\System32\shlwapi.dll
0x00007fffe43e0000 - 0x00007fffe4409000 	C:\WINDOWS\SYSTEM32\profapi.dll
0x00007fff74b20000 - 0x00007fff74bf7000 	C:\Program Files\Java\jdk-21\bin\jsvml.dll
0x00007fffcfdb0000 - 0x00007fffcfdc0000 	C:\Program Files\Java\jdk-21\bin\net.dll
0x00007fffdd090000 - 0x00007fffdd1ba000 	C:\WINDOWS\SYSTEM32\WINHTTP.dll
0x00007fffe3750000 - 0x00007fffe37bc000 	C:\WINDOWS\system32\mswsock.dll
0x00007fffc8990000 - 0x00007fffc89a6000 	C:\Program Files\Java\jdk-21\bin\nio.dll
0x00007fffc7530000 - 0x00007fffc7548000 	C:\Program Files\Java\jdk-21\bin\zip.dll
0x00000213cebb0000 - 0x00000213cebb3000 	C:\libraries\javafx-sdk-21.0.11\bin\api-ms-win-core-console-l1-1-0.dll
0x00000213eba60000 - 0x00000213eba64000 	C:\Program Files\Java\jdk-21\bin\api-ms-win-core-console-l1-2-0.dll
0x00000213eba70000 - 0x00000213eba73000 	C:\libraries\javafx-sdk-21.0.11\bin\api-ms-win-core-datetime-l1-1-0.dll
0x00000213eba80000 - 0x00000213eba83000 	C:\libraries\javafx-sdk-21.0.11\bin\api-ms-win-core-debug-l1-1-0.dll
0x00000213eba90000 - 0x00000213eba93000 	C:\libraries\javafx-sdk-21.0.11\bin\api-ms-win-core-errorhandling-l1-1-0.dll
0x00000213ebaa0000 - 0x00000213ebaa4000 	C:\libraries\javafx-sdk-21.0.11\bin\api-ms-win-core-file-l1-1-0.dll
0x00000213ebab0000 - 0x00000213ebab3000 	C:\libraries\javafx-sdk-21.0.11\bin\api-ms-win-core-file-l1-2-0.dll
0x00000213ebac0000 - 0x00000213ebac3000 	C:\libraries\javafx-sdk-21.0.11\bin\api-ms-win-core-file-l2-1-0.dll
0x00000213ebad0000 - 0x00000213ebad3000 	C:\libraries\javafx-sdk-21.0.11\bin\api-ms-win-core-handle-l1-1-0.dll
0x00000213ebae0000 - 0x00000213ebae3000 	C:\libraries\javafx-sdk-21.0.11\bin\api-ms-win-core-heap-l1-1-0.dll
0x00000213ebaf0000 - 0x00000213ebaf3000 	C:\libraries\javafx-sdk-21.0.11\bin\api-ms-win-core-interlocked-l1-1-0.dll
0x00000213ebb00000 - 0x00000213ebb03000 	C:\libraries\javafx-sdk-21.0.11\bin\api-ms-win-core-libraryloader-l1-1-0.dll
0x00000213ebb10000 - 0x00000213ebb13000 	C:\libraries\javafx-sdk-21.0.11\bin\api-ms-win-core-localization-l1-2-0.dll
0x00000213ebb20000 - 0x00000213ebb23000 	C:\libraries\javafx-sdk-21.0.11\bin\api-ms-win-core-memory-l1-1-0.dll
0x00000213ebb30000 - 0x00000213ebb33000 	C:\libraries\javafx-sdk-21.0.11\bin\api-ms-win-core-namedpipe-l1-1-0.dll
0x00000213ebb40000 - 0x00000213ebb43000 	C:\libraries\javafx-sdk-21.0.11\bin\api-ms-win-core-processenvironment-l1-1-0.dll
0x00000213ebb50000 - 0x00000213ebb53000 	C:\libraries\javafx-sdk-21.0.11\bin\api-ms-win-core-processthreads-l1-1-0.dll
0x00000213ebb60000 - 0x00000213ebb63000 	C:\libraries\javafx-sdk-21.0.11\bin\api-ms-win-core-processthreads-l1-1-1.dll
0x00000213ebb70000 - 0x00000213ebb73000 	C:\libraries\javafx-sdk-21.0.11\bin\api-ms-win-core-profile-l1-1-0.dll
0x00000213ebb80000 - 0x00000213ebb83000 	C:\libraries\javafx-sdk-21.0.11\bin\api-ms-win-core-rtlsupport-l1-1-0.dll
0x00000213ebb90000 - 0x00000213ebb93000 	C:\libraries\javafx-sdk-21.0.11\bin\api-ms-win-core-string-l1-1-0.dll
0x00000213ebba0000 - 0x00000213ebba3000 	C:\libraries\javafx-sdk-21.0.11\bin\api-ms-win-core-synch-l1-1-0.dll
0x00000213ebbb0000 - 0x00000213ebbb3000 	C:\libraries\javafx-sdk-21.0.11\bin\api-ms-win-core-synch-l1-2-0.dll
0x00000213ebbc0000 - 0x00000213ebbc3000 	C:\libraries\javafx-sdk-21.0.11\bin\api-ms-win-core-sysinfo-l1-1-0.dll
0x00000213ebbd0000 - 0x00000213ebbd3000 	C:\libraries\javafx-sdk-21.0.11\bin\api-ms-win-core-timezone-l1-1-0.dll
0x00000213ebbe0000 - 0x00000213ebbe3000 	C:\libraries\javafx-sdk-21.0.11\bin\api-ms-win-core-util-l1-1-0.dll
0x00000213ebbf0000 - 0x00000213ebbf3000 	C:\libraries\javafx-sdk-21.0.11\bin\api-ms-win-crt-conio-l1-1-0.dll
0x00000213ebc00000 - 0x00000213ebc04000 	C:\libraries\javafx-sdk-21.0.11\bin\api-ms-win-crt-convert-l1-1-0.dll
0x00000213ebc10000 - 0x00000213ebc13000 	C:\libraries\javafx-sdk-21.0.11\bin\api-ms-win-crt-environment-l1-1-0.dll
0x00000213ebc20000 - 0x00000213ebc23000 	C:\libraries\javafx-sdk-21.0.11\bin\api-ms-win-crt-filesystem-l1-1-0.dll
0x00000213ebc30000 - 0x00000213ebc33000 	C:\libraries\javafx-sdk-21.0.11\bin\api-ms-win-crt-heap-l1-1-0.dll
0x00000213ebc40000 - 0x00000213ebc43000 	C:\libraries\javafx-sdk-21.0.11\bin\api-ms-win-crt-locale-l1-1-0.dll
0x00000213ebc50000 - 0x00000213ebc55000 	C:\libraries\javafx-sdk-21.0.11\bin\api-ms-win-crt-math-l1-1-0.dll
0x00000213ebc60000 - 0x00000213ebc65000 	C:\libraries\javafx-sdk-21.0.11\bin\api-ms-win-crt-multibyte-l1-1-0.dll
0x00000213ebc70000 - 0x00000213ebc7f000 	C:\libraries\javafx-sdk-21.0.11\bin\api-ms-win-crt-private-l1-1-0.dll
0x00000213ebc80000 - 0x00000213ebc83000 	C:\libraries\javafx-sdk-21.0.11\bin\api-ms-win-crt-process-l1-1-0.dll
0x00000213ebc90000 - 0x00000213ebc94000 	C:\libraries\javafx-sdk-21.0.11\bin\api-ms-win-crt-runtime-l1-1-0.dll
0x00000213ebca0000 - 0x00000213ebca4000 	C:\libraries\javafx-sdk-21.0.11\bin\api-ms-win-crt-stdio-l1-1-0.dll
0x00000213ebcb0000 - 0x00000213ebcb4000 	C:\libraries\javafx-sdk-21.0.11\bin\api-ms-win-crt-string-l1-1-0.dll
0x00000213ebcc0000 - 0x00000213ebcc3000 	C:\libraries\javafx-sdk-21.0.11\bin\api-ms-win-crt-time-l1-1-0.dll
0x00000213ebcd0000 - 0x00000213ebcd3000 	C:\libraries\javafx-sdk-21.0.11\bin\api-ms-win-crt-utility-l1-1-0.dll
0x00007fff9b9c0000 - 0x00007fff9bab2000 	C:\libraries\javafx-sdk-21.0.11\bin\ucrtbase.dll
0x00007fffd1f20000 - 0x00007fffd1f3b000 	C:\libraries\javafx-sdk-21.0.11\bin\vcruntime140.dll
0x00007fffda1a0000 - 0x00007fffda1ac000 	C:\libraries\javafx-sdk-21.0.11\bin\vcruntime140_1.dll
0x00007fffa2bd0000 - 0x00007fffa2c5e000 	C:\libraries\javafx-sdk-21.0.11\bin\msvcp140.dll
0x00007fffd1b20000 - 0x00007fffd1b29000 	C:\libraries\javafx-sdk-21.0.11\bin\msvcp140_1.dll
0x00007fffc94d0000 - 0x00007fffc9511000 	C:\libraries\javafx-sdk-21.0.11\bin\msvcp140_2.dll
0x00007fffcaf60000 - 0x00007fffcaf90000 	C:\libraries\javafx-sdk-21.0.11\bin\prism_d3d.dll
0x00007fff6cba0000 - 0x00007fff6cd52000 	C:\WINDOWS\system32\d3d9.dll
0x00007fffe12d0000 - 0x00007fffe12ff000 	C:\WINDOWS\SYSTEM32\dwmapi.dll
0x00007fffe1320000 - 0x00007fffe1364000 	C:\WINDOWS\SYSTEM32\dxcore.dll
0x00007fffe1050000 - 0x00007fffe10f8000 	C:\WINDOWS\system32\uxtheme.dll
0x00007fff8ea30000 - 0x00007fff8eccf000 	C:\WINDOWS\System32\DriverStore\FileRepository\iigd_dch.inf_amd64_54fa1eb33ed01e60\igdumdim64.dll
0x00007fffe51c0000 - 0x00007fffe535a000 	C:\WINDOWS\System32\ole32.dll
0x00007fff48770000 - 0x00007fff49edb000 	C:\WINDOWS\System32\DriverStore\FileRepository\iigd_dch.inf_amd64_54fa1eb33ed01e60\igd9dxva64.dll
0x00007fffe6ce0000 - 0x00007fffe7167000 	C:\WINDOWS\System32\SETUPAPI.dll
0x00007fffe3fe0000 - 0x00007fffe4032000 	C:\WINDOWS\SYSTEM32\cfgmgr32.dll
0x00007fffcb0e0000 - 0x00007fffcd1b3000 	C:\WINDOWS\System32\DriverStore\FileRepository\iigd_dch.inf_amd64_54fa1eb33ed01e60\media_bin_64.dll
0x00007fffd9560000 - 0x00007fffd9b0b000 	C:\WINDOWS\System32\DriverStore\FileRepository\iigd_dch.inf_amd64_54fa1eb33ed01e60\igdgmm64.dll
0x00007fffdc5a0000 - 0x00007fffdc5fe000 	C:\WINDOWS\SYSTEM32\directxdatabasehelper.dll
0x00007fffc57b0000 - 0x00007fffc57f2000 	C:\libraries\javafx-sdk-21.0.11\bin\glass.dll
0x00007fffe63c0000 - 0x00007fffe64b5000 	C:\WINDOWS\System32\COMDLG32.dll
0x00007fffe6190000 - 0x00007fffe62eb000 	C:\WINDOWS\System32\MSCTF.dll
0x00007fffcb0b0000 - 0x00007fffcb0d8000 	C:\WINDOWS\System32\DriverStore\FileRepository\iigd_dch.inf_amd64_54fa1eb33ed01e60\igdinfo64.dll
0x00007fffd42a0000 - 0x00007fffd9554000 	C:\WINDOWS\System32\DriverStore\FileRepository\iigd_dch.inf_amd64_54fa1eb33ed01e60\igc64.dll
0x00007fffd1650000 - 0x00007fffd1665000 	C:\libraries\javafx-sdk-21.0.11\bin\javafx_font.dll
0x00007fffdf930000 - 0x00007fffdfb9a000 	C:\WINDOWS\SYSTEM32\dwrite.dll
0x00007fffe4fe0000 - 0x00007fffe508e000 	C:\WINDOWS\System32\clbcatq.dll
0x00007fffdee30000 - 0x00007fffdf068000 	C:\WINDOWS\SYSTEM32\WindowsCodecs.dll
0x00007fffbcf40000 - 0x00007fffbcf9c000 	C:\WINDOWS\system32\dataexchange.dll
0x00007fffd3650000 - 0x00007fffd38a0000 	C:\WINDOWS\system32\twinapi.appcore.dll
0x00007fffca230000 - 0x00007fffca25c000 	C:\Program Files\Common Files\Microsoft Shared\Ink\rtscom.dll
0x00007fffca5f0000 - 0x00007fffca732000 	C:\WINDOWS\SYSTEM32\textinputframework.dll
0x00007fffe0900000 - 0x00007fffe0a2b000 	C:\WINDOWS\SYSTEM32\CoreMessaging.dll
0x00007fffdbd80000 - 0x00007fffdc064000 	C:\WINDOWS\SYSTEM32\CoreUIComponents.dll
0x00007fffddd20000 - 0x00007fffdde8a000 	C:\WINDOWS\SYSTEM32\wintypes.dll
0x00007fffe3a60000 - 0x00007fffe3a6c000 	C:\WINDOWS\SYSTEM32\CRYPTBASE.DLL

dbghelp: loaded successfully - version: 4.0.5 - missing functions: none
symbol engine: initialized successfully - sym options: 0x614 - pdb path: .;C:\Program Files\Java\jdk-21\bin;C:\WINDOWS\SYSTEM32;C:\WINDOWS\WinSxS\amd64_microsoft.windows.common-controls_6595b64144ccf1df_6.0.26100.9278_none_3e0d1ba8e3303201;C:\Program Files\Java\jdk-21\bin\server;C:\libraries\javafx-sdk-21.0.11\bin;C:\WINDOWS\System32\DriverStore\FileRepository\iigd_dch.inf_amd64_54fa1eb33ed01e60;C:\Program Files\Common Files\Microsoft Shared\Ink

VM Arguments:
jvm_args: -Dfile.encoding=UTF-8 --module-path=C:\libraries\javafx-sdk-21.0.11\lib --add-modules=javafx.controls,javafx.fxml 
java_command: cc.cmartin.system.Main
java_class_path (initial): C:\libraries\javafx-sdk-21.0.11\lib\javafx-swt.jar;C:\libraries\javafx-sdk-21.0.11\lib\javafx.base.jar;C:\libraries\javafx-sdk-21.0.11\lib\javafx.controls.jar;C:\libraries\javafx-sdk-21.0.11\lib\javafx.fxml.jar;C:\libraries\javafx-sdk-21.0.11\lib\javafx.graphics.jar;C:\libraries\javafx-sdk-21.0.11\lib\javafx.media.jar;C:\libraries\javafx-sdk-21.0.11\lib\javafx.swing.jar;C:\libraries\javafx-sdk-21.0.11\lib\javafx.web.jar;C:\Users\H18Y1\OneDrive\Escritorio\Aljamia-Ah\build\classes
Launcher Type: SUN_STANDARD

[Global flags]
     intx CICompilerCount                          = 4                                         {product} {ergonomic}
     uint ConcGCThreads                            = 2                                         {product} {ergonomic}
     uint G1ConcRefinementThreads                  = 8                                         {product} {ergonomic}
   size_t G1HeapRegionSize                         = 1048576                                   {product} {ergonomic}
    uintx GCDrainStackTargetSize                   = 64                                        {product} {ergonomic}
   size_t InitialHeapSize                          = 130023424                                 {product} {ergonomic}
   size_t MarkStackSize                            = 4194304                                   {product} {ergonomic}
   size_t MaxHeapSize                              = 2080374784                                {product} {ergonomic}
   size_t MaxNewSize                               = 1247805440                                {product} {ergonomic}
   size_t MinHeapDeltaBytes                        = 1048576                                   {product} {ergonomic}
   size_t MinHeapSize                              = 8388608                                   {product} {ergonomic}
    uintx NonNMethodCodeHeapSize                   = 5839372                                {pd product} {ergonomic}
    uintx NonProfiledCodeHeapSize                  = 122909434                              {pd product} {ergonomic}
    uintx ProfiledCodeHeapSize                     = 122909434                              {pd product} {ergonomic}
    uintx ReservedCodeCacheSize                    = 251658240                              {pd product} {ergonomic}
     bool SegmentedCodeCache                       = true                                      {product} {ergonomic}
   size_t SoftMaxHeapSize                          = 2080374784                             {manageable} {ergonomic}
     bool UseCompressedOops                        = true                           {product lp64_product} {ergonomic}
     bool UseG1GC                                  = true                                      {product} {ergonomic}
     bool UseLargePagesIndividualAllocation        = false                                  {pd product} {ergonomic}

Logging:
Log output configuration:
 #0: stdout all=warning uptime,level,tags foldmultilines=false
 #1: stderr all=off uptime,level,tags foldmultilines=false

Environment Variables:
PATH=C:\Program Files\Common Files\Oracle\Java\javapath;C:\WINDOWS\system32;C:\WINDOWS;C:\WINDOWS\System32\Wbem;C:\WINDOWS\System32\WindowsPowerShell\v1.0\;C:\WINDOWS\System32\OpenSSH\;C:\Program Files\dotnet\;C:\Program Files\Git\cmd;C:\Program Files\GitHub CLI\;C:\Program Files\MySQL\MySQL Shell 8.0\bin\;C:\Users\H18Y1\AppData\Local\Microsoft\WindowsApps;C:\Users\H18Y1\AppData\Local\Microsoft\WinGet\Packages\Fastfetch-cli.Fastfetch_Microsoft.Winget.Source_8wekyb3d8bbwe;C:\Users\H18Y1\AppData\Local\Programs\Microsoft VS Code\bin;C:\Users\H18Y1\AppData\Local\Microsoft\WinGet\Packages\Gyan.FFmpeg_Microsoft.Winget.Source_8wekyb3d8bbwe\ffmpeg-9.0.1-full_build\bin;
USERNAME=H18Y1
OS=Windows_NT
PROCESSOR_IDENTIFIER=Intel64 Family 6 Model 140 Stepping 1, GenuineIntel
TMP=C:\Users\H18Y1\AppData\Local\Temp
TEMP=C:\Users\H18Y1\AppData\Local\Temp




Periodic native trim disabled

---------------  S Y S T E M  ---------------

OS:
 Windows 11 , 64 bit Build 26100 (10.0.26100.9444)
OS uptime: 17 days 23:53 hours
Hyper-V role detected

CPU: total 8 (initial active 8) (4 cores per cpu, 2 threads per core) family 6 model 140 stepping 1 microcode 0xbe, cx8, cmov, fxsr, ht, mmx, 3dnowpref, sse, sse2, sse3, ssse3, sse4.1, sse4.2, popcnt, lzcnt, tsc, tscinvbit, avx, avx2, aes, erms, clmul, bmi1, bmi2, adx, avx512f, avx512dq, avx512cd, avx512bw, avx512vl, sha, fma, vzeroupper, avx512_vpopcntdq, avx512_vpclmulqdq, avx512_vaes, avx512_vnni, clflush, clflushopt, clwb, avx512_vbmi2, avx512_vbmi, hv, rdtscp, rdpid, fsrm, gfni, avx512_bitalg, f16c, cet_ibt, cet_ss, avx512_ifma
Processor Information for processor 0
  Max Mhz: 2419, Current Mhz: 2419, Mhz Limit: 2419
Processor Information for processor 1
  Max Mhz: 2419, Current Mhz: 2015, Mhz Limit: 2419
Processor Information for processor 2
  Max Mhz: 2419, Current Mhz: 2419, Mhz Limit: 2419
Processor Information for processor 3
  Max Mhz: 2419, Current Mhz: 2015, Mhz Limit: 2419
Processor Information for processor 4
  Max Mhz: 2419, Current Mhz: 2419, Mhz Limit: 2419
Processor Information for processor 5
  Max Mhz: 2419, Current Mhz: 2419, Mhz Limit: 2419
Processor Information for processor 6
  Max Mhz: 2419, Current Mhz: 2419, Mhz Limit: 2419
Processor Information for processor 7
  Max Mhz: 2419, Current Mhz: 2015, Mhz Limit: 2419

Memory: 4k page, system-wide physical 7934M (177M free)
TotalPageFile size 32510M (AvailPageFile size 5M)
current process WorkingSet (physical memory assigned to process): 236M, peak: 236M
current process commit charge ("private bytes"): 349M, peak: 349M

vm_info: Java HotSpot(TM) 64-Bit Server VM (21.0.9+7-LTS-338) for windows-amd64 JRE (21.0.9+7-LTS-338), built on 2025-09-26T06:33:49Z by "mach5run" with MS VC++ 17.6 (VS2022)

END.
