#
# There is insufficient memory for the Java Runtime Environment to continue.
# Native memory allocation (malloc) failed to allocate 674448 bytes for Chunk::new
# Possible reasons:
#   The system is out of physical RAM or swap space
#   The process is running with CompressedOops enabled, and the Java Heap may be blocking the growth of the native heap
# Possible solutions:
#   Reduce memory load on the system
#   Increase physical memory or swap space
#   Check if swap backing store is full
#   Decrease Java heap size (-Xmx/-Xms)
#   Decrease number of Java threads
#   Decrease Java thread stack sizes (-Xss)
#   Set larger code cache with -XX:ReservedCodeCacheSize=
#   JVM is running with Unscaled Compressed Oops mode in which the Java heap is
#     placed in the first 4GB address space. The Java Heap base address is the
#     maximum limit for the native heap growth. Please use -XX:HeapBaseMinAddress
#     to set the Java Heap base and to place the Java Heap above 4GB virtual address.
# This output file may be truncated or incomplete.
#
#  Out of Memory Error (arena.cpp:168), pid=13108, tid=19940
#
# JRE version: Java(TM) SE Runtime Environment (21.0.9+7) (build 21.0.9+7-LTS-338)
# Java VM: Java HotSpot(TM) 64-Bit Server VM (21.0.9+7-LTS-338, mixed mode, sharing, tiered, compressed oops, compressed class ptrs, g1 gc, windows-amd64)
# No core dump will be written. Minidumps are not enabled by default on client versions of Windows
#

---------------  S U M M A R Y ------------

Command Line: -Dfile.encoding=UTF-8 --module-path=C:\libraries\javafx-sdk-21.0.11\lib --add-modules=javafx.controls,javafx.fxml cc.cmartin.system.Main

Host: 11th Gen Intel(R) Core(TM) i5-1135G7 @ 2.40GHz, 8 cores, 7G,  Windows 11 , 64 bit Build 26100 (10.0.26100.9444)
Time: Sat Oct  3 23:16:41 2026 Hora estándar, América Central elapsed time: 3.873890 seconds (0d 0h 0m 3s)

---------------  T H R E A D  ---------------

Current thread (0x000001f6aa7ccae0):  JavaThread "C2 CompilerThread0" daemon [_thread_in_native, id=19940, stack(0x0000009984400000,0x0000009984500000) (1024K)]


Current CompileTask:
C2:   3873 3449       4       com.sun.prism.impl.ps.BaseShaderContext::checkState (211 bytes)

Stack: [0x0000009984400000,0x0000009984500000]
Native frames: (J=compiled Java code, j=interpreted, Vv=VM code, C=native code)
V  [jvm.dll+0x6cbf89]
V  [jvm.dll+0x858421]
V  [jvm.dll+0x85a94e]
V  [jvm.dll+0x85b023]
V  [jvm.dll+0x27ebc6]
V  [jvm.dll+0xc4f4d]
V  [jvm.dll+0xc5483]
V  [jvm.dll+0x3b69fc]
V  [jvm.dll+0x382925]
V  [jvm.dll+0x381d9a]
V  [jvm.dll+0x247640]
V  [jvm.dll+0x246c1f]
V  [jvm.dll+0x1c7a3e]
V  [jvm.dll+0x256329]
V  [jvm.dll+0x2548ba]
V  [jvm.dll+0x3efdee]
V  [jvm.dll+0x80265b]
V  [jvm.dll+0x6ca66d]
C  [ucrtbase.dll+0x2cd30]
C  [KERNEL32.DLL+0x2cd87]
C  [ntdll.dll+0xacaec]


---------------  P R O C E S S  ---------------

Threads class SMR info:
_java_thread_list=0x000001f6f1680180, length=18, elements={
0x000001f68bc9ab60, 0x000001f6aa7b3f10, 0x000001f6aa7b4a60, 0x000001f6aa7bd710,
0x000001f6aa7be390, 0x000001f6aa7ca570, 0x000001f6aa7d1920, 0x000001f6aa7ccae0,
0x000001f6aa7dc710, 0x000001f6aa7ce4a0, 0x000001f6aa7cf850, 0x000001f6aa7d1290,
0x000001f6aa7ceb30, 0x000001f6aa7d0570, 0x000001f6aa7cf1c0, 0x000001f6aa7cfee0,
0x000001f6aa7d0c00, 0x000001f6f0568df0
}

Java Threads: ( => current thread )
  0x000001f68bc9ab60 JavaThread "main"                              [_thread_blocked, id=4892, stack(0x0000009983600000,0x0000009983700000) (1024K)]
  0x000001f6aa7b3f10 JavaThread "Reference Handler"          daemon [_thread_blocked, id=2644, stack(0x0000009983e00000,0x0000009983f00000) (1024K)]
  0x000001f6aa7b4a60 JavaThread "Finalizer"                  daemon [_thread_blocked, id=15036, stack(0x0000009983f00000,0x0000009984000000) (1024K)]
  0x000001f6aa7bd710 JavaThread "Signal Dispatcher"          daemon [_thread_blocked, id=25140, stack(0x0000009984000000,0x0000009984100000) (1024K)]
  0x000001f6aa7be390 JavaThread "Attach Listener"            daemon [_thread_blocked, id=10416, stack(0x0000009984100000,0x0000009984200000) (1024K)]
  0x000001f6aa7ca570 JavaThread "Service Thread"             daemon [_thread_blocked, id=26756, stack(0x0000009984200000,0x0000009984300000) (1024K)]
  0x000001f6aa7d1920 JavaThread "Monitor Deflation Thread"   daemon [_thread_blocked, id=4732, stack(0x0000009984300000,0x0000009984400000) (1024K)]
=>0x000001f6aa7ccae0 JavaThread "C2 CompilerThread0"         daemon [_thread_in_native, id=19940, stack(0x0000009984400000,0x0000009984500000) (1024K)]
  0x000001f6aa7dc710 JavaThread "C1 CompilerThread0"         daemon [_thread_blocked, id=12148, stack(0x0000009984500000,0x0000009984600000) (1024K)]
  0x000001f6aa7ce4a0 JavaThread "Common-Cleaner"             daemon [_thread_blocked, id=6116, stack(0x0000009984600000,0x0000009984700000) (1024K)]
  0x000001f6aa7cf850 JavaThread "Notification Thread"        daemon [_thread_blocked, id=18428, stack(0x0000009984800000,0x0000009984900000) (1024K)]
  0x000001f6aa7d1290 JavaThread "QuantumRenderer-0"          daemon [_thread_in_native, id=14212, stack(0x0000009984900000,0x0000009984a00000) (1024K)]
  0x000001f6aa7ceb30 JavaThread "InvokeLaterDispatcher"      daemon [_thread_blocked, id=29140, stack(0x0000009984a00000,0x0000009984b00000) (1024K)]
  0x000001f6aa7d0570 JavaThread "JavaFX Application Thread"         [_thread_in_native, id=22216, stack(0x0000009984b00000,0x0000009984c00000) (1024K)]
  0x000001f6aa7cf1c0 JavaThread "JavaFX-Launcher"                   [_thread_blocked, id=3964, stack(0x0000009985000000,0x0000009985100000) (1024K)]
  0x000001f6aa7cfee0 JavaThread "Thread-2"                   daemon [_thread_in_native, id=14100, stack(0x0000009984f00000,0x0000009985000000) (1024K)]
  0x000001f6aa7d0c00 JavaThread "Prism Font Disposer"        daemon [_thread_blocked, id=2492, stack(0x0000009985900000,0x0000009985a00000) (1024K)]
  0x000001f6f0568df0 JavaThread "Cleaner-0"                  daemon [_thread_blocked, id=10936, stack(0x0000009984700000,0x0000009984800000) (1024K)]
Total: 18

Other Threads:
  0x000001f6aa79be70 VMThread "VM Thread"                           [id=8976, stack(0x0000009983d00000,0x0000009983e00000) (1024K)]
  0x000001f6aa78b400 WatcherThread "VM Periodic Task Thread"        [id=21076, stack(0x0000009983c00000,0x0000009983d00000) (1024K)]
  0x000001f68df27a70 WorkerThread "GC Thread#0"                     [id=24888, stack(0x0000009983700000,0x0000009983800000) (1024K)]
  0x000001f6aa79d0e0 WorkerThread "GC Thread#1"                     [id=25728, stack(0x0000009985100000,0x0000009985200000) (1024K)]
  0x000001f6aa79c980 WorkerThread "GC Thread#2"                     [id=16168, stack(0x0000009985200000,0x0000009985300000) (1024K)]
  0x000001f6aa79bac0 WorkerThread "GC Thread#3"                     [id=23840, stack(0x0000009985300000,0x0000009985400000) (1024K)]
  0x000001f6aa79c220 WorkerThread "GC Thread#4"                     [id=11016, stack(0x0000009985400000,0x0000009985500000) (1024K)]
  0x000001f6aa79d490 WorkerThread "GC Thread#5"                     [id=9264, stack(0x0000009985500000,0x0000009985600000) (1024K)]
  0x000001f6aa79cd30 WorkerThread "GC Thread#6"                     [id=22776, stack(0x0000009985a00000,0x0000009985b00000) (1024K)]
  0x000001f6aa79c5d0 WorkerThread "GC Thread#7"                     [id=14300, stack(0x0000009985b00000,0x0000009985c00000) (1024K)]
  0x000001f68df38260 ConcurrentGCThread "G1 Main Marker"            [id=25360, stack(0x0000009983800000,0x0000009983900000) (1024K)]
  0x000001f68df3a400 WorkerThread "G1 Conc#0"                       [id=2120, stack(0x0000009983900000,0x0000009983a00000) (1024K)]
  0x000001f6aa65a080 ConcurrentGCThread "G1 Refine#0"               [id=15432, stack(0x0000009983a00000,0x0000009983b00000) (1024K)]
  0x000001f6aa65d9c0 ConcurrentGCThread "G1 Service"                [id=21572, stack(0x0000009983b00000,0x0000009983c00000) (1024K)]
Total: 14

Threads with active compile tasks:
C2 CompilerThread0     3948 3449       4       com.sun.prism.impl.ps.BaseShaderContext::checkState (211 bytes)
Total: 1

VM state: not at safepoint (normal execution)

VM Mutex/Monitor currently owned by a thread: None

Heap address: 0x0000000084000000, size: 1984 MB, Compressed Oops mode: 32-bit

CDS archive(s) mapped at: [0x000001f6ab000000-0x000001f6abc90000-0x000001f6abc90000), size 13172736, SharedBaseAddress: 0x000001f6ab000000, ArchiveRelocationMode: 1.
Compressed class space mapped at: 0x000001f6ac000000-0x000001f6ec000000, reserved size: 1073741824
Narrow klass base: 0x000001f6ab000000, Narrow klass shift: 0, Narrow klass range: 0x100000000

GC Precious Log:
 CardTable entry size: 512
 Card Set container configuration: InlinePtr #cards 5 size 8 Array Of Cards #cards 12 size 40 Howl #buckets 4 coarsen threshold 1843 Howl Bitmap #cards 512 size 80 coarsen threshold 460 Card regions per heap region 1 cards per card region 2048
 CPUs: 8 total, 8 available
 Memory: 7934M
 Large Page Support: Disabled
 NUMA Support: Disabled
 Compressed Oops: Enabled (32-bit)
 Heap Region Size: 1M
 Heap Min Capacity: 8M
 Heap Initial Capacity: 124M
 Heap Max Capacity: 1984M
 Pre-touch: Disabled
 Parallel Workers: 8
 Concurrent Workers: 2
 Concurrent Refinement Workers: 8
 Periodic GC: Disabled

Heap:
 garbage-first heap   total 126976K, used 39706K [0x0000000084000000, 0x0000000100000000)
  region size 1024K, 32 young (32768K), 5 survivors (5120K)
 Metaspace       used 17686K, committed 18048K, reserved 1114112K
  class space    used 2592K, committed 2752K, reserved 1048576K

Heap Regions: E=young(eden), S=young(survivor), O=old, HS=humongous(starts), HC=humongous(continues), CS=collection set, F=free, TAMS=top-at-mark-start, PB=parsable bottom
|   0|0x0000000084000000, 0x0000000084100000, 0x0000000084100000|100%|HS|  |TAMS 0x0000000084000000| PB 0x0000000084000000| Complete 
|   1|0x0000000084100000, 0x0000000084200000, 0x0000000084200000|100%|HC|  |TAMS 0x0000000084100000| PB 0x0000000084100000| Complete 
|   2|0x0000000084200000, 0x0000000084300000, 0x0000000084300000|100%|HC|  |TAMS 0x0000000084200000| PB 0x0000000084200000| Complete 
|   3|0x0000000084300000, 0x0000000084400000, 0x0000000084400000|100%|HC|  |TAMS 0x0000000084300000| PB 0x0000000084300000| Complete 
|   4|0x0000000084400000, 0x0000000084500000, 0x0000000084500000|100%|HC|  |TAMS 0x0000000084400000| PB 0x0000000084400000| Complete 
|   5|0x0000000084500000, 0x0000000084600000, 0x0000000084600000|100%| O|  |TAMS 0x0000000084500000| PB 0x0000000084500000| Untracked 
|   6|0x0000000084600000, 0x00000000846c6890, 0x0000000084700000| 77%| O|  |TAMS 0x0000000084600000| PB 0x0000000084600000| Untracked 
|   7|0x0000000084700000, 0x0000000084800000, 0x0000000084800000|100%|HS|  |TAMS 0x0000000084700000| PB 0x0000000084700000| Complete 
|   8|0x0000000084800000, 0x0000000084900000, 0x0000000084900000|100%|HC|  |TAMS 0x0000000084800000| PB 0x0000000084800000| Complete 
|   9|0x0000000084900000, 0x0000000084900000, 0x0000000084a00000|  0%| F|  |TAMS 0x0000000084900000| PB 0x0000000084900000| Untracked 
|  10|0x0000000084a00000, 0x0000000084a00000, 0x0000000084b00000|  0%| F|  |TAMS 0x0000000084a00000| PB 0x0000000084a00000| Untracked 
|  11|0x0000000084b00000, 0x0000000084b00000, 0x0000000084c00000|  0%| F|  |TAMS 0x0000000084b00000| PB 0x0000000084b00000| Untracked 
|  12|0x0000000084c00000, 0x0000000084c00000, 0x0000000084d00000|  0%| F|  |TAMS 0x0000000084c00000| PB 0x0000000084c00000| Untracked 
|  13|0x0000000084d00000, 0x0000000084d00000, 0x0000000084e00000|  0%| F|  |TAMS 0x0000000084d00000| PB 0x0000000084d00000| Untracked 
|  14|0x0000000084e00000, 0x0000000084e00000, 0x0000000084f00000|  0%| F|  |TAMS 0x0000000084e00000| PB 0x0000000084e00000| Untracked 
|  15|0x0000000084f00000, 0x0000000084f00000, 0x0000000085000000|  0%| F|  |TAMS 0x0000000084f00000| PB 0x0000000084f00000| Untracked 
|  16|0x0000000085000000, 0x0000000085000000, 0x0000000085100000|  0%| F|  |TAMS 0x0000000085000000| PB 0x0000000085000000| Untracked 
|  17|0x0000000085100000, 0x0000000085100000, 0x0000000085200000|  0%| F|  |TAMS 0x0000000085100000| PB 0x0000000085100000| Untracked 
|  18|0x0000000085200000, 0x0000000085200000, 0x0000000085300000|  0%| F|  |TAMS 0x0000000085200000| PB 0x0000000085200000| Untracked 
|  19|0x0000000085300000, 0x0000000085300000, 0x0000000085400000|  0%| F|  |TAMS 0x0000000085300000| PB 0x0000000085300000| Untracked 
|  20|0x0000000085400000, 0x0000000085400000, 0x0000000085500000|  0%| F|  |TAMS 0x0000000085400000| PB 0x0000000085400000| Untracked 
|  21|0x0000000085500000, 0x0000000085500000, 0x0000000085600000|  0%| F|  |TAMS 0x0000000085500000| PB 0x0000000085500000| Untracked 
|  22|0x0000000085600000, 0x0000000085600000, 0x0000000085700000|  0%| F|  |TAMS 0x0000000085600000| PB 0x0000000085600000| Untracked 
|  23|0x0000000085700000, 0x0000000085700000, 0x0000000085800000|  0%| F|  |TAMS 0x0000000085700000| PB 0x0000000085700000| Untracked 
|  24|0x0000000085800000, 0x0000000085800000, 0x0000000085900000|  0%| F|  |TAMS 0x0000000085800000| PB 0x0000000085800000| Untracked 
|  25|0x0000000085900000, 0x0000000085900000, 0x0000000085a00000|  0%| F|  |TAMS 0x0000000085900000| PB 0x0000000085900000| Untracked 
|  26|0x0000000085a00000, 0x0000000085a00000, 0x0000000085b00000|  0%| F|  |TAMS 0x0000000085a00000| PB 0x0000000085a00000| Untracked 
|  27|0x0000000085b00000, 0x0000000085b00000, 0x0000000085c00000|  0%| F|  |TAMS 0x0000000085b00000| PB 0x0000000085b00000| Untracked 
|  28|0x0000000085c00000, 0x0000000085c00000, 0x0000000085d00000|  0%| F|  |TAMS 0x0000000085c00000| PB 0x0000000085c00000| Untracked 
|  29|0x0000000085d00000, 0x0000000085d00000, 0x0000000085e00000|  0%| F|  |TAMS 0x0000000085d00000| PB 0x0000000085d00000| Untracked 
|  30|0x0000000085e00000, 0x0000000085e00000, 0x0000000085f00000|  0%| F|  |TAMS 0x0000000085e00000| PB 0x0000000085e00000| Untracked 
|  31|0x0000000085f00000, 0x0000000085f00000, 0x0000000086000000|  0%| F|  |TAMS 0x0000000085f00000| PB 0x0000000085f00000| Untracked 
|  32|0x0000000086000000, 0x0000000086000000, 0x0000000086100000|  0%| F|  |TAMS 0x0000000086000000| PB 0x0000000086000000| Untracked 
|  33|0x0000000086100000, 0x0000000086100000, 0x0000000086200000|  0%| F|  |TAMS 0x0000000086100000| PB 0x0000000086100000| Untracked 
|  34|0x0000000086200000, 0x0000000086200000, 0x0000000086300000|  0%| F|  |TAMS 0x0000000086200000| PB 0x0000000086200000| Untracked 
|  35|0x0000000086300000, 0x0000000086300000, 0x0000000086400000|  0%| F|  |TAMS 0x0000000086300000| PB 0x0000000086300000| Untracked 
|  36|0x0000000086400000, 0x0000000086400000, 0x0000000086500000|  0%| F|  |TAMS 0x0000000086400000| PB 0x0000000086400000| Untracked 
|  37|0x0000000086500000, 0x0000000086500000, 0x0000000086600000|  0%| F|  |TAMS 0x0000000086500000| PB 0x0000000086500000| Untracked 
|  38|0x0000000086600000, 0x0000000086600000, 0x0000000086700000|  0%| F|  |TAMS 0x0000000086600000| PB 0x0000000086600000| Untracked 
|  39|0x0000000086700000, 0x0000000086700000, 0x0000000086800000|  0%| F|  |TAMS 0x0000000086700000| PB 0x0000000086700000| Untracked 
|  40|0x0000000086800000, 0x0000000086800000, 0x0000000086900000|  0%| F|  |TAMS 0x0000000086800000| PB 0x0000000086800000| Untracked 
|  41|0x0000000086900000, 0x0000000086900000, 0x0000000086a00000|  0%| F|  |TAMS 0x0000000086900000| PB 0x0000000086900000| Untracked 
|  42|0x0000000086a00000, 0x0000000086a00000, 0x0000000086b00000|  0%| F|  |TAMS 0x0000000086a00000| PB 0x0000000086a00000| Untracked 
|  43|0x0000000086b00000, 0x0000000086b00000, 0x0000000086c00000|  0%| F|  |TAMS 0x0000000086b00000| PB 0x0000000086b00000| Untracked 
|  44|0x0000000086c00000, 0x0000000086c00000, 0x0000000086d00000|  0%| F|  |TAMS 0x0000000086c00000| PB 0x0000000086c00000| Untracked 
|  45|0x0000000086d00000, 0x0000000086d00000, 0x0000000086e00000|  0%| F|  |TAMS 0x0000000086d00000| PB 0x0000000086d00000| Untracked 
|  46|0x0000000086e00000, 0x0000000086e00000, 0x0000000086f00000|  0%| F|  |TAMS 0x0000000086e00000| PB 0x0000000086e00000| Untracked 
|  47|0x0000000086f00000, 0x0000000086f00000, 0x0000000087000000|  0%| F|  |TAMS 0x0000000086f00000| PB 0x0000000086f00000| Untracked 
|  48|0x0000000087000000, 0x0000000087000000, 0x0000000087100000|  0%| F|  |TAMS 0x0000000087000000| PB 0x0000000087000000| Untracked 
|  49|0x0000000087100000, 0x0000000087100000, 0x0000000087200000|  0%| F|  |TAMS 0x0000000087100000| PB 0x0000000087100000| Untracked 
|  50|0x0000000087200000, 0x0000000087200000, 0x0000000087300000|  0%| F|  |TAMS 0x0000000087200000| PB 0x0000000087200000| Untracked 
|  51|0x0000000087300000, 0x0000000087300000, 0x0000000087400000|  0%| F|  |TAMS 0x0000000087300000| PB 0x0000000087300000| Untracked 
|  52|0x0000000087400000, 0x0000000087400000, 0x0000000087500000|  0%| F|  |TAMS 0x0000000087400000| PB 0x0000000087400000| Untracked 
|  53|0x0000000087500000, 0x0000000087500000, 0x0000000087600000|  0%| F|  |TAMS 0x0000000087500000| PB 0x0000000087500000| Untracked 
|  54|0x0000000087600000, 0x0000000087600000, 0x0000000087700000|  0%| F|  |TAMS 0x0000000087600000| PB 0x0000000087600000| Untracked 
|  55|0x0000000087700000, 0x0000000087700000, 0x0000000087800000|  0%| F|  |TAMS 0x0000000087700000| PB 0x0000000087700000| Untracked 
|  56|0x0000000087800000, 0x0000000087800000, 0x0000000087900000|  0%| F|  |TAMS 0x0000000087800000| PB 0x0000000087800000| Untracked 
|  57|0x0000000087900000, 0x0000000087900000, 0x0000000087a00000|  0%| F|  |TAMS 0x0000000087900000| PB 0x0000000087900000| Untracked 
|  58|0x0000000087a00000, 0x0000000087a00000, 0x0000000087b00000|  0%| F|  |TAMS 0x0000000087a00000| PB 0x0000000087a00000| Untracked 
|  59|0x0000000087b00000, 0x0000000087b00000, 0x0000000087c00000|  0%| F|  |TAMS 0x0000000087b00000| PB 0x0000000087b00000| Untracked 
|  60|0x0000000087c00000, 0x0000000087c00000, 0x0000000087d00000|  0%| F|  |TAMS 0x0000000087c00000| PB 0x0000000087c00000| Untracked 
|  61|0x0000000087d00000, 0x0000000087d00000, 0x0000000087e00000|  0%| F|  |TAMS 0x0000000087d00000| PB 0x0000000087d00000| Untracked 
|  62|0x0000000087e00000, 0x0000000087e00000, 0x0000000087f00000|  0%| F|  |TAMS 0x0000000087e00000| PB 0x0000000087e00000| Untracked 
|  63|0x0000000087f00000, 0x0000000087f00000, 0x0000000088000000|  0%| F|  |TAMS 0x0000000087f00000| PB 0x0000000087f00000| Untracked 
|  64|0x0000000088000000, 0x0000000088000000, 0x0000000088100000|  0%| F|  |TAMS 0x0000000088000000| PB 0x0000000088000000| Untracked 
|  65|0x0000000088100000, 0x0000000088100000, 0x0000000088200000|  0%| F|  |TAMS 0x0000000088100000| PB 0x0000000088100000| Untracked 
|  66|0x0000000088200000, 0x0000000088200000, 0x0000000088300000|  0%| F|  |TAMS 0x0000000088200000| PB 0x0000000088200000| Untracked 
|  67|0x0000000088300000, 0x0000000088300000, 0x0000000088400000|  0%| F|  |TAMS 0x0000000088300000| PB 0x0000000088300000| Untracked 
|  68|0x0000000088400000, 0x0000000088400000, 0x0000000088500000|  0%| F|  |TAMS 0x0000000088400000| PB 0x0000000088400000| Untracked 
|  69|0x0000000088500000, 0x0000000088500000, 0x0000000088600000|  0%| F|  |TAMS 0x0000000088500000| PB 0x0000000088500000| Untracked 
|  70|0x0000000088600000, 0x0000000088600000, 0x0000000088700000|  0%| F|  |TAMS 0x0000000088600000| PB 0x0000000088600000| Untracked 
|  71|0x0000000088700000, 0x0000000088700000, 0x0000000088800000|  0%| F|  |TAMS 0x0000000088700000| PB 0x0000000088700000| Untracked 
|  72|0x0000000088800000, 0x0000000088800000, 0x0000000088900000|  0%| F|  |TAMS 0x0000000088800000| PB 0x0000000088800000| Untracked 
|  73|0x0000000088900000, 0x0000000088900000, 0x0000000088a00000|  0%| F|  |TAMS 0x0000000088900000| PB 0x0000000088900000| Untracked 
|  74|0x0000000088a00000, 0x0000000088a00000, 0x0000000088b00000|  0%| F|  |TAMS 0x0000000088a00000| PB 0x0000000088a00000| Untracked 
|  75|0x0000000088b00000, 0x0000000088b00000, 0x0000000088c00000|  0%| F|  |TAMS 0x0000000088b00000| PB 0x0000000088b00000| Untracked 
|  76|0x0000000088c00000, 0x0000000088c00000, 0x0000000088d00000|  0%| F|  |TAMS 0x0000000088c00000| PB 0x0000000088c00000| Untracked 
|  77|0x0000000088d00000, 0x0000000088d00000, 0x0000000088e00000|  0%| F|  |TAMS 0x0000000088d00000| PB 0x0000000088d00000| Untracked 
|  78|0x0000000088e00000, 0x0000000088e00000, 0x0000000088f00000|  0%| F|  |TAMS 0x0000000088e00000| PB 0x0000000088e00000| Untracked 
|  79|0x0000000088f00000, 0x0000000088f00000, 0x0000000089000000|  0%| F|  |TAMS 0x0000000088f00000| PB 0x0000000088f00000| Untracked 
|  80|0x0000000089000000, 0x0000000089000000, 0x0000000089100000|  0%| F|  |TAMS 0x0000000089000000| PB 0x0000000089000000| Untracked 
|  81|0x0000000089100000, 0x0000000089200000, 0x0000000089200000|100%| S|CS|TAMS 0x0000000089100000| PB 0x0000000089100000| Complete 
|  82|0x0000000089200000, 0x0000000089300000, 0x0000000089300000|100%| S|CS|TAMS 0x0000000089200000| PB 0x0000000089200000| Complete 
|  83|0x0000000089300000, 0x0000000089400000, 0x0000000089400000|100%| S|CS|TAMS 0x0000000089300000| PB 0x0000000089300000| Complete 
|  84|0x0000000089400000, 0x0000000089500000, 0x0000000089500000|100%| S|CS|TAMS 0x0000000089400000| PB 0x0000000089400000| Complete 
|  85|0x0000000089500000, 0x0000000089600000, 0x0000000089600000|100%| S|CS|TAMS 0x0000000089500000| PB 0x0000000089500000| Complete 
|  86|0x0000000089600000, 0x0000000089600000, 0x0000000089700000|  0%| F|  |TAMS 0x0000000089600000| PB 0x0000000089600000| Untracked 
|  87|0x0000000089700000, 0x0000000089700000, 0x0000000089800000|  0%| F|  |TAMS 0x0000000089700000| PB 0x0000000089700000| Untracked 
|  88|0x0000000089800000, 0x0000000089800000, 0x0000000089900000|  0%| F|  |TAMS 0x0000000089800000| PB 0x0000000089800000| Untracked 
|  89|0x0000000089900000, 0x0000000089900000, 0x0000000089a00000|  0%| F|  |TAMS 0x0000000089900000| PB 0x0000000089900000| Untracked 
|  90|0x0000000089a00000, 0x0000000089a00000, 0x0000000089b00000|  0%| F|  |TAMS 0x0000000089a00000| PB 0x0000000089a00000| Untracked 
|  91|0x0000000089b00000, 0x0000000089b00000, 0x0000000089c00000|  0%| F|  |TAMS 0x0000000089b00000| PB 0x0000000089b00000| Untracked 
|  92|0x0000000089c00000, 0x0000000089c00000, 0x0000000089d00000|  0%| F|  |TAMS 0x0000000089c00000| PB 0x0000000089c00000| Untracked 
|  93|0x0000000089d00000, 0x0000000089d00000, 0x0000000089e00000|  0%| F|  |TAMS 0x0000000089d00000| PB 0x0000000089d00000| Untracked 
|  94|0x0000000089e00000, 0x0000000089e00000, 0x0000000089f00000|  0%| F|  |TAMS 0x0000000089e00000| PB 0x0000000089e00000| Untracked 
|  95|0x0000000089f00000, 0x0000000089f00000, 0x000000008a000000|  0%| F|  |TAMS 0x0000000089f00000| PB 0x0000000089f00000| Untracked 
|  96|0x000000008a000000, 0x000000008a000000, 0x000000008a100000|  0%| F|  |TAMS 0x000000008a000000| PB 0x000000008a000000| Untracked 
|  97|0x000000008a100000, 0x000000008a1dbe90, 0x000000008a200000| 85%| E|  |TAMS 0x000000008a100000| PB 0x000000008a100000| Complete 
|  98|0x000000008a200000, 0x000000008a300000, 0x000000008a300000|100%| E|CS|TAMS 0x000000008a200000| PB 0x000000008a200000| Complete 
|  99|0x000000008a300000, 0x000000008a400000, 0x000000008a400000|100%| E|CS|TAMS 0x000000008a300000| PB 0x000000008a300000| Complete 
| 100|0x000000008a400000, 0x000000008a500000, 0x000000008a500000|100%| E|CS|TAMS 0x000000008a400000| PB 0x000000008a400000| Complete 
| 101|0x000000008a500000, 0x000000008a600000, 0x000000008a600000|100%| E|CS|TAMS 0x000000008a500000| PB 0x000000008a500000| Complete 
| 102|0x000000008a600000, 0x000000008a700000, 0x000000008a700000|100%| E|CS|TAMS 0x000000008a600000| PB 0x000000008a600000| Complete 
| 103|0x000000008a700000, 0x000000008a800000, 0x000000008a800000|100%| E|CS|TAMS 0x000000008a700000| PB 0x000000008a700000| Complete 
| 104|0x000000008a800000, 0x000000008a900000, 0x000000008a900000|100%| E|CS|TAMS 0x000000008a800000| PB 0x000000008a800000| Complete 
| 105|0x000000008a900000, 0x000000008aa00000, 0x000000008aa00000|100%| E|CS|TAMS 0x000000008a900000| PB 0x000000008a900000| Complete 
| 106|0x000000008aa00000, 0x000000008ab00000, 0x000000008ab00000|100%| E|CS|TAMS 0x000000008aa00000| PB 0x000000008aa00000| Complete 
| 107|0x000000008ab00000, 0x000000008ac00000, 0x000000008ac00000|100%| E|CS|TAMS 0x000000008ab00000| PB 0x000000008ab00000| Complete 
| 108|0x000000008ac00000, 0x000000008ad00000, 0x000000008ad00000|100%| E|CS|TAMS 0x000000008ac00000| PB 0x000000008ac00000| Complete 
| 109|0x000000008ad00000, 0x000000008ae00000, 0x000000008ae00000|100%| E|CS|TAMS 0x000000008ad00000| PB 0x000000008ad00000| Complete 
| 110|0x000000008ae00000, 0x000000008af00000, 0x000000008af00000|100%| E|CS|TAMS 0x000000008ae00000| PB 0x000000008ae00000| Complete 
| 111|0x000000008af00000, 0x000000008b000000, 0x000000008b000000|100%| E|CS|TAMS 0x000000008af00000| PB 0x000000008af00000| Complete 
| 112|0x000000008b000000, 0x000000008b100000, 0x000000008b100000|100%| E|CS|TAMS 0x000000008b000000| PB 0x000000008b000000| Complete 
| 113|0x000000008b100000, 0x000000008b200000, 0x000000008b200000|100%| E|CS|TAMS 0x000000008b100000| PB 0x000000008b100000| Complete 
| 114|0x000000008b200000, 0x000000008b300000, 0x000000008b300000|100%| E|CS|TAMS 0x000000008b200000| PB 0x000000008b200000| Complete 
| 115|0x000000008b300000, 0x000000008b400000, 0x000000008b400000|100%| E|CS|TAMS 0x000000008b300000| PB 0x000000008b300000| Complete 
| 116|0x000000008b400000, 0x000000008b500000, 0x000000008b500000|100%| E|CS|TAMS 0x000000008b400000| PB 0x000000008b400000| Complete 
| 117|0x000000008b500000, 0x000000008b600000, 0x000000008b600000|100%| E|CS|TAMS 0x000000008b500000| PB 0x000000008b500000| Complete 
| 118|0x000000008b600000, 0x000000008b700000, 0x000000008b700000|100%| E|CS|TAMS 0x000000008b600000| PB 0x000000008b600000| Complete 
| 119|0x000000008b700000, 0x000000008b800000, 0x000000008b800000|100%| E|CS|TAMS 0x000000008b700000| PB 0x000000008b700000| Complete 
| 120|0x000000008b800000, 0x000000008b900000, 0x000000008b900000|100%| E|CS|TAMS 0x000000008b800000| PB 0x000000008b800000| Complete 
| 121|0x000000008b900000, 0x000000008ba00000, 0x000000008ba00000|100%| E|  |TAMS 0x000000008b900000| PB 0x000000008b900000| Complete 
| 122|0x000000008ba00000, 0x000000008bb00000, 0x000000008bb00000|100%| E|CS|TAMS 0x000000008ba00000| PB 0x000000008ba00000| Complete 
| 123|0x000000008bb00000, 0x000000008bc00000, 0x000000008bc00000|100%| E|CS|TAMS 0x000000008bb00000| PB 0x000000008bb00000| Complete 

Card table byte_map: [0x000001f6a5a90000,0x000001f6a5e70000] _byte_map_base: 0x000001f6a5670000

Marking Bits: (CMBitMap*) 0x000001f68df28180
 Bits: [0x000001f6a5e70000, 0x000001f6a7d70000)

Polling page: 0x000001f68c270000

Metaspace:

Usage:
  Non-class:     14.74 MB used.
      Class:      2.53 MB used.
       Both:     17.27 MB used.

Virtual space:
  Non-class space:       64.00 MB reserved,      14.94 MB ( 23%) committed,  1 nodes.
      Class space:        1.00 GB reserved,       2.69 MB ( <1%) committed,  1 nodes.
             Both:        1.06 GB reserved,      17.62 MB (  2%) committed. 

Chunk freelists:
   Non-Class:  976.00 KB
       Class:  13.17 MB
        Both:  14.12 MB

MaxMetaspaceSize: unlimited
CompressedClassSpaceSize: 1.00 GB
Initial GC threshold: 21.00 MB
Current GC threshold: 21.00 MB
CDS: on
 - commit_granule_bytes: 65536.
 - commit_granule_words: 8192.
 - virtual_space_node_default_size: 8388608.
 - enlarge_chunks_in_place: 1.
 - use_allocation_guard: 0.


Internal statistics:

num_allocs_failed_limit: 0.
num_arena_births: 380.
num_arena_deaths: 0.
num_vsnodes_births: 2.
num_vsnodes_deaths: 0.
num_space_committed: 282.
num_space_uncommitted: 0.
num_chunks_returned_to_freelist: 0.
num_chunks_taken_from_freelist: 1006.
num_chunk_merges: 0.
num_chunk_splits: 681.
num_chunks_enlarged: 501.
num_inconsistent_stats: 0.

CodeHeap 'non-profiled nmethods': size=120000Kb used=1445Kb max_used=1445Kb free=118555Kb
 bounds [0x000001f69de50000, 0x000001f69e0c0000, 0x000001f6a5380000]
CodeHeap 'profiled nmethods': size=120000Kb used=6385Kb max_used=6385Kb free=113614Kb
 bounds [0x000001f696380000, 0x000001f6969c0000, 0x000001f69d8b0000]
CodeHeap 'non-nmethods': size=5760Kb used=2036Kb max_used=2051Kb free=3723Kb
 bounds [0x000001f69d8b0000, 0x000001f69db20000, 0x000001f69de50000]
 total_blobs=4264 nmethods=3452 adapters=716
 compilation: enabled
              stopped_count=0, restarted_count=0
 full_count=0

Compilation events (20 events):
Event: 3.775 Thread 0x000001f6aa7dc710 nmethod 3439 0x000001f6969b5590 code [0x000001f6969b5720, 0x000001f6969b5838]
Event: 3.777 Thread 0x000001f6aa7dc710 3440       3       javafx.scene.Node$NodeTransformation::getTranslateX (19 bytes)
Event: 3.778 Thread 0x000001f6aa7dc710 nmethod 3440 0x000001f6969b5910 code [0x000001f6969b5b00, 0x000001f6969b5ea8]
Event: 3.778 Thread 0x000001f6aa7dc710 3441       3       javafx.scene.Node$NodeTransformation::getTranslateY (19 bytes)
Event: 3.778 Thread 0x000001f6aa7dc710 nmethod 3441 0x000001f6969b5f90 code [0x000001f6969b6180, 0x000001f6969b6528]
Event: 3.778 Thread 0x000001f6aa7dc710 3442       3       javafx.scene.Node$NodeTransformation::getTranslateZ (19 bytes)
Event: 3.779 Thread 0x000001f6aa7dc710 nmethod 3442 0x000001f6969b6610 code [0x000001f6969b6800, 0x000001f6969b6ba8]
Event: 3.779 Thread 0x000001f6aa7dc710 3443       3       javafx.scene.Node$NodeTransformation::getRotate (19 bytes)
Event: 3.779 Thread 0x000001f6aa7dc710 nmethod 3443 0x000001f6969b6c90 code [0x000001f6969b6e80, 0x000001f6969b7228]
Event: 3.779 Thread 0x000001f6aa7dc710 3444       3       javafx.scene.Node$NodeTransformation::getScaleY (19 bytes)
Event: 3.779 Thread 0x000001f6aa7dc710 nmethod 3444 0x000001f6969b7310 code [0x000001f6969b7500, 0x000001f6969b78a8]
Event: 3.779 Thread 0x000001f6aa7dc710 3445       3       com.sun.javafx.sg.prism.NGNode::getRenderRoot (90 bytes)
Event: 3.780 Thread 0x000001f6aa7dc710 nmethod 3445 0x000001f6969b7990 code [0x000001f6969b7bc0, 0x000001f6969b8428]
Event: 3.795 Thread 0x000001f6aa7dc710 3446       3       java.util.concurrent.locks.AbstractQueuedSynchronizer::enqueue (72 bytes)
Event: 3.796 Thread 0x000001f6aa7dc710 nmethod 3446 0x000001f6969b8690 code [0x000001f6969b88c0, 0x000001f6969b8fe8]
Event: 3.803 Thread 0x000001f6aa7dc710 3447       3       com.sun.prism.d3d.D3DSwapChain::getContext (8 bytes)
Event: 3.804 Thread 0x000001f6aa7dc710 nmethod 3447 0x000001f6969b9210 code [0x000001f6969b93a0, 0x000001f6969b9550]
Event: 3.811 Thread 0x000001f6aa7ccae0 3448       4       java.util.RegularEnumSet::clear (6 bytes)
Event: 3.812 Thread 0x000001f6aa7ccae0 nmethod 3448 0x000001f69dfb9110 code [0x000001f69dfb92a0, 0x000001f69dfb9330]
Event: 3.828 Thread 0x000001f6aa7ccae0 3449       4       com.sun.prism.impl.ps.BaseShaderContext::checkState (211 bytes)

GC Heap History (4 events):
Event: 0.577 GC heap before
{Heap before GC invocations=0 (full 0):
 garbage-first heap   total 126976K, used 22528K [0x0000000084000000, 0x0000000100000000)
  region size 1024K, 23 young (23552K), 0 survivors (0K)
 Metaspace       used 4435K, committed 4608K, reserved 1114112K
  class space    used 553K, committed 640K, reserved 1048576K
}
Event: 0.579 GC heap after
{Heap after GC invocations=1 (full 0):
 garbage-first heap   total 126976K, used 2683K [0x0000000084000000, 0x0000000100000000)
  region size 1024K, 3 young (3072K), 3 survivors (3072K)
 Metaspace       used 4435K, committed 4608K, reserved 1114112K
  class space    used 553K, committed 640K, reserved 1048576K
}
Event: 1.353 GC heap before
{Heap before GC invocations=1 (full 0):
 garbage-first heap   total 126976K, used 42619K [0x0000000084000000, 0x0000000100000000)
  region size 1024K, 38 young (38912K), 3 survivors (3072K)
 Metaspace       used 12762K, committed 13120K, reserved 1114112K
  class space    used 1863K, committed 2048K, reserved 1048576K
}
Event: 1.360 GC heap after
{Heap after GC invocations=2 (full 0):
 garbage-first heap   total 126976K, used 12058K [0x0000000084000000, 0x0000000100000000)
  region size 1024K, 5 young (5120K), 5 survivors (5120K)
 Metaspace       used 12762K, committed 13120K, reserved 1114112K
  class space    used 1863K, committed 2048K, reserved 1048576K
}

Dll operation events (20 events):
Event: 0.348 Loaded shared library C:\libraries\javafx-sdk-21.0.11\bin\api-ms-win-crt-locale-l1-1-0.dll
Event: 0.349 Loaded shared library C:\libraries\javafx-sdk-21.0.11\bin\api-ms-win-crt-math-l1-1-0.dll
Event: 0.350 Loaded shared library C:\libraries\javafx-sdk-21.0.11\bin\api-ms-win-crt-multibyte-l1-1-0.dll
Event: 0.352 Loaded shared library C:\libraries\javafx-sdk-21.0.11\bin\api-ms-win-crt-private-l1-1-0.dll
Event: 0.353 Loaded shared library C:\libraries\javafx-sdk-21.0.11\bin\api-ms-win-crt-process-l1-1-0.dll
Event: 0.353 Loaded shared library C:\libraries\javafx-sdk-21.0.11\bin\api-ms-win-crt-runtime-l1-1-0.dll
Event: 0.354 Loaded shared library C:\libraries\javafx-sdk-21.0.11\bin\api-ms-win-crt-stdio-l1-1-0.dll
Event: 0.355 Loaded shared library C:\libraries\javafx-sdk-21.0.11\bin\api-ms-win-crt-string-l1-1-0.dll
Event: 0.357 Loaded shared library C:\libraries\javafx-sdk-21.0.11\bin\api-ms-win-crt-time-l1-1-0.dll
Event: 0.358 Loaded shared library C:\libraries\javafx-sdk-21.0.11\bin\api-ms-win-crt-utility-l1-1-0.dll
Event: 0.360 Loaded shared library C:\libraries\javafx-sdk-21.0.11\bin\ucrtbase.dll
Event: 0.362 Loaded shared library C:\libraries\javafx-sdk-21.0.11\bin\vcruntime140.dll
Event: 0.363 Loaded shared library C:\libraries\javafx-sdk-21.0.11\bin\vcruntime140_1.dll
Event: 0.364 Loaded shared library C:\libraries\javafx-sdk-21.0.11\bin\msvcp140.dll
Event: 0.365 Loaded shared library C:\libraries\javafx-sdk-21.0.11\bin\msvcp140_1.dll
Event: 0.367 Loaded shared library C:\libraries\javafx-sdk-21.0.11\bin\msvcp140_2.dll
Event: 0.402 Loaded shared library C:\libraries\javafx-sdk-21.0.11\bin\prism_d3d.dll
Event: 0.440 Loaded shared library C:\libraries\javafx-sdk-21.0.11\bin\glass.dll
Event: 0.553 Loaded shared library C:\Program Files\Java\jdk-21\bin\jimage.dll
Event: 0.775 Loaded shared library C:\libraries\javafx-sdk-21.0.11\bin\javafx_font.dll

Deoptimization events (20 events):
Event: 2.702 Thread 0x000001f6aa7d1290 Uncommon trap: trap_request=0xffffffd6 fr.pc=0x000001f69df9aa4c relative=0x00000000000004cc
Event: 2.702 Thread 0x000001f6aa7d1290 Uncommon trap: reason=array_check action=maybe_recompile pc=0x000001f69df9aa4c method=com.sun.prism.impl.ps.BaseShaderContext.setTexture(ILcom/sun/prism/Texture;)V @ 50 c2
Event: 2.702 Thread 0x000001f6aa7d1290 DEOPT PACKING pc=0x000001f69df9aa4c sp=0x00000099849fd920
Event: 2.702 Thread 0x000001f6aa7d1290 DEOPT UNPACKING pc=0x000001f69d907da2 sp=0x00000099849fd8f8 mode 2
Event: 3.494 Thread 0x000001f6aa7d0570 Uncommon trap: trap_request=0xffffff45 fr.pc=0x000001f69dfa0b5c relative=0x000000000000079c
Event: 3.494 Thread 0x000001f6aa7d0570 Uncommon trap: reason=unstable_if action=reinterpret pc=0x000001f69dfa0b5c method=javafx.scene.Node.updateBounds()V @ 47 c2
Event: 3.494 Thread 0x000001f6aa7d0570 DEOPT PACKING pc=0x000001f69dfa0b5c sp=0x0000009984bfdd10
Event: 3.494 Thread 0x000001f6aa7d0570 DEOPT UNPACKING pc=0x000001f69d907da2 sp=0x0000009984bfdc60 mode 2
Event: 3.494 Thread 0x000001f6aa7d0570 Uncommon trap: trap_request=0xffffff45 fr.pc=0x000001f69dfa0b5c relative=0x000000000000079c
Event: 3.494 Thread 0x000001f6aa7d0570 Uncommon trap: reason=unstable_if action=reinterpret pc=0x000001f69dfa0b5c method=javafx.scene.Node.updateBounds()V @ 47 c2
Event: 3.494 Thread 0x000001f6aa7d0570 DEOPT PACKING pc=0x000001f69dfa0b5c sp=0x0000009984bfdd70
Event: 3.494 Thread 0x000001f6aa7d0570 DEOPT UNPACKING pc=0x000001f69d907da2 sp=0x0000009984bfdcc0 mode 2
Event: 3.494 Thread 0x000001f6aa7d0570 Uncommon trap: trap_request=0xffffff45 fr.pc=0x000001f69df9d710 relative=0x0000000000000530
Event: 3.494 Thread 0x000001f6aa7d0570 Uncommon trap: reason=unstable_if action=reinterpret pc=0x000001f69df9d710 method=javafx.scene.Node.updateBounds()V @ 47 c2
Event: 3.494 Thread 0x000001f6aa7d0570 DEOPT PACKING pc=0x000001f69df9d710 sp=0x0000009984bfdc90
Event: 3.494 Thread 0x000001f6aa7d0570 DEOPT UNPACKING pc=0x000001f69d907da2 sp=0x0000009984bfdc48 mode 2
Event: 3.494 Thread 0x000001f6aa7d0570 Uncommon trap: trap_request=0xffffff45 fr.pc=0x000001f69dfa0b5c relative=0x000000000000079c
Event: 3.494 Thread 0x000001f6aa7d0570 Uncommon trap: reason=unstable_if action=reinterpret pc=0x000001f69dfa0b5c method=javafx.scene.Node.updateBounds()V @ 47 c2
Event: 3.494 Thread 0x000001f6aa7d0570 DEOPT PACKING pc=0x000001f69dfa0b5c sp=0x0000009984bfddd0
Event: 3.494 Thread 0x000001f6aa7d0570 DEOPT UNPACKING pc=0x000001f69d907da2 sp=0x0000009984bfdd20 mode 2

Classes loaded (20 events):
Event: 2.109 Loading class java/util/EnumMap$EnumMapIterator done
Event: 2.109 Loading class java/util/EnumMap$ValueIterator done
Event: 2.129 Loading class java/nio/DirectByteBuffer$Deallocator
Event: 2.130 Loading class java/nio/DirectByteBuffer$Deallocator done
Event: 2.168 Loading class java/nio/ShortBuffer
Event: 2.169 Loading class java/nio/ShortBuffer done
Event: 2.169 Loading class java/nio/DoubleBuffer
Event: 2.170 Loading class java/nio/DoubleBuffer done
Event: 2.172 Loading class java/nio/DirectFloatBufferU
Event: 2.173 Loading class java/nio/DirectFloatBufferU done
Event: 2.238 Loading class jdk/internal/ref/CleanerImpl$InnocuousThreadFactory
Event: 2.238 Loading class jdk/internal/ref/CleanerImpl$InnocuousThreadFactory done
Event: 2.243 Loading class sun/misc/Unsafe
Event: 2.244 Loading class sun/misc/Unsafe done
Event: 2.244 Loading class java/lang/invoke/DirectMethodHandle$StaticAccessor
Event: 2.244 Loading class java/lang/invoke/DirectMethodHandle$StaticAccessor done
Event: 2.303 Loading class java/lang/FdLibm$Acos
Event: 2.304 Loading class java/lang/FdLibm$Acos done
Event: 3.471 Loading class java/io/UnsupportedEncodingException
Event: 3.472 Loading class java/io/UnsupportedEncodingException done

Classes unloaded (0 events):
No events

Classes redefined (0 events):
No events

Internal exceptions (20 events):
Event: 0.992 Thread 0x000001f6aa7d0570 Exception <a 'java/io/FileNotFoundException'{0x000000008a5bcc58}> (0x000000008a5bcc58) 
thrown [s\open\src\hotspot\share\prims\jni.cpp, line 520]
Event: 1.306 Thread 0x000001f6aa7d0570 Exception <a 'java/lang/NoSuchMethodError'{0x00000000898e14d8}: 'java.lang.Object java.lang.invoke.DirectMethodHandle$Holder.invokeInterface(java.lang.Object, java.lang.Object, java.lang.Object)'> (0x00000000898e14d8) 
thrown [s\open\src\hotspot\share\interpreter\linkResolver.cpp, line 773]
Event: 1.306 Thread 0x000001f6aa7d0570 Exception <a 'java/lang/IncompatibleClassChangeError'{0x00000000898e4b90}: Found class java.lang.Object, but interface was expected> (0x00000000898e4b90) 
thrown [s\open\src\hotspot\share\interpreter\linkResolver.cpp, line 840]
Event: 1.350 Thread 0x000001f6aa7d0570 Exception <a 'java/lang/NoSuchMethodError'{0x00000000896dbde0}: 'void java.lang.invoke.DirectMethodHandle$Holder.invokeSpecial(java.lang.Object, java.lang.Object, java.lang.Object, java.lang.Object, java.lang.Object, java.lang.Object)'> (0x00000000896dbde0) 
thrown [s\open\src\hotspot\share\interpreter\linkResolver.cpp, line 773]
Event: 1.378 Thread 0x000001f6aa7d0570 Exception <a 'java/lang/ClassNotFoundException'{0x000000008bbb5958}: com/sun/javafx/scene/control/skin/resources/controls> (0x000000008bbb5958) 
thrown [s\open\src\hotspot\share\prims\jni.cpp, line 539]
Event: 1.378 Thread 0x000001f6aa7d0570 Exception <a 'java/lang/ClassNotFoundException'{0x000000008bbfaf28}: com/sun/javafx/scene/control/skin/resources/controls_es> (0x000000008bbfaf28) 
thrown [s\open\src\hotspot\share\prims\jni.cpp, line 539]
Event: 1.379 Thread 0x000001f6aa7d0570 Exception <a 'java/lang/ClassNotFoundException'{0x000000008ba09200}: com/sun/javafx/scene/control/skin/resources/controls_es_GT> (0x000000008ba09200) 
thrown [s\open\src\hotspot\share\prims\jni.cpp, line 539]
Event: 1.404 Thread 0x000001f6aa7d0570 Exception <a 'java/lang/NoSuchMethodError'{0x000000008b9d4070}: 'int java.lang.invoke.DirectMethodHandle$Holder.invokeSpecial(java.lang.Object, java.lang.Object, int)'> (0x000000008b9d4070) 
thrown [s\open\src\hotspot\share\interpreter\linkResolver.cpp, line 773]
Event: 1.405 Thread 0x000001f6aa7d0570 Implicit null exception at 0x000001f69dedbc3a to 0x000001f69dedbebc
Event: 1.405 Thread 0x000001f6aa7d0570 Implicit null exception at 0x000001f69de7e8e6 to 0x000001f69de7e98a
Event: 1.790 Thread 0x000001f6aa7d0570 Exception <a 'java/io/FileNotFoundException'{0x000000008afad908}> (0x000000008afad908) 
thrown [s\open\src\hotspot\share\prims\jni.cpp, line 520]
Event: 1.921 Thread 0x000001f6aa7d0570 Exception <a 'java/lang/NoSuchMethodError'{0x000000008ac270e8}: 'java.lang.Object java.lang.invoke.DirectMethodHandle$Holder.newInvokeSpecial(java.lang.Object, java.lang.Object, int, int)'> (0x000000008ac270e8) 
thrown [s\open\src\hotspot\share\interpreter\linkResolver.cpp, line 773]
Event: 1.922 Thread 0x000001f6aa7d0570 Exception <a 'java/lang/NoSuchMethodError'{0x000000008ac2b018}: 'java.lang.Object java.lang.invoke.DirectMethodHandle$Holder.invokeSpecial(java.lang.Object, java.lang.Object, java.lang.Object, int, int)'> (0x000000008ac2b018) 
thrown [s\open\src\hotspot\share\interpreter\linkResolver.cpp, line 773]
Event: 1.939 Thread 0x000001f6aa7d0570 Exception <a 'java/lang/NoSuchMethodError'{0x000000008ac4e618}: 'java.lang.Object java.lang.invoke.DirectMethodHandle$Holder.newInvokeSpecial(java.lang.Object, java.lang.Object, int)'> (0x000000008ac4e618) 
thrown [s\open\src\hotspot\share\interpreter\linkResolver.cpp, line 773]
Event: 2.029 Thread 0x000001f6aa7d0570 Exception <a 'java/lang/NoSuchMethodError'{0x000000008ab6bd60}: 'long java.lang.invoke.DirectMethodHandle$Holder.invokeStatic(java.lang.Object, java.lang.Object, java.lang.Object)'> (0x000000008ab6bd60) 
thrown [s\open\src\hotspot\share\interpreter\linkResolver.cpp, line 773]
Event: 2.031 Thread 0x000001f6aa7d0570 Exception <a 'java/lang/NoSuchMethodError'{0x000000008ab6f140}: 'long java.lang.invoke.DirectMethodHandle$Holder.invokeStaticInit(java.lang.Object, java.lang.Object, java.lang.Object)'> (0x000000008ab6f140) 
thrown [s\open\src\hotspot\share\interpreter\linkResolver.cpp, line 773]
Event: 2.036 Thread 0x000001f6aa7d0570 Exception <a 'java/lang/NoSuchMethodError'{0x000000008aa0b168}: 'java.lang.Object java.lang.invoke.DirectMethodHandle$Holder.newInvokeSpecial(java.lang.Object, java.lang.Object, long)'> (0x000000008aa0b168) 
thrown [s\open\src\hotspot\share\interpreter\linkResolver.cpp, line 773]
Event: 2.036 Thread 0x000001f6aa7d0570 Exception <a 'java/lang/NoSuchMethodError'{0x000000008aa0ea30}: 'java.lang.Object java.lang.invoke.Invokers$Holder.linkToTargetMethod(java.lang.Object, long, java.lang.Object)'> (0x000000008aa0ea30) 
thrown [s\open\src\hotspot\share\interpreter\linkResolver.cpp, line 773]
Event: 2.105 Thread 0x000001f6aa7d1290 Exception <a 'java/lang/NoSuchMethodError'{0x000000008a9a43f0}: 'int java.lang.invoke.DirectMethodHandle$Holder.invokeStaticInit(java.lang.Object, java.lang.Object)'> (0x000000008a9a43f0) 
thrown [s\open\src\hotspot\share\interpreter\linkResolver.cpp, line 773]
Event: 2.301 Thread 0x000001f6aa7d1290 Exception <a 'java/lang/NoSuchMethodError'{0x000000008a43f310}: 'java.lang.Object java.lang.invoke.DirectMethodHandle$Holder.invokeStaticInit(java.lang.Object, int)'> (0x000000008a43f310) 
thrown [s\open\src\hotspot\share\interpreter\linkResolver.cpp, line 773]

ZGC Phase Switch (0 events):
No events

VM Operations (20 events):
Event: 0.978 Executing VM operation: ICBufferFull
Event: 0.978 Executing VM operation: ICBufferFull done
Event: 1.027 Executing VM operation: HandshakeAllThreads (Deoptimize)
Event: 1.027 Executing VM operation: HandshakeAllThreads (Deoptimize) done
Event: 1.347 Executing VM operation: HandshakeAllThreads (Deoptimize)
Event: 1.347 Executing VM operation: HandshakeAllThreads (Deoptimize) done
Event: 1.353 Executing VM operation: G1CollectForAllocation (G1 Evacuation Pause)
Event: 1.360 Executing VM operation: G1CollectForAllocation (G1 Evacuation Pause) done
Event: 1.383 Executing VM operation: HandshakeAllThreads (Deoptimize)
Event: 1.383 Executing VM operation: HandshakeAllThreads (Deoptimize) done
Event: 1.527 Executing VM operation: HandshakeAllThreads (Deoptimize)
Event: 1.527 Executing VM operation: HandshakeAllThreads (Deoptimize) done
Event: 1.565 Executing VM operation: ICBufferFull
Event: 1.566 Executing VM operation: ICBufferFull done
Event: 1.912 Executing VM operation: HandshakeAllThreads (Deoptimize)
Event: 1.912 Executing VM operation: HandshakeAllThreads (Deoptimize) done
Event: 2.286 Executing VM operation: ICBufferFull
Event: 2.286 Executing VM operation: ICBufferFull done
Event: 2.839 Executing VM operation: ICBufferFull
Event: 2.839 Executing VM operation: ICBufferFull done

Events (20 events):
Event: 0.070 Thread 0x000001f6aa7be390 Thread added: 0x000001f6aa7be390
Event: 0.070 Thread 0x000001f6aa7ca570 Thread added: 0x000001f6aa7ca570
Event: 0.070 Thread 0x000001f6aa7d1920 Thread added: 0x000001f6aa7d1920
Event: 0.070 Thread 0x000001f6aa7ccae0 Thread added: 0x000001f6aa7ccae0
Event: 0.070 Thread 0x000001f6aa7dc710 Thread added: 0x000001f6aa7dc710
Event: 0.133 Thread 0x000001f6aa7ce4a0 Thread added: 0x000001f6aa7ce4a0
Event: 0.206 Thread 0x000001f6aa7dc040 Thread added: 0x000001f6aa7dc040
Event: 0.242 Thread 0x000001f6aa7cf850 Thread added: 0x000001f6aa7cf850
Event: 0.395 Thread 0x000001f6aa7d1290 Thread added: 0x000001f6aa7d1290
Event: 0.443 Thread 0x000001f6aa7ceb30 Thread added: 0x000001f6aa7ceb30
Event: 0.447 Thread 0x000001f6aa7d0570 Thread added: 0x000001f6aa7d0570
Event: 0.525 Thread 0x000001f6aa7cf1c0 Thread added: 0x000001f6aa7cf1c0
Event: 0.534 Thread 0x000001f6aa7cfee0 Thread added: 0x000001f6aa7cfee0
Event: 1.297 Thread 0x000001f6aa7d0c00 Thread added: 0x000001f6aa7d0c00
Event: 1.883 Thread 0x000001f6aa7dc040 Thread exited: 0x000001f6aa7dc040
Event: 1.890 Thread 0x000001f6aa7d9090 Thread added: 0x000001f6aa7d9090
Event: 2.237 Thread 0x000001f6aa7d9090 Thread exited: 0x000001f6aa7d9090
Event: 2.239 Thread 0x000001f6f0568df0 Thread added: 0x000001f6f0568df0
Event: 3.499 Thread 0x000001f6aa7da500 Thread added: 0x000001f6aa7da500
Event: 3.743 Thread 0x000001f6aa7da500 Thread exited: 0x000001f6aa7da500


Dynamic libraries:
0x00007ff6cccf0000 - 0x00007ff6ccd00000 	C:\Program Files\Java\jdk-21\bin\java.exe
0x00007fffe72c0000 - 0x00007fffe7527000 	C:\WINDOWS\SYSTEM32\ntdll.dll
0x00007fffe50a0000 - 0x00007fffe516b000 	C:\WINDOWS\System32\KERNEL32.DLL
0x00007fffe44c0000 - 0x00007fffe48c2000 	C:\WINDOWS\System32\KERNELBASE.dll
0x00007fffe4a50000 - 0x00007fffe4b9c000 	C:\WINDOWS\System32\ucrtbase.dll
0x00007fffd0320000 - 0x00007fffd033b000 	C:\Program Files\Java\jdk-21\bin\VCRUNTIME140.dll
0x00007fffd1650000 - 0x00007fffd1669000 	C:\Program Files\Java\jdk-21\bin\jli.dll
0x00007fffe62f0000 - 0x00007fffe63ac000 	C:\WINDOWS\System32\ADVAPI32.dll
0x00007fffe6610000 - 0x00007fffe66b9000 	C:\WINDOWS\System32\msvcrt.dll
0x00007fffe66c0000 - 0x00007fffe6769000 	C:\WINDOWS\System32\sechost.dll
0x00007fffe5f50000 - 0x00007fffe6068000 	C:\WINDOWS\System32\RPCRT4.dll
0x00007fffe6770000 - 0x00007fffe693f000 	C:\WINDOWS\System32\USER32.dll
0x00007fffe4a20000 - 0x00007fffe4a47000 	C:\WINDOWS\System32\win32u.dll
0x00007fffe5f10000 - 0x00007fffe5f3b000 	C:\WINDOWS\System32\GDI32.dll
0x00007fffc7f10000 - 0x00007fffc81a0000 	C:\WINDOWS\WinSxS\amd64_microsoft.windows.common-controls_6595b64144ccf1df_6.0.26100.9278_none_3e0d1ba8e3303201\COMCTL32.dll
0x00007fffe4eb0000 - 0x00007fffe4fd9000 	C:\WINDOWS\System32\gdi32full.dll
0x00007fffe4c70000 - 0x00007fffe4d13000 	C:\WINDOWS\System32\msvcp_win.dll
0x00007fffd9b10000 - 0x00007fffd9b1b000 	C:\WINDOWS\SYSTEM32\VERSION.dll
0x00007fffe5360000 - 0x00007fffe5391000 	C:\WINDOWS\System32\IMM32.DLL
0x00007fffd02c0000 - 0x00007fffd02cc000 	C:\Program Files\Java\jdk-21\bin\vcruntime140_1.dll
0x00007fff876d0000 - 0x00007fff8775e000 	C:\Program Files\Java\jdk-21\bin\msvcp140.dll
0x00007fff04ea0000 - 0x00007fff05bbd000 	C:\Program Files\Java\jdk-21\bin\server\jvm.dll
0x00007fffe53a0000 - 0x00007fffe5420000 	C:\WINDOWS\System32\WS2_32.dll
0x00007fffe4320000 - 0x00007fffe437e000 	C:\WINDOWS\SYSTEM32\POWRPROF.dll
0x00007fffda300000 - 0x00007fffda336000 	C:\WINDOWS\SYSTEM32\WINMM.dll
0x00007fffe4300000 - 0x00007fffe4315000 	C:\WINDOWS\SYSTEM32\UMPDC.dll
0x00007fffe3190000 - 0x00007fffe31ab000 	C:\WINDOWS\SYSTEM32\kernel.appcore.dll
0x00007fffd02b0000 - 0x00007fffd02ba000 	C:\Program Files\Java\jdk-21\bin\jimage.dll
0x00007fffe1900000 - 0x00007fffe1b4c000 	C:\WINDOWS\SYSTEM32\DBGHELP.DLL
0x00007fffe6950000 - 0x00007fffe6cd5000 	C:\WINDOWS\System32\combase.dll
0x00007fffe6070000 - 0x00007fffe6149000 	C:\WINDOWS\System32\OLEAUT32.dll
0x00007fffbc5e0000 - 0x00007fffbc61b000 	C:\WINDOWS\SYSTEM32\dbgcore.DLL
0x00007fffe4bb0000 - 0x00007fffe4c5c000 	C:\WINDOWS\System32\bcryptPrimitives.dll
0x00007fffd00e0000 - 0x00007fffd00ff000 	C:\Program Files\Java\jdk-21\bin\java.dll
0x00007fffe5490000 - 0x00007fffe5c28000 	C:\WINDOWS\System32\SHELL32.dll
0x00007fffe1f00000 - 0x00007fffe27ae000 	C:\WINDOWS\SYSTEM32\windows.storage.dll
0x00007fffe5c30000 - 0x00007fffe5d2b000 	C:\WINDOWS\System32\SHCORE.dll
0x00007fffe64c0000 - 0x00007fffe6526000 	C:\WINDOWS\System32\shlwapi.dll
0x00007fffe43e0000 - 0x00007fffe4409000 	C:\WINDOWS\SYSTEM32\profapi.dll
0x00007fff74b20000 - 0x00007fff74bf7000 	C:\Program Files\Java\jdk-21\bin\jsvml.dll
0x00007fffcfdb0000 - 0x00007fffcfdc0000 	C:\Program Files\Java\jdk-21\bin\net.dll
0x00007fffdd090000 - 0x00007fffdd1ba000 	C:\WINDOWS\SYSTEM32\WINHTTP.dll
0x00007fffe3750000 - 0x00007fffe37bc000 	C:\WINDOWS\system32\mswsock.dll
0x00007fffc8990000 - 0x00007fffc89a6000 	C:\Program Files\Java\jdk-21\bin\nio.dll
0x00007fffc7530000 - 0x00007fffc7548000 	C:\Program Files\Java\jdk-21\bin\zip.dll
0x000001f68de80000 - 0x000001f68de83000 	C:\libraries\javafx-sdk-21.0.11\bin\api-ms-win-core-console-l1-1-0.dll
0x000001f68de90000 - 0x000001f68de94000 	C:\Program Files\Java\jdk-21\bin\api-ms-win-core-console-l1-2-0.dll
0x000001f6aad20000 - 0x000001f6aad23000 	C:\libraries\javafx-sdk-21.0.11\bin\api-ms-win-core-datetime-l1-1-0.dll
0x000001f6aad30000 - 0x000001f6aad33000 	C:\libraries\javafx-sdk-21.0.11\bin\api-ms-win-core-debug-l1-1-0.dll
0x000001f6aad40000 - 0x000001f6aad43000 	C:\libraries\javafx-sdk-21.0.11\bin\api-ms-win-core-errorhandling-l1-1-0.dll
0x000001f6aad50000 - 0x000001f6aad54000 	C:\libraries\javafx-sdk-21.0.11\bin\api-ms-win-core-file-l1-1-0.dll
0x000001f6aad60000 - 0x000001f6aad63000 	C:\libraries\javafx-sdk-21.0.11\bin\api-ms-win-core-file-l1-2-0.dll
0x000001f6aad70000 - 0x000001f6aad73000 	C:\libraries\javafx-sdk-21.0.11\bin\api-ms-win-core-file-l2-1-0.dll
0x000001f6aad80000 - 0x000001f6aad83000 	C:\libraries\javafx-sdk-21.0.11\bin\api-ms-win-core-handle-l1-1-0.dll
0x000001f6aad90000 - 0x000001f6aad93000 	C:\libraries\javafx-sdk-21.0.11\bin\api-ms-win-core-heap-l1-1-0.dll
0x000001f6aada0000 - 0x000001f6aada3000 	C:\libraries\javafx-sdk-21.0.11\bin\api-ms-win-core-interlocked-l1-1-0.dll
0x000001f6aadb0000 - 0x000001f6aadb3000 	C:\libraries\javafx-sdk-21.0.11\bin\api-ms-win-core-libraryloader-l1-1-0.dll
0x000001f6aadc0000 - 0x000001f6aadc3000 	C:\libraries\javafx-sdk-21.0.11\bin\api-ms-win-core-localization-l1-2-0.dll
0x000001f6aaf00000 - 0x000001f6aaf03000 	C:\libraries\javafx-sdk-21.0.11\bin\api-ms-win-core-memory-l1-1-0.dll
0x000001f6aadd0000 - 0x000001f6aadd3000 	C:\libraries\javafx-sdk-21.0.11\bin\api-ms-win-core-namedpipe-l1-1-0.dll
0x000001f6aade0000 - 0x000001f6aade3000 	C:\libraries\javafx-sdk-21.0.11\bin\api-ms-win-core-processenvironment-l1-1-0.dll
0x000001f6aadf0000 - 0x000001f6aadf3000 	C:\libraries\javafx-sdk-21.0.11\bin\api-ms-win-core-processthreads-l1-1-0.dll
0x000001f6aae00000 - 0x000001f6aae03000 	C:\libraries\javafx-sdk-21.0.11\bin\api-ms-win-core-processthreads-l1-1-1.dll
0x000001f6aae10000 - 0x000001f6aae13000 	C:\libraries\javafx-sdk-21.0.11\bin\api-ms-win-core-profile-l1-1-0.dll
0x000001f6aae20000 - 0x000001f6aae23000 	C:\libraries\javafx-sdk-21.0.11\bin\api-ms-win-core-rtlsupport-l1-1-0.dll
0x000001f6aae30000 - 0x000001f6aae33000 	C:\libraries\javafx-sdk-21.0.11\bin\api-ms-win-core-string-l1-1-0.dll
0x000001f6aae40000 - 0x000001f6aae43000 	C:\libraries\javafx-sdk-21.0.11\bin\api-ms-win-core-synch-l1-1-0.dll
0x000001f6aae50000 - 0x000001f6aae53000 	C:\libraries\javafx-sdk-21.0.11\bin\api-ms-win-core-synch-l1-2-0.dll
0x000001f6aae60000 - 0x000001f6aae63000 	C:\libraries\javafx-sdk-21.0.11\bin\api-ms-win-core-sysinfo-l1-1-0.dll
0x000001f6aae70000 - 0x000001f6aae73000 	C:\libraries\javafx-sdk-21.0.11\bin\api-ms-win-core-timezone-l1-1-0.dll
0x000001f6aae80000 - 0x000001f6aae83000 	C:\libraries\javafx-sdk-21.0.11\bin\api-ms-win-core-util-l1-1-0.dll
0x000001f6aae90000 - 0x000001f6aae93000 	C:\libraries\javafx-sdk-21.0.11\bin\api-ms-win-crt-conio-l1-1-0.dll
0x000001f6aaea0000 - 0x000001f6aaea4000 	C:\libraries\javafx-sdk-21.0.11\bin\api-ms-win-crt-convert-l1-1-0.dll
0x000001f6aaeb0000 - 0x000001f6aaeb3000 	C:\libraries\javafx-sdk-21.0.11\bin\api-ms-win-crt-environment-l1-1-0.dll
0x000001f6aaec0000 - 0x000001f6aaec3000 	C:\libraries\javafx-sdk-21.0.11\bin\api-ms-win-crt-filesystem-l1-1-0.dll
0x000001f6aaed0000 - 0x000001f6aaed3000 	C:\libraries\javafx-sdk-21.0.11\bin\api-ms-win-crt-heap-l1-1-0.dll
0x000001f6aaee0000 - 0x000001f6aaee3000 	C:\libraries\javafx-sdk-21.0.11\bin\api-ms-win-crt-locale-l1-1-0.dll
0x000001f6aaef0000 - 0x000001f6aaef5000 	C:\libraries\javafx-sdk-21.0.11\bin\api-ms-win-crt-math-l1-1-0.dll
0x000001f6aaf10000 - 0x000001f6aaf15000 	C:\libraries\javafx-sdk-21.0.11\bin\api-ms-win-crt-multibyte-l1-1-0.dll
0x000001f6aaf20000 - 0x000001f6aaf2f000 	C:\libraries\javafx-sdk-21.0.11\bin\api-ms-win-crt-private-l1-1-0.dll
0x000001f6aaf30000 - 0x000001f6aaf33000 	C:\libraries\javafx-sdk-21.0.11\bin\api-ms-win-crt-process-l1-1-0.dll
0x000001f6aaf40000 - 0x000001f6aaf44000 	C:\libraries\javafx-sdk-21.0.11\bin\api-ms-win-crt-runtime-l1-1-0.dll
0x000001f6aaf50000 - 0x000001f6aaf54000 	C:\libraries\javafx-sdk-21.0.11\bin\api-ms-win-crt-stdio-l1-1-0.dll
0x000001f6aaf60000 - 0x000001f6aaf64000 	C:\libraries\javafx-sdk-21.0.11\bin\api-ms-win-crt-string-l1-1-0.dll
0x000001f6aaf70000 - 0x000001f6aaf73000 	C:\libraries\javafx-sdk-21.0.11\bin\api-ms-win-crt-time-l1-1-0.dll
0x000001f6aaf80000 - 0x000001f6aaf83000 	C:\libraries\javafx-sdk-21.0.11\bin\api-ms-win-crt-utility-l1-1-0.dll
0x00007fff93550000 - 0x00007fff93642000 	C:\libraries\javafx-sdk-21.0.11\bin\ucrtbase.dll
0x00007fffd1590000 - 0x00007fffd15ab000 	C:\libraries\javafx-sdk-21.0.11\bin\vcruntime140.dll
0x00007fffda1a0000 - 0x00007fffda1ac000 	C:\libraries\javafx-sdk-21.0.11\bin\vcruntime140_1.dll
0x00007fffa2bd0000 - 0x00007fffa2c5e000 	C:\libraries\javafx-sdk-21.0.11\bin\msvcp140.dll
0x00007fffd1b20000 - 0x00007fffd1b29000 	C:\libraries\javafx-sdk-21.0.11\bin\msvcp140_1.dll
0x00007fffcae10000 - 0x00007fffcae51000 	C:\libraries\javafx-sdk-21.0.11\bin\msvcp140_2.dll
0x00007fffc7e30000 - 0x00007fffc7e60000 	C:\libraries\javafx-sdk-21.0.11\bin\prism_d3d.dll
0x00007fff6cba0000 - 0x00007fff6cd52000 	C:\WINDOWS\system32\d3d9.dll
0x00007fffe12d0000 - 0x00007fffe12ff000 	C:\WINDOWS\SYSTEM32\dwmapi.dll
0x00007fffe1320000 - 0x00007fffe1364000 	C:\WINDOWS\SYSTEM32\dxcore.dll
0x00007fffe1050000 - 0x00007fffe10f8000 	C:\WINDOWS\system32\uxtheme.dll
0x00007fff89a90000 - 0x00007fff89d2f000 	C:\WINDOWS\System32\DriverStore\FileRepository\iigd_dch.inf_amd64_54fa1eb33ed01e60\igdumdim64.dll
0x00007fffe51c0000 - 0x00007fffe535a000 	C:\WINDOWS\System32\ole32.dll
0x00007fff3b660000 - 0x00007fff3cdcb000 	C:\WINDOWS\System32\DriverStore\FileRepository\iigd_dch.inf_amd64_54fa1eb33ed01e60\igd9dxva64.dll
0x00007fffe6ce0000 - 0x00007fffe7167000 	C:\WINDOWS\System32\SETUPAPI.dll
0x00007fffe3fe0000 - 0x00007fffe4032000 	C:\WINDOWS\SYSTEM32\cfgmgr32.dll
0x00007fffcb0e0000 - 0x00007fffcd1b3000 	C:\WINDOWS\System32\DriverStore\FileRepository\iigd_dch.inf_amd64_54fa1eb33ed01e60\media_bin_64.dll
0x00007fffd9560000 - 0x00007fffd9b0b000 	C:\WINDOWS\System32\DriverStore\FileRepository\iigd_dch.inf_amd64_54fa1eb33ed01e60\igdgmm64.dll
0x00007fffdc5a0000 - 0x00007fffdc5fe000 	C:\WINDOWS\SYSTEM32\directxdatabasehelper.dll
0x00007fffaaad0000 - 0x00007fffaab12000 	C:\libraries\javafx-sdk-21.0.11\bin\glass.dll
0x00007fffe63c0000 - 0x00007fffe64b5000 	C:\WINDOWS\System32\COMDLG32.dll
0x00007fffe6190000 - 0x00007fffe62eb000 	C:\WINDOWS\System32\MSCTF.dll
0x00007fffcb0b0000 - 0x00007fffcb0d8000 	C:\WINDOWS\System32\DriverStore\FileRepository\iigd_dch.inf_amd64_54fa1eb33ed01e60\igdinfo64.dll
0x00007fffd42a0000 - 0x00007fffd9554000 	C:\WINDOWS\System32\DriverStore\FileRepository\iigd_dch.inf_amd64_54fa1eb33ed01e60\igc64.dll
0x00007fffd0700000 - 0x00007fffd0715000 	C:\libraries\javafx-sdk-21.0.11\bin\javafx_font.dll
0x00007fffdf930000 - 0x00007fffdfb9a000 	C:\WINDOWS\SYSTEM32\dwrite.dll
0x00007fffe4fe0000 - 0x00007fffe508e000 	C:\WINDOWS\System32\clbcatq.dll
0x00007fffdee30000 - 0x00007fffdf068000 	C:\WINDOWS\SYSTEM32\WindowsCodecs.dll
0x00007fffbcf40000 - 0x00007fffbcf9c000 	C:\WINDOWS\system32\dataexchange.dll
0x00007fffd3650000 - 0x00007fffd38a0000 	C:\WINDOWS\system32\twinapi.appcore.dll
0x00007fffbac40000 - 0x00007fffbac6c000 	C:\Program Files\Common Files\Microsoft Shared\Ink\rtscom.dll
0x00007fffb9390000 - 0x00007fffb948b000 	C:\WINDOWS\SYSTEM32\TextShaping.dll
0x00007fffca5f0000 - 0x00007fffca732000 	C:\WINDOWS\SYSTEM32\textinputframework.dll
0x00007fffe0900000 - 0x00007fffe0a2b000 	C:\WINDOWS\SYSTEM32\CoreMessaging.dll
0x00007fffdbd80000 - 0x00007fffdc064000 	C:\WINDOWS\SYSTEM32\CoreUIComponents.dll
0x00007fffddd20000 - 0x00007fffdde8a000 	C:\WINDOWS\SYSTEM32\wintypes.dll
0x00007fffe3a60000 - 0x00007fffe3a6c000 	C:\WINDOWS\SYSTEM32\CRYPTBASE.DLL

dbghelp: loaded successfully - version: 4.0.5 - missing functions: none
symbol engine: initialized successfully - sym options: 0x614 - pdb path: .;C:\Program Files\Java\jdk-21\bin;C:\WINDOWS\SYSTEM32;C:\WINDOWS\WinSxS\amd64_microsoft.windows.common-controls_6595b64144ccf1df_6.0.26100.9278_none_3e0d1ba8e3303201;C:\Program Files\Java\jdk-21\bin\server;C:\libraries\javafx-sdk-21.0.11\bin;C:\WINDOWS\System32\DriverStore\FileRepository\iigd_dch.inf_amd64_54fa1eb33ed01e60;C:\Program Files\Common Files\Microsoft Shared\Ink

VM Arguments:
jvm_args: -Dfile.encoding=UTF-8 --module-path=C:\libraries\javafx-sdk-21.0.11\lib --add-modules=javafx.controls,javafx.fxml 
java_command: cc.cmartin.system.Main
java_class_path (initial): C:\libraries\javafx-sdk-21.0.11\lib\javafx-swt.jar;C:\libraries\javafx-sdk-21.0.11\lib\javafx.base.jar;C:\libraries\javafx-sdk-21.0.11\lib\javafx.controls.jar;C:\libraries\javafx-sdk-21.0.11\lib\javafx.fxml.jar;C:\libraries\javafx-sdk-21.0.11\lib\javafx.graphics.jar;C:\libraries\javafx-sdk-21.0.11\lib\javafx.media.jar;C:\libraries\javafx-sdk-21.0.11\lib\javafx.swing.jar;C:\libraries\javafx-sdk-21.0.11\lib\javafx.web.jar;C:\Users\H18Y1\OneDrive\Escritorio\Aljamia-Ah\build\classes
Launcher Type: SUN_STANDARD

[Global flags]
     intx CICompilerCount                          = 4                                         {product} {ergonomic}
     uint ConcGCThreads                            = 2                                         {product} {ergonomic}
     uint G1ConcRefinementThreads                  = 8                                         {product} {ergonomic}
   size_t G1HeapRegionSize                         = 1048576                                   {product} {ergonomic}
    uintx GCDrainStackTargetSize                   = 64                                        {product} {ergonomic}
   size_t InitialHeapSize                          = 130023424                                 {product} {ergonomic}
   size_t MarkStackSize                            = 4194304                                   {product} {ergonomic}
   size_t MaxHeapSize                              = 2080374784                                {product} {ergonomic}
   size_t MaxNewSize                               = 1247805440                                {product} {ergonomic}
   size_t MinHeapDeltaBytes                        = 1048576                                   {product} {ergonomic}
   size_t MinHeapSize                              = 8388608                                   {product} {ergonomic}
    uintx NonNMethodCodeHeapSize                   = 5839372                                {pd product} {ergonomic}
    uintx NonProfiledCodeHeapSize                  = 122909434                              {pd product} {ergonomic}
    uintx ProfiledCodeHeapSize                     = 122909434                              {pd product} {ergonomic}
    uintx ReservedCodeCacheSize                    = 251658240                              {pd product} {ergonomic}
     bool SegmentedCodeCache                       = true                                      {product} {ergonomic}
   size_t SoftMaxHeapSize                          = 2080374784                             {manageable} {ergonomic}
     bool UseCompressedOops                        = true                           {product lp64_product} {ergonomic}
     bool UseG1GC                                  = true                                      {product} {ergonomic}
     bool UseLargePagesIndividualAllocation        = false                                  {pd product} {ergonomic}

Logging:
Log output configuration:
 #0: stdout all=warning uptime,level,tags foldmultilines=false
 #1: stderr all=off uptime,level,tags foldmultilines=false

Environment Variables:
PATH=C:\Program Files\Common Files\Oracle\Java\javapath;C:\WINDOWS\system32;C:\WINDOWS;C:\WINDOWS\System32\Wbem;C:\WINDOWS\System32\WindowsPowerShell\v1.0\;C:\WINDOWS\System32\OpenSSH\;C:\Program Files\dotnet\;C:\Program Files\Git\cmd;C:\Program Files\GitHub CLI\;C:\Program Files\MySQL\MySQL Shell 8.0\bin\;C:\Users\H18Y1\AppData\Local\Microsoft\WindowsApps;C:\Users\H18Y1\AppData\Local\Microsoft\WinGet\Packages\Fastfetch-cli.Fastfetch_Microsoft.Winget.Source_8wekyb3d8bbwe;C:\Users\H18Y1\AppData\Local\Programs\Microsoft VS Code\bin;C:\Users\H18Y1\AppData\Local\Microsoft\WinGet\Packages\Gyan.FFmpeg_Microsoft.Winget.Source_8wekyb3d8bbwe\ffmpeg-9.0.1-full_build\bin;
USERNAME=H18Y1
OS=Windows_NT
PROCESSOR_IDENTIFIER=Intel64 Family 6 Model 140 Stepping 1, GenuineIntel
TMP=C:\Users\H18Y1\AppData\Local\Temp
TEMP=C:\Users\H18Y1\AppData\Local\Temp




Periodic native trim disabled

---------------  S Y S T E M  ---------------

OS:
 Windows 11 , 64 bit Build 26100 (10.0.26100.9444)
OS uptime: 18 days 0:09 hours
Hyper-V role detected

CPU: total 8 (initial active 8) (4 cores per cpu, 2 threads per core) family 6 model 140 stepping 1 microcode 0xbe, cx8, cmov, fxsr, ht, mmx, 3dnowpref, sse, sse2, sse3, ssse3, sse4.1, sse4.2, popcnt, lzcnt, tsc, tscinvbit, avx, avx2, aes, erms, clmul, bmi1, bmi2, adx, avx512f, avx512dq, avx512cd, avx512bw, avx512vl, sha, fma, vzeroupper, avx512_vpopcntdq, avx512_vpclmulqdq, avx512_vaes, avx512_vnni, clflush, clflushopt, clwb, avx512_vbmi2, avx512_vbmi, hv, rdtscp, rdpid, fsrm, gfni, avx512_bitalg, f16c, cet_ibt, cet_ss, avx512_ifma
Processor Information for all 8 processors :
  Max Mhz: 2419, Current Mhz: 2419, Mhz Limit: 2419

Memory: 4k page, system-wide physical 7934M (496M free)
TotalPageFile size 32510M (AvailPageFile size 4M)
current process WorkingSet (physical memory assigned to process): 246M, peak: 250M
current process commit charge ("private bytes"): 356M, peak: 357M

vm_info: Java HotSpot(TM) 64-Bit Server VM (21.0.9+7-LTS-338) for windows-amd64 JRE (21.0.9+7-LTS-338), built on 2025-09-26T06:33:49Z by "mach5run" with MS VC++ 17.6 (VS2022)

END.
